Archive member included to satisfy reference by file (symbol)

external/rtt/librtt_nrf52840_xxAA.a(SEGGER_RTT.c.obj)
                              examples/experimental_dimming/dimming_server/CMakeFiles/light_switch_dimming_server_nrf52840_xxAA_s140_6.1.0.dir/__/__/__/mesh/core/src/log.c.obj (SEGGER_RTT_Write)
external/rtt/librtt_nrf52840_xxAA.a(SEGGER_RTT_printf.c.obj)
                              examples/experimental_dimming/dimming_server/CMakeFiles/light_switch_dimming_server_nrf52840_xxAA_s140_6.1.0.dir/__/__/__/mesh/core/src/log.c.obj (SEGGER_RTT_vprintf)
external/micro-ecc/libuECC_nrf52840_xxAA.a(uECC.c.obj)
                              examples/experimental_dimming/dimming_server/CMakeFiles/light_switch_dimming_server_nrf52840_xxAA_s140_6.1.0.dir/__/__/__/mesh/prov/src/prov_utils.c.obj (uECC_secp256r1)
c:/mesh/arm_gcc/bin/../lib/gcc/arm-none-eabi/6.3.1/thumb/v7e-m/fpv4-sp/hard\libgcc.a(_aeabi_ldivmod.o)
                              examples/experimental_dimming/dimming_server/CMakeFiles/light_switch_dimming_server_nrf52840_xxAA_s140_6.1.0.dir/__/__/common/src/app_level.c.obj (__aeabi_ldivmod)
c:/mesh/arm_gcc/bin/../lib/gcc/arm-none-eabi/6.3.1/thumb/v7e-m/fpv4-sp/hard\libgcc.a(_aeabi_uldivmod.o)
                              examples/experimental_dimming/dimming_server/CMakeFiles/light_switch_dimming_server_nrf52840_xxAA_s140_6.1.0.dir/__/__/common/src/app_level.c.obj (__aeabi_uldivmod)
c:/mesh/arm_gcc/bin/../lib/gcc/arm-none-eabi/6.3.1/thumb/v7e-m/fpv4-sp/hard\libgcc.a(_udivmoddi4.o)
                              c:/mesh/arm_gcc/bin/../lib/gcc/arm-none-eabi/6.3.1/thumb/v7e-m/fpv4-sp/hard\libgcc.a(_aeabi_ldivmod.o) (__udivmoddi4)
c:/mesh/arm_gcc/bin/../lib/gcc/arm-none-eabi/6.3.1/thumb/v7e-m/fpv4-sp/hard\libgcc.a(_dvmd_tls.o)
                              c:/mesh/arm_gcc/bin/../lib/gcc/arm-none-eabi/6.3.1/thumb/v7e-m/fpv4-sp/hard\libgcc.a(_aeabi_ldivmod.o) (__aeabi_ldiv0)
c:/mesh/arm_gcc/bin/../lib/gcc/arm-none-eabi/6.3.1/../../../../arm-none-eabi/lib/thumb/v7e-m/fpv4-sp/hard\libg_nano.a(lib_a-abs.o)
                              examples/experimental_dimming/dimming_server/CMakeFiles/light_switch_dimming_server_nrf52840_xxAA_s140_6.1.0.dir/__/__/common/src/app_level.c.obj (abs)
c:/mesh/arm_gcc/bin/../lib/gcc/arm-none-eabi/6.3.1/../../../../arm-none-eabi/lib/thumb/v7e-m/fpv4-sp/hard\libg_nano.a(lib_a-calloc.o)
                              examples/experimental_dimming/dimming_server/CMakeFiles/light_switch_dimming_server_nrf52840_xxAA_s140_6.1.0.dir/__/__/__/mesh/core/src/mesh_mem_stdlib.c.obj (calloc)
c:/mesh/arm_gcc/bin/../lib/gcc/arm-none-eabi/6.3.1/../../../../arm-none-eabi/lib/thumb/v7e-m/fpv4-sp/hard\libg_nano.a(lib_a-exit.o)
                              c:/mesh/arm_gcc/bin/../lib/gcc/arm-none-eabi/6.3.1/../../../../arm-none-eabi/lib/thumb/v7e-m/fpv4-sp/hard/crt0.o (exit)
c:/mesh/arm_gcc/bin/../lib/gcc/arm-none-eabi/6.3.1/../../../../arm-none-eabi/lib/thumb/v7e-m/fpv4-sp/hard\libg_nano.a(lib_a-impure.o)
                              c:/mesh/arm_gcc/bin/../lib/gcc/arm-none-eabi/6.3.1/../../../../arm-none-eabi/lib/thumb/v7e-m/fpv4-sp/hard\libg_nano.a(lib_a-exit.o) (_global_impure_ptr)
c:/mesh/arm_gcc/bin/../lib/gcc/arm-none-eabi/6.3.1/../../../../arm-none-eabi/lib/thumb/v7e-m/fpv4-sp/hard\libg_nano.a(lib_a-init.o)
                              c:/mesh/arm_gcc/bin/../lib/gcc/arm-none-eabi/6.3.1/../../../../arm-none-eabi/lib/thumb/v7e-m/fpv4-sp/hard/crt0.o (__libc_init_array)
c:/mesh/arm_gcc/bin/../lib/gcc/arm-none-eabi/6.3.1/../../../../arm-none-eabi/lib/thumb/v7e-m/fpv4-sp/hard\libg_nano.a(lib_a-malloc.o)
                              examples/experimental_dimming/dimming_server/CMakeFiles/light_switch_dimming_server_nrf52840_xxAA_s140_6.1.0.dir/__/__/__/mesh/core/src/mesh_mem_stdlib.c.obj (malloc)
c:/mesh/arm_gcc/bin/../lib/gcc/arm-none-eabi/6.3.1/../../../../arm-none-eabi/lib/thumb/v7e-m/fpv4-sp/hard\libg_nano.a(lib_a-memcmp.o)
                              examples/experimental_dimming/dimming_server/CMakeFiles/light_switch_dimming_server_nrf52840_xxAA_s140_6.1.0.dir/C_/mesh/deps/nRF5_SDK_15.2.0_9412b96/components/ble/common/ble_advdata.c.obj (memcmp)
c:/mesh/arm_gcc/bin/../lib/gcc/arm-none-eabi/6.3.1/../../../../arm-none-eabi/lib/thumb/v7e-m/fpv4-sp/hard\libg_nano.a(lib_a-memcpy-stub.o)
                              examples/experimental_dimming/dimming_server/CMakeFiles/light_switch_dimming_server_nrf52840_xxAA_s140_6.1.0.dir/__/__/common/src/mesh_app_utils.c.obj (memcpy)
c:/mesh/arm_gcc/bin/../lib/gcc/arm-none-eabi/6.3.1/../../../../arm-none-eabi/lib/thumb/v7e-m/fpv4-sp/hard\libg_nano.a(lib_a-memset.o)
                              c:/mesh/arm_gcc/bin/../lib/gcc/arm-none-eabi/6.3.1/../../../../arm-none-eabi/lib/thumb/v7e-m/fpv4-sp/hard/crt0.o (memset)
c:/mesh/arm_gcc/bin/../lib/gcc/arm-none-eabi/6.3.1/../../../../arm-none-eabi/lib/thumb/v7e-m/fpv4-sp/hard\libg_nano.a(lib_a-nano-callocr.o)
[...]
Memory Configuration

Name             Origin             Length             Attributes
FLASH            0x00026000         0x000d1000         xr
RAM              0x20002da0         0x0003cf60         xrw
*default*        0x00000000         0xffffffff

Linker script and memory map


.text           0x00026000    0x1950c
 *(.isr_vector)
 .isr_vector    0x00026000      0x200 examples/experimental_dimming/dimming_server/CMakeFiles/light_switch_dimming_server_nrf52840_xxAA_s140_6.1.0.dir/C_/mesh/deps/nRF5_SDK_15.2.0_9412b96/modules/nrfx/mdk/gcc_startup_nrf52840.S.obj
                0x00026000                __isr_vector
 *(.text*)
 .text          0x00026200       0x6c c:/mesh/arm_gcc/bin/../lib/gcc/arm-none-eabi/6.3.1/thumb/v7e-m/fpv4-sp/hard/crtbegin.o
 .text          0x0002626c       0x74 c:/mesh/arm_gcc/bin/../lib/gcc/arm-none-eabi/6.3.1/../../../../arm-none-eabi/lib/thumb/v7e-m/fpv4-sp/hard/crt0.o
                0x0002626c                _start
                0x0002626c                _mainCRTStartup
 .text.sd_app_evt_wait
                0x000262e0        0x4 examples/experimental_dimming/dimming_server/CMakeFiles/light_switch_dimming_server_nrf52840_xxAA_s140_6.1.0.dir/src/main.c.obj
 .text.app_level_server_get_cb
                0x000262e4        0xc examples/experimental_dimming/dimming_server/CMakeFiles/light_switch_dimming_server_nrf52840_xxAA_s140_6.1.0.dir/src/main.c.obj
 .text.models_init_cb
                0x000262f0       0x80 examples/experimental_dimming/dimming_server/CMakeFiles/light_switch_dimming_server_nrf52840_xxAA_s140_6.1.0.dir/src/main.c.obj
 .text.node_reset
                0x00026370       0x68 examples/experimental_dimming/dimming_server/CMakeFiles/light_switch_dimming_server_nrf52840_xxAA_s140_6.1.0.dir/src/main.c.obj
 .text.config_server_evt_cb
                0x000263d8        0xc examples/experimental_dimming/dimming_server/CMakeFiles/light_switch_dimming_server_nrf52840_xxAA_s140_6.1.0.dir/src/main.c.obj
 .text.start    0x000263e4       0xf8 examples/experimental_dimming/dimming_server/CMakeFiles/light_switch_dimming_server_nrf52840_xxAA_s140_6.1.0.dir/src/main.c.obj
 .text.provisioning_complete_cb
                0x000264dc       0xc4 examples/experimental_dimming/dimming_server/CMakeFiles/light_switch_dimming_server_nrf52840_xxAA_s140_6.1.0.dir/src/main.c.obj
 .text.app_rtt_input_handler
                0x000265a0      0x210 examples/experimental_dimming/dimming_server/CMakeFiles/light_switch_dimming_server_nrf52840_xxAA_s140_6.1.0.dir/src/main.c.obj
 .text.app_level_server_set_cb
                0x000267b0       0x2c examples/experimental_dimming/dimming_server/CMakeFiles/light_switch_dimming_server_nrf52840_xxAA_s140_6.1.0.dir/src/main.c.obj
 .text.startup.main
                0x000267dc      0x174 examples/experimental_dimming/dimming_server/CMakeFiles/light_switch_dimming_server_nrf52840_xxAA_s140_6.1.0.dir/src/main.c.obj
                0x000267dc                main
 .text.app_level_fsm_action
                0x00026950       0x10 examples/experimental_dimming/dimming_server/CMakeFiles/light_switch_dimming_server_nrf52840_xxAA_s140_6.1.0.dir/__/__/common/src/app_level.c.obj
 .text.app_level_fsm_guard
                0x00026960       0x10 examples/experimental_dimming/dimming_server/CMakeFiles/light_switch_dimming_server_nrf52840_xxAA_s140_6.1.0.dir/__/__/common/src/app_level.c.obj
 .text.g_set_delay
                0x00026970        0xa examples/experimental_dimming/dimming_server/CMakeFiles/light_switch_dimming_server_nrf52840_xxAA_s140_6.1.0.dir/__/__/common/src/app_level.c.obj
 .text.a_transition_complete
                0x0002697a       0x36 examples/experimental_dimming/dimming_server/CMakeFiles/light_switch_dimming_server_nrf52840_xxAA_s140_6.1.0.dir/__/__/common/src/app_level.c.obj
 .text.g_transition_complete
                0x000269b0       0x3c examples/experimental_dimming/dimming_server/CMakeFiles/light_switch_dimming_server_nrf52840_xxAA_s140_6.1.0.dir/__/__/common/src/app_level.c.obj
 .text.a_transition_tick
                0x000269ec      0x114 examples/experimental_dimming/dimming_server/CMakeFiles/light_switch_dimming_server_nrf52840_xxAA_s140_6.1.0.dir/__/__/common/src/app_level.c.obj
 .text.generic_level_state_get_cb
                0x00026b00       0xd8 examples/experimental_dimming/dimming_server/CMakeFiles/light_switch_dimming_server_nrf52840_xxAA_s140_6.1.0.dir/__/__/common/src/app_level.c.obj
 .text.a_transition_start
                0x00026bd8      0x1d0 examples/experimental_dimming/dimming_server/CMakeFiles/light_switch_dimming_server_nrf52840_xxAA_s140_6.1.0.dir/__/__/common/src/app_level.c.obj
 .text.level_state_timer_cb
                0x00026da8        0xa examples/experimental_dimming/dimming_server/CMakeFiles/light_switch_dimming_server_nrf52840_xxAA_s140_6.1.0.dir/__/__/common/src/app_level.c.obj
 *fill*         0x00026db2        0x2 
 .text.generic_level_state_move_set_cb
                0x00026db4       0xf0 examples/experimental_dimming/dimming_server/CMakeFiles/light_switch_dimming_server_nrf52840_xxAA_s140_6.1.0.dir/__/__/common/src/app_level.c.obj
 .text.generic_level_state_set_cb
                0x00026ea4       0xd0 examples/experimental_dimming/dimming_server/CMakeFiles/light_switch_dimming_server_nrf52840_xxAA_s140_6.1.0.dir/__/__/common/src/app_level.c.obj
 .text.generic_level_state_delta_set_cb
                0x00026f74      0x1a8 examples/experimental_dimming/dimming_server/CMakeFiles/light_switch_dimming_server_nrf52840_xxAA_s140_6.1.0.dir/__/__/common/src/app_level.c.obj
 .text.g_set_transition
                0x0002711c       0x3c examples/experimental_dimming/dimming_server/CMakeFiles/light_switch_dimming_server_nrf52840_xxAA_s140_6.1.0.dir/__/__/common/src/app_level.c.obj
 .text.a_delay_start
                0x00027158       0x94 examples/experimental_dimming/dimming_server/CMakeFiles/light_switch_dimming_server_nrf52840_xxAA_s140_6.1.0.dir/__/__/common/src/app_level.c.obj
 .text.app_level_current_value_publish
                0x000271ec       0x38 examples/experimental_dimming/dimming_server/CMakeFiles/light_switch_dimming_server_nrf52840_xxAA_s140_6.1.0.dir/__/__/common/src/app_level.c.obj
                0x000271ec                app_level_current_value_publish
 .text.app_level_init
                0x00027224       0x44 examples/experimental_dimming/dimming_server/CMakeFiles/light_switch_dimming_server_nrf52840_xxAA_s140_6.1.0.dir/__/__/common/src/app_level.c.obj
                0x00027224                app_level_init
 .text.mesh_evt_handler
                0x00027268        0xe examples/experimental_dimming/dimming_server/CMakeFiles/light_switch_dimming_server_nrf52840_xxAA_s140_6.1.0.dir/__/__/__/mesh/stack/src/mesh_stack.c.obj
 .text.mesh_stack_provisioning_data_store
                0x00027276       0x6c examples/experimental_dimming/dimming_server/CMakeFiles/light_switch_dimming_server_nrf52840_xxAA_s140_6.1.0.dir/__/__/__/mesh/stack/src/mesh_stack.c.obj
                0x00027276                mesh_stack_provisioning_data_store
 .text.mesh_stack_config_clear
                0x000272e2       0x12 examples/experimental_dimming/dimming_server/CMakeFiles/light_switch_dimming_server_nrf52840_xxAA_s140_6.1.0.dir/__/__/__/mesh/stack/src/mesh_stack.c.obj
                0x000272e2                mesh_stack_config_clear
 .text.mesh_stack_is_device_provisioned
                0x000272f4       0x18 examples/experimental_dimming/dimming_server/CMakeFiles/light_switch_dimming_server_nrf52840_xxAA_s140_6.1.0.dir/__/__/__/mesh/stack/src/mesh_stack.c.obj
                0x000272f4                mesh_stack_is_device_provisioned
 .text.mesh_stack_init
                0x0002730c       0x6c examples/experimental_dimming/dimming_server/CMakeFiles/light_switch_dimming_server_nrf52840_xxAA_s140_6.1.0.dir/__/__/__/mesh/stack/src/mesh_stack.c.obj
                0x0002730c                mesh_stack_init
 .text.mesh_stack_start
                0x00027378       0x1a examples/experimental_dimming/dimming_server/CMakeFiles/light_switch_dimming_server_nrf52840_xxAA_s140_6.1.0.dir/__/__/__/mesh/stack/src/mesh_stack.c.obj
                0x00027378                mesh_stack_start
 *fill*         0x00027392        0x2 
 .text.mesh_stack_device_reset
                0x00027394       0x20 examples/experimental_dimming/dimming_server/CMakeFiles/light_switch_dimming_server_nrf52840_xxAA_s140_6.1.0.dir/__/__/__/mesh/stack/src/mesh_stack.c.obj
                0x00027394                mesh_stack_device_reset
 .text.provisionee_start
                0x000273b4       0x18 examples/experimental_dimming/dimming_server/CMakeFiles/light_switch_dimming_server_nrf52840_xxAA_s140_6.1.0.dir/__/__/common/src/mesh_provisionee.c.obj
 .text.prov_evt_handler
                0x000273cc       0xbc examples/experimental_dimming/dimming_server/CMakeFiles/light_switch_dimming_server_nrf52840_xxAA_s140_6.1.0.dir/__/__/common/src/mesh_provisionee.c.obj
 .text.sd_state_evt_handler
                0x00027488       0xa8 examples/experimental_dimming/dimming_server/CMakeFiles/light_switch_dimming_server_nrf52840_xxAA_s140_6.1.0.dir/__/__/common/src/mesh_provisionee.c.obj
 .text.mesh_evt_handler
                0x00027530       0x2c examples/experimental_dimming/dimming_server/CMakeFiles/light_switch_dimming_server_nrf52840_xxAA_s140_6.1.0.dir/__/__/common/src/mesh_provisionee.c.obj
 .text.mesh_provisionee_prov_start
                0x0002755c       0x9c examples/experimental_dimming/dimming_server/CMakeFiles/light_switch_dimming_server_nrf52840_xxAA_s140_6.1.0.dir/__/__/common/src/mesh_provisionee.c.obj
                0x0002755c                mesh_provisionee_prov_start
 .text.timeout_handler
                0x000275f8       0x1c examples/experimental_dimming/dimming_server/CMakeFiles/light_switch_dimming_server_nrf52840_xxAA_s140_6.1.0.dir/__/__/common/src/rtt_input.c.obj
                0x000275f8                timeout_handler
 .text.rtt_input_enable
                0x00027614       0x6c examples/experimental_dimming/dimming_server/CMakeFiles/light_switch_dimming_server_nrf52840_xxAA_s140_6.1.0.dir/__/__/common/src/rtt_input.c.obj
                0x00027614                rtt_input_enable
 .text.mesh_app_uuid_gen
                0x00027680       0x30 examples/experimental_dimming/dimming_server/CMakeFiles/light_switch_dimming_server_nrf52840_xxAA_s140_6.1.0.dir/__/__/common/src/mesh_app_utils.c.obj
                0x00027680                mesh_app_uuid_gen
 .text.pwm_dealloc
                0x000276b0       0x58 examples/experimental_dimming/dimming_server/CMakeFiles/light_switch_dimming_server_nrf52840_xxAA_s140_6.1.0.dir/C_/mesh/deps/nRF5_SDK_15.2.0_9412b96/components/libraries/pwm/app_pwm.c.obj
 .text.pwm_ready_tick
                0x00027708       0x5c examples/experimental_dimming/dimming_server/CMakeFiles/light_switch_dimming_server_nrf52840_xxAA_s140_6.1.0.dir/C_/mesh/deps/nRF5_SDK_15.2.0_9412b96/components/libraries/pwm/app_pwm.c.obj
                0x00027708                pwm_ready_tick
 .text.app_pwm_busy_check
                0x00027764       0x3c examples/experimental_dimming/dimming_server/CMakeFiles/light_switch_dimming_server_nrf52840_xxAA_s140_6.1.0.dir/C_/mesh/deps/nRF5_SDK_15.2.0_9412b96/components/libraries/pwm/app_pwm.c.obj
                0x00027764                app_pwm_busy_check
 .text.app_pwm_channel_duty_ticks_set
                0x000277a0      0x164 examples/experimental_dimming/dimming_server/CMakeFiles/light_switch_dimming_server_nrf52840_xxAA_s140_6.1.0.dir/C_/mesh/deps/nRF5_SDK_15.2.0_9412b96/components/libraries/pwm/app_pwm.c.obj
                0x000277a0                app_pwm_channel_duty_ticks_set
 .text.app_pwm_channel_duty_ticks_get
                0x00027904        0xc examples/experimental_dimming/dimming_server/CMakeFiles/light_switch_dimming_server_nrf52840_xxAA_s140_6.1.0.dir/C_/mesh/deps/nRF5_SDK_15.2.0_9412b96/components/libraries/pwm/app_pwm.c.obj
                0x00027904                app_pwm_channel_duty_ticks_get
 .text.app_pwm_cycle_ticks_get
                0x00027910        0x6 examples/experimental_dimming/dimming_server/CMakeFiles/light_switch_dimming_server_nrf52840_xxAA_s140_6.1.0.dir/C_/mesh/deps/nRF5_SDK_15.2.0_9412b96/components/libraries/pwm/app_pwm.c.obj
                0x00027910                app_pwm_cycle_ticks_get
 *fill*         0x00027916        0x2 
 .text.app_pwm_init
                0x00027918      0x2a0 examples/experimental_dimming/dimming_server/CMakeFiles/light_switch_dimming_server_nrf52840_xxAA_s140_6.1.0.dir/C_/mesh/deps/nRF5_SDK_15.2.0_9412b96/components/libraries/pwm/app_pwm.c.obj
                0x00027918                app_pwm_init
 .text.app_pwm_enable
                0x00027bb8       0x74 examples/experimental_dimming/dimming_server/CMakeFiles/light_switch_dimming_server_nrf52840_xxAA_s140_6.1.0.dir/C_/mesh/deps/nRF5_SDK_15.2.0_9412b96/components/libraries/pwm/app_pwm.c.obj
                0x00027bb8                app_pwm_enable
 .text.nrfx_timer_init
                0x00027c2c       0xe8 examples/experimental_dimming/dimming_server/CMakeFiles/light_switch_dimming_server_nrf52840_xxAA_s140_6.1.0.dir/C_/mesh/deps/nRF5_SDK_15.2.0_9412b96/modules/nrfx/drivers/src/nrfx_timer.c.obj
                0x00027c2c                nrfx_timer_init
 .text.nrfx_timer_enable
                0x00027d14       0x1c examples/experimental_dimming/dimming_server/CMakeFiles/light_switch_dimming_server_nrf52840_xxAA_s140_6.1.0.dir/C_/mesh/deps/nRF5_SDK_15.2.0_9412b96/modules/nrfx/drivers/src/nrfx_timer.c.obj
                0x00027d14                nrfx_timer_enable
 .text.nrfx_timer_disable
                0x00027d30       0x18 examples/experimental_dimming/dimming_server/CMakeFiles/light_switch_dimming_server_nrf52840_xxAA_s140_6.1.0.dir/C_/mesh/deps/nRF5_SDK_15.2.0_9412b96/modules/nrfx/drivers/src/nrfx_timer.c.obj
                0x00027d30                nrfx_timer_disable
 .text.nrfx_timer_uninit
                0x00027d48       0x50 examples/experimental_dimming/dimming_server/CMakeFiles/light_switch_dimming_server_nrf52840_xxAA_s140_6.1.0.dir/C_/mesh/deps/nRF5_SDK_15.2.0_9412b96/modules/nrfx/drivers/src/nrfx_timer.c.obj
                0x00027d48                nrfx_timer_uninit
 .text.nrfx_timer_clear
                0x00027d98        0x8 examples/experimental_dimming/dimming_server/CMakeFiles/light_switch_dimming_server_nrf52840_xxAA_s140_6.1.0.dir/C_/mesh/deps/nRF5_SDK_15.2.0_9412b96/modules/nrfx/drivers/src/nrfx_timer.c.obj
                0x00027d98                nrfx_timer_clear
 .text.nrfx_timer_compare
                0x00027da0       0x36 examples/experimental_dimming/dimming_server/CMakeFiles/light_switch_dimming_server_nrf52840_xxAA_s140_6.1.0.dir/C_/mesh/deps/nRF5_SDK_15.2.0_9412b96/modules/nrfx/drivers/src/nrfx_timer.c.obj
                0x00027da0                nrfx_timer_compare
 .text.nrfx_timer_extended_compare
                0x00027dd6       0x30 examples/experimental_dimming/dimming_server/CMakeFiles/light_switch_dimming_server_nrf52840_xxAA_s140_6.1.0.dir/C_/mesh/deps/nRF5_SDK_15.2.0_9412b96/modules/nrfx/drivers/src/nrfx_timer.c.obj
                0x00027dd6                nrfx_timer_extended_compare
 .text.nrfx_timer_compare_int_enable
                0x00027e06       0x28 examples/experimental_dimming/dimming_server/CMakeFiles/light_switch_dimming_server_nrf52840_xxAA_s140_6.1.0.dir/C_/mesh/deps/nRF5_SDK_15.2.0_9412b96/modules/nrfx/drivers/src/nrfx_timer.c.obj
                0x00027e06                nrfx_timer_compare_int_enable
 .text.nrfx_timer_compare_int_disable
                0x00027e2e       0x10 examples/experimental_dimming/dimming_server/CMakeFiles/light_switch_dimming_server_nrf52840_xxAA_s140_6.1.0.dir/C_/mesh/deps/nRF5_SDK_15.2.0_9412b96/modules/nrfx/drivers/src/nrfx_timer.c.obj
                0x00027e2e                nrfx_timer_compare_int_disable
 *fill*         0x00027e3e        0x2 
 .text.TIMER1_IRQHandler
                0x00027e40       0x54 examples/experimental_dimming/dimming_server/CMakeFiles/light_switch_dimming_server_nrf52840_xxAA_s140_6.1.0.dir/C_/mesh/deps/nRF5_SDK_15.2.0_9412b96/modules/nrfx/drivers/src/nrfx_timer.c.obj
                0x00027e40                TIMER1_IRQHandler
 .text.nrfx_ppi_channel_alloc
                0x00027e94       0x68 examples/experimental_dimming/dimming_server/CMakeFiles/light_switch_dimming_server_nrf52840_xxAA_s140_6.1.0.dir/C_/mesh/deps/nRF5_SDK_15.2.0_9412b96/modules/nrfx/drivers/src/nrfx_ppi.c.obj
                0x00027e94                nrfx_ppi_channel_alloc
 .text.nrfx_ppi_channel_free
                0x00027efc       0x44 examples/experimental_dimming/dimming_server/CMakeFiles/light_switch_dimming_server_nrf52840_xxAA_s140_6.1.0.dir/C_/mesh/deps/nRF5_SDK_15.2.0_9412b96/modules/nrfx/drivers/src/nrfx_ppi.c.obj
                0x00027efc                nrfx_ppi_channel_free
 .text.nrfx_ppi_channel_assign
                0x00027f40       0x40 examples/experimental_dimming/dimming_server/CMakeFiles/light_switch_dimming_server_nrf52840_xxAA_s140_6.1.0.dir/C_/mesh/deps/nRF5_SDK_15.2.0_9412b96/modules/nrfx/drivers/src/nrfx_ppi.c.obj
                0x00027f40                nrfx_ppi_channel_assign
 .text.nrfx_ppi_channel_enable
                0x00027f80       0x30 examples/experimental_dimming/dimming_server/CMakeFiles/light_switch_dimming_server_nrf52840_xxAA_s140_6.1.0.dir/C_/mesh/deps/nRF5_SDK_15.2.0_9412b96/modules/nrfx/drivers/src/nrfx_ppi.c.obj
                0x00027f80                nrfx_ppi_channel_enable
 .text.nrfx_ppi_channel_disable
                0x00027fb0       0x30 examples/experimental_dimming/dimming_server/CMakeFiles/light_switch_dimming_server_nrf52840_xxAA_s140_6.1.0.dir/C_/mesh/deps/nRF5_SDK_15.2.0_9412b96/modules/nrfx/drivers/src/nrfx_ppi.c.obj
                0x00027fb0                nrfx_ppi_channel_disable
 .text.nrf_gpiote_event_clear
                0x00027fe0       0x18 examples/experimental_dimming/dimming_server/CMakeFiles/light_switch_dimming_server_nrf52840_xxAA_s140_6.1.0.dir/C_/mesh/deps/nRF5_SDK_15.2.0_9412b96/modules/nrfx/drivers/src/nrfx_gpiote.c.obj
 .text.nrf_gpio_pin_port_decode
                0x00027ff8       0x18 examples/experimental_dimming/dimming_server/CMakeFiles/light_switch_dimming_server_nrf52840_xxAA_s140_6.1.0.dir/C_/mesh/deps/nRF5_SDK_15.2.0_9412b96/modules/nrfx/drivers/src/nrfx_gpiote.c.obj
 .text.nrf_gpio_cfg_sense_set
                0x00028010       0x32 examples/experimental_dimming/dimming_server/CMakeFiles/light_switch_dimming_server_nrf52840_xxAA_s140_6.1.0.dir/C_/mesh/deps/nRF5_SDK_15.2.0_9412b96/modules/nrfx/drivers/src/nrfx_gpiote.c.obj
 *fill*         0x00028042        0x2 
 .text.channel_free
                0x00028044       0x1c examples/experimental_dimming/dimming_server/CMakeFiles/light_switch_dimming_server_nrf52840_xxAA_s140_6.1.0.dir/C_/mesh/deps/nRF5_SDK_15.2.0_9412b96/modules/nrfx/drivers/src/nrfx_gpiote.c.obj
 .text.nrfx_gpiote_init
                0x00028060       0x70 examples/experimental_dimming/dimming_server/CMakeFiles/light_switch_dimming_server_nrf52840_xxAA_s140_6.1.0.dir/C_/mesh/deps/nRF5_SDK_15.2.0_9412b96/modules/nrfx/drivers/src/nrfx_gpiote.c.obj
                0x00028060                nrfx_gpiote_init
 .text.nrfx_gpiote_is_init
                0x000280d0       0x14 examples/experimental_dimming/dimming_server/CMakeFiles/light_switch_dimming_server_nrf52840_xxAA_s140_6.1.0.dir/C_/mesh/deps/nRF5_SDK_15.2.0_9412b96/modules/nrfx/drivers/src/nrfx_gpiote.c.obj
                0x000280d0                nrfx_gpiote_is_init
 .text.nrfx_gpiote_out_init
                0x000280e4       0xe8 examples/experimental_dimming/dimming_server/CMakeFiles/light_switch_dimming_server_nrf52840_xxAA_s140_6.1.0.dir/C_/mesh/deps/nRF5_SDK_15.2.0_9412b96/modules/nrfx/drivers/src/nrfx_gpiote.c.obj
                0x000280e4                nrfx_gpiote_out_init
 .text.nrfx_gpiote_out_uninit
                0x000281cc       0x6c examples/experimental_dimming/dimming_server/CMakeFiles/light_switch_dimming_server_nrf52840_xxAA_s140_6.1.0.dir/C_/mesh/deps/nRF5_SDK_15.2.0_9412b96/modules/nrfx/drivers/src/nrfx_gpiote.c.obj
                0x000281cc                nrfx_gpiote_out_uninit
 .text.nrfx_gpiote_out_task_enable
                0x00028238       0x24 examples/experimental_dimming/dimming_server/CMakeFiles/light_switch_dimming_server_nrf52840_xxAA_s140_6.1.0.dir/C_/mesh/deps/nRF5_SDK_15.2.0_9412b96/modules/nrfx/drivers/src/nrfx_gpiote.c.obj
                0x00028238                nrfx_gpiote_out_task_enable
 .text.nrfx_gpiote_set_task_addr_get
                0x0002825c       0x1c examples/experimental_dimming/dimming_server/CMakeFiles/light_switch_dimming_server_nrf52840_xxAA_s140_6.1.0.dir/C_/mesh/deps/nRF5_SDK_15.2.0_9412b96/modules/nrfx/drivers/src/nrfx_gpiote.c.obj
                0x0002825c                nrfx_gpiote_set_task_addr_get
 .text.nrfx_gpiote_clr_task_addr_get
                0x00028278       0x1c examples/experimental_dimming/dimming_server/CMakeFiles/light_switch_dimming_server_nrf52840_xxAA_s140_6.1.0.dir/C_/mesh/deps/nRF5_SDK_15.2.0_9412b96/modules/nrfx/drivers/src/nrfx_gpiote.c.obj
                0x00028278                nrfx_gpiote_clr_task_addr_get
 .text.nrfx_gpiote_out_task_force
                0x00028294       0x30 examples/experimental_dimming/dimming_server/CMakeFiles/light_switch_dimming_server_nrf52840_xxAA_s140_6.1.0.dir/C_/mesh/deps/nRF5_SDK_15.2.0_9412b96/modules/nrfx/drivers/src/nrfx_gpiote.c.obj
                0x00028294                nrfx_gpiote_out_task_force
 .text.GPIOTE_IRQHandler
                0x000282c4      0x1a8 examples/experimental_dimming/dimming_server/CMakeFiles/light_switch_dimming_server_nrf52840_xxAA_s140_6.1.0.dir/C_/mesh/deps/nRF5_SDK_15.2.0_9412b96/modules/nrfx/drivers/src/nrfx_gpiote.c.obj
                0x000282c4                GPIOTE_IRQHandler
 .text.nrf_drv_ppi_init
                0x0002846c       0x14 examples/experimental_dimming/dimming_server/CMakeFiles/light_switch_dimming_server_nrf52840_xxAA_s140_6.1.0.dir/C_/mesh/deps/nRF5_SDK_15.2.0_9412b96/integration/nrfx/legacy/nrf_drv_ppi.c.obj
                0x0002846c                nrf_drv_ppi_init
 .text.sd_ble_gap_adv_set_configure
                0x00028480        0x4 examples/experimental_dimming/dimming_server/CMakeFiles/light_switch_dimming_server_nrf52840_xxAA_s140_6.1.0.dir/__/__/common/src/mesh_adv.c.obj
 .text.sd_ble_gap_adv_start
                0x00028484        0x4 examples/experimental_dimming/dimming_server/CMakeFiles/light_switch_dimming_server_nrf52840_xxAA_s140_6.1.0.dir/__/__/common/src/mesh_adv.c.obj
 .text.sd_ble_gap_adv_stop
                0x00028488        0x4 examples/experimental_dimming/dimming_server/CMakeFiles/light_switch_dimming_server_nrf52840_xxAA_s140_6.1.0.dir/__/__/common/src/mesh_adv.c.obj
 .text.mesh_adv_data_set
                0x0002848c       0xdc examples/experimental_dimming/dimming_server/CMakeFiles/light_switch_dimming_server_nrf52840_xxAA_s140_6.1.0.dir/__/__/common/src/mesh_adv.c.obj
                0x0002848c                mesh_adv_data_set
 .text.mesh_adv_params_set
                0x00028568       0x14 examples/experimental_dimming/dimming_server/CMakeFiles/light_switch_dimming_server_nrf52840_xxAA_s140_6.1.0.dir/__/__/common/src/mesh_adv.c.obj
                0x00028568                mesh_adv_params_set
 .text.mesh_adv_start
                0x0002857c       0x20 examples/experimental_dimming/dimming_server/CMakeFiles/light_switch_dimming_server_nrf52840_xxAA_s140_6.1.0.dir/__/__/common/src/mesh_adv.c.obj
                0x0002857c                mesh_adv_start
 .text.mesh_adv_stop
                0x0002859c       0x1c examples/experimental_dimming/dimming_server/CMakeFiles/light_switch_dimming_server_nrf52840_xxAA_s140_6.1.0.dir/__/__/common/src/mesh_adv.c.obj
                0x0002859c                mesh_adv_stop
 .text.sd_ble_gap_disconnect
                0x000285b8        0x4 examples/experimental_dimming/dimming_server/CMakeFiles/light_switch_dimming_server_nrf52840_xxAA_s140_6.1.0.dir/__/__/common/src/ble_softdevice_support.c.obj
 .text.sd_ble_gap_ppcp_set
                0x000285bc        0x4 examples/experimental_dimming/dimming_server/CMakeFiles/light_switch_dimming_server_nrf52840_xxAA_s140_6.1.0.dir/__/__/common/src/ble_softdevice_support.c.obj
 .text.sd_ble_gap_device_name_set
                0x000285c0        0x4 examples/experimental_dimming/dimming_server/CMakeFiles/light_switch_dimming_server_nrf52840_xxAA_s140_6.1.0.dir/__/__/common/src/ble_softdevice_support.c.obj
 .text.conn_params_error_handler
                0x000285c4        0x4 examples/experimental_dimming/dimming_server/CMakeFiles/light_switch_dimming_server_nrf52840_xxAA_s140_6.1.0.dir/__/__/common/src/ble_softdevice_support.c.obj
 .text.on_sd_evt
                0x000285c8        0x4 examples/experimental_dimming/dimming_server/CMakeFiles/light_switch_dimming_server_nrf52840_xxAA_s140_6.1.0.dir/__/__/common/src/ble_softdevice_support.c.obj
 .text.on_conn_params_evt
                0x000285cc       0x80 examples/experimental_dimming/dimming_server/CMakeFiles/light_switch_dimming_server_nrf52840_xxAA_s140_6.1.0.dir/__/__/common/src/ble_softdevice_support.c.obj
 .text.ble_stack_init
                0x0002864c       0x32 examples/experimental_dimming/dimming_server/CMakeFiles/light_switch_dimming_server_nrf52840_xxAA_s140_6.1.0.dir/__/__/common/src/ble_softdevice_support.c.obj
                0x0002864c                ble_stack_init
 *fill*         0x0002867e        0x2 
 .text.gap_params_init
                0x00028680       0x68 examples/experimental_dimming/dimming_server/CMakeFiles/light_switch_dimming_server_nrf52840_xxAA_s140_6.1.0.dir/__/__/common/src/ble_softdevice_support.c.obj
                0x00028680                gap_params_init
 .text.conn_params_init
                0x000286e8       0x70 examples/experimental_dimming/dimming_server/CMakeFiles/light_switch_dimming_server_nrf52840_xxAA_s140_6.1.0.dir/__/__/common/src/ble_softdevice_support.c.obj
                0x000286e8                conn_params_init
 .text.app_util_critical_region_enter
                0x00028758       0x48 examples/experimental_dimming/dimming_server/CMakeFiles/light_switch_dimming_server_nrf52840_xxAA_s140_6.1.0.dir/C_/mesh/deps/nRF5_SDK_15.2.0_9412b96/components/libraries/util/app_util_platform.c.obj
                0x00028758                app_util_critical_region_enter
 .text.app_util_critical_region_exit
                0x000287a0       0x2c examples/experimental_dimming/dimming_server/CMakeFiles/light_switch_dimming_server_nrf52840_xxAA_s140_6.1.0.dir/C_/mesh/deps/nRF5_SDK_15.2.0_9412b96/components/libraries/util/app_util_platform.c.obj
                0x000287a0                app_util_critical_region_exit
 .text.sd_ble_gap_addr_get
                0x000287cc        0x4 examples/experimental_dimming/dimming_server/CMakeFiles/light_switch_dimming_server_nrf52840_xxAA_s140_6.1.0.dir/C_/mesh/deps/nRF5_SDK_15.2.0_9412b96/components/ble/common/ble_advdata.c.obj
 .text.sd_ble_gap_appearance_get
                0x000287d0        0x4 examples/experimental_dimming/dimming_server/CMakeFiles/light_switch_dimming_server_nrf52840_xxAA_s140_6.1.0.dir/C_/mesh/deps/nRF5_SDK_15.2.0_9412b96/components/ble/common/ble_advdata.c.obj
 .text.sd_ble_gap_device_name_get
                0x000287d4        0x4 examples/experimental_dimming/dimming_server/CMakeFiles/light_switch_dimming_server_nrf52840_xxAA_s140_6.1.0.dir/C_/mesh/deps/nRF5_SDK_15.2.0_9412b96/components/ble/common/ble_advdata.c.obj
 .text.sd_ble_uuid_encode
                0x000287d8        0x4 examples/experimental_dimming/dimming_server/CMakeFiles/light_switch_dimming_server_nrf52840_xxAA_s140_6.1.0.dir/C_/mesh/deps/nRF5_SDK_15.2.0_9412b96/components/ble/common/ble_advdata.c.obj
 .text.uuid_list_sized_encode
                0x000287dc       0xa4 examples/experimental_dimming/dimming_server/CMakeFiles/light_switch_dimming_server_nrf52840_xxAA_s140_6.1.0.dir/C_/mesh/deps/nRF5_SDK_15.2.0_9412b96/components/ble/common/ble_advdata.c.obj
 .text.uuid_list_encode
                0x00028880       0x34 examples/experimental_dimming/dimming_server/CMakeFiles/light_switch_dimming_server_nrf52840_xxAA_s140_6.1.0.dir/C_/mesh/deps/nRF5_SDK_15.2.0_9412b96/components/ble/common/ble_advdata.c.obj
 .text.ble_advdata_encode
                0x000288b4      0x388 examples/experimental_dimming/dimming_server/CMakeFiles/light_switch_dimming_server_nrf52840_xxAA_s140_6.1.0.dir/C_/mesh/deps/nRF5_SDK_15.2.0_9412b96/components/ble/common/ble_advdata.c.obj
                0x000288b4                ble_advdata_encode
 .text.nrf_section_iter_init
                0x00028c3c       0x12 examples/experimental_dimming/dimming_server/CMakeFiles/light_switch_dimming_server_nrf52840_xxAA_s140_6.1.0.dir/d99a0723dc10b6028ab0bc7e7c56d44e/libraries/experimental_section_vars/nrf_section_iter.c.obj
                0x00028c3c                nrf_section_iter_init
 .text.nrf_section_iter_next
                0x00028c4e       0x18 examples/experimental_dimming/dimming_server/CMakeFiles/light_switch_dimming_server_nrf52840_xxAA_s140_6.1.0.dir/d99a0723dc10b6028ab0bc7e7c56d44e/libraries/experimental_section_vars/nrf_section_iter.c.obj
                0x00028c4e                nrf_section_iter_next
 .text.sd_evt_get
                0x00028c66        0x4 examples/experimental_dimming/dimming_server/CMakeFiles/light_switch_dimming_server_nrf52840_xxAA_s140_6.1.0.dir/C_/mesh/deps/nRF5_SDK_15.2.0_9412b96/components/softdevice/common/nrf_sdh_soc.c.obj
 *fill*         0x00028c6a        0x2 
 .text.nrf_sdh_soc_evts_poll
                0x00028c6c       0x3c examples/experimental_dimming/dimming_server/CMakeFiles/light_switch_dimming_server_nrf52840_xxAA_s140_6.1.0.dir/C_/mesh/deps/nRF5_SDK_15.2.0_9412b96/components/softdevice/common/nrf_sdh_soc.c.obj
 .text.sd_ble_enable
                0x00028ca8        0x4 examples/experimental_dimming/dimming_server/CMakeFiles/light_switch_dimming_server_nrf52840_xxAA_s140_6.1.0.dir/C_/mesh/deps/nRF5_SDK_15.2.0_9412b96/components/softdevice/common/nrf_sdh_ble.c.obj
 .text.sd_ble_cfg_set
                0x00028cac        0x4 examples/experimental_dimming/dimming_server/CMakeFiles/light_switch_dimming_server_nrf52840_xxAA_s140_6.1.0.dir/C_/mesh/deps/nRF5_SDK_15.2.0_9412b96/components/softdevice/common/nrf_sdh_ble.c.obj
 .text.sd_ble_evt_get
                0x00028cb0        0x4 examples/experimental_dimming/dimming_server/CMakeFiles/light_switch_dimming_server_nrf52840_xxAA_s140_6.1.0.dir/C_/mesh/deps/nRF5_SDK_15.2.0_9412b96/components/softdevice/common/nrf_sdh_ble.c.obj
 .text.nrf_sdh_ble_evts_poll
                0x00028cb4       0x50 examples/experimental_dimming/dimming_server/CMakeFiles/light_switch_dimming_server_nrf52840_xxAA_s140_6.1.0.dir/C_/mesh/deps/nRF5_SDK_15.2.0_9412b96/components/softdevice/common/nrf_sdh_ble.c.obj
 .text.nrf_sdh_ble_default_cfg_set
                0x00028d04       0xd4 examples/experimental_dimming/dimming_server/CMakeFiles/light_switch_dimming_server_nrf52840_xxAA_s140_6.1.0.dir/C_/mesh/deps/nRF5_SDK_15.2.0_9412b96/components/softdevice/common/nrf_sdh_ble.c.obj
                0x00028d04                nrf_sdh_ble_default_cfg_set
 .text.nrf_sdh_ble_enable
                0x00028dd8       0x14 examples/experimental_dimming/dimming_server/CMakeFiles/light_switch_dimming_server_nrf52840_xxAA_s140_6.1.0.dir/C_/mesh/deps/nRF5_SDK_15.2.0_9412b96/components/softdevice/common/nrf_sdh_ble.c.obj
                0x00028dd8                nrf_sdh_ble_enable
 .text.sd_softdevice_enable
                0x00028dec        0x4 examples/experimental_dimming/dimming_server/CMakeFiles/light_switch_dimming_server_nrf52840_xxAA_s140_6.1.0.dir/C_/mesh/deps/nRF5_SDK_15.2.0_9412b96/components/softdevice/common/nrf_sdh.c.obj
 .text.sd_softdevice_disable
                0x00028df0        0x4 examples/experimental_dimming/dimming_server/CMakeFiles/light_switch_dimming_server_nrf52840_xxAA_s140_6.1.0.dir/C_/mesh/deps/nRF5_SDK_15.2.0_9412b96/components/softdevice/common/nrf_sdh.c.obj
 .text.sdh_request_observer_notify
                0x00028df4       0x30 examples/experimental_dimming/dimming_server/CMakeFiles/light_switch_dimming_server_nrf52840_xxAA_s140_6.1.0.dir/C_/mesh/deps/nRF5_SDK_15.2.0_9412b96/components/softdevice/common/nrf_sdh.c.obj
 .text.sdh_state_observer_notify
                0x00028e24       0x28 examples/experimental_dimming/dimming_server/CMakeFiles/light_switch_dimming_server_nrf52840_xxAA_s140_6.1.0.dir/C_/mesh/deps/nRF5_SDK_15.2.0_9412b96/components/softdevice/common/nrf_sdh.c.obj
 .text.softdevice_evt_irq_disable
                0x00028e4c       0x24 examples/experimental_dimming/dimming_server/CMakeFiles/light_switch_dimming_server_nrf52840_xxAA_s140_6.1.0.dir/C_/mesh/deps/nRF5_SDK_15.2.0_9412b96/components/softdevice/common/nrf_sdh.c.obj
 .text.softdevices_evt_irq_enable
                0x00028e70       0x3c examples/experimental_dimming/dimming_server/CMakeFiles/light_switch_dimming_server_nrf52840_xxAA_s140_6.1.0.dir/C_/mesh/deps/nRF5_SDK_15.2.0_9412b96/components/softdevice/common/nrf_sdh.c.obj
 .text.nrf_sdh_enable_request
                0x00028eac       0x78 examples/experimental_dimming/dimming_server/CMakeFiles/light_switch_dimming_server_nrf52840_xxAA_s140_6.1.0.dir/C_/mesh/deps/nRF5_SDK_15.2.0_9412b96/components/softdevice/common/nrf_sdh.c.obj
                0x00028eac                nrf_sdh_enable_request
 .text.nrf_sdh_disable_request
                0x00028f24       0x60 examples/experimental_dimming/dimming_server/CMakeFiles/light_switch_dimming_server_nrf52840_xxAA_s140_6.1.0.dir/C_/mesh/deps/nRF5_SDK_15.2.0_9412b96/components/softdevice/common/nrf_sdh.c.obj
                0x00028f24                nrf_sdh_disable_request
 .text.nrf_sdh_evts_poll
                0x00028f84       0x28 examples/experimental_dimming/dimming_server/CMakeFiles/light_switch_dimming_server_nrf52840_xxAA_s140_6.1.0.dir/C_/mesh/deps/nRF5_SDK_15.2.0_9412b96/components/softdevice/common/nrf_sdh.c.obj
                0x00028f84                nrf_sdh_evts_poll
 .text.SWI2_EGU2_IRQHandler
                0x00028fac        0x4 examples/experimental_dimming/dimming_server/CMakeFiles/light_switch_dimming_server_nrf52840_xxAA_s140_6.1.0.dir/C_/mesh/deps/nRF5_SDK_15.2.0_9412b96/components/softdevice/common/nrf_sdh.c.obj
                0x00028fac                SWI2_EGU2_IRQHandler
 .text.sd_ble_gap_conn_param_update
                0x00028fb0        0x4 examples/experimental_dimming/dimming_server/CMakeFiles/light_switch_dimming_server_nrf52840_xxAA_s140_6.1.0.dir/C_/mesh/deps/nRF5_SDK_15.2.0_9412b96/components/ble/common/ble_conn_params.c.obj
 .text.sd_ble_gap_disconnect
                0x00028fb4        0x4 examples/experimental_dimming/dimming_server/CMakeFiles/light_switch_dimming_server_nrf52840_xxAA_s140_6.1.0.dir/C_/mesh/deps/nRF5_SDK_15.2.0_9412b96/components/ble/common/ble_conn_params.c.obj
 .text.sd_ble_gap_ppcp_set
                0x00028fb8        0x4 examples/experimental_dimming/dimming_server/CMakeFiles/light_switch_dimming_server_nrf52840_xxAA_s140_6.1.0.dir/C_/mesh/deps/nRF5_SDK_15.2.0_9412b96/components/ble/common/ble_conn_params.c.obj
 .text.sd_ble_gap_ppcp_get
                0x00028fbc        0x4 examples/experimental_dimming/dimming_server/CMakeFiles/light_switch_dimming_server_nrf52840_xxAA_s140_6.1.0.dir/C_/mesh/deps/nRF5_SDK_15.2.0_9412b96/components/ble/common/ble_conn_params.c.obj
 .text.instance_get
                0x00028fc0       0x14 examples/experimental_dimming/dimming_server/CMakeFiles/light_switch_dimming_server_nrf52840_xxAA_s140_6.1.0.dir/C_/mesh/deps/nRF5_SDK_15.2.0_9412b96/components/ble/common/ble_conn_params.c.obj
 .text.send_error_evt
                0x00028fd4       0x10 examples/experimental_dimming/dimming_server/CMakeFiles/light_switch_dimming_server_nrf52840_xxAA_s140_6.1.0.dir/C_/mesh/deps/nRF5_SDK_15.2.0_9412b96/components/ble/common/ble_conn_params.c.obj
 .text.update_timeout_handler
                0x00028fe4       0x6c examples/experimental_dimming/dimming_server/CMakeFiles/light_switch_dimming_server_nrf52840_xxAA_s140_6.1.0.dir/C_/mesh/deps/nRF5_SDK_15.2.0_9412b96/components/ble/common/ble_conn_params.c.obj
 .text.conn_params_negotiation
                0x00029050       0x48 examples/experimental_dimming/dimming_server/CMakeFiles/light_switch_dimming_server_nrf52840_xxAA_s140_6.1.0.dir/C_/mesh/deps/nRF5_SDK_15.2.0_9412b96/components/ble/common/ble_conn_params.c.obj
 .text.is_conn_params_ok.constprop.3
                0x00029098       0x3a examples/experimental_dimming/dimming_server/CMakeFiles/light_switch_dimming_server_nrf52840_xxAA_s140_6.1.0.dir/C_/mesh/deps/nRF5_SDK_15.2.0_9412b96/components/ble/common/ble_conn_params.c.obj
 *fill*         0x000290d2        0x2 
 .text.ble_evt_handler
                0x000290d4       0xdc examples/experimental_dimming/dimming_server/CMakeFiles/light_switch_dimming_server_nrf52840_xxAA_s140_6.1.0.dir/C_/mesh/deps/nRF5_SDK_15.2.0_9412b96/components/ble/common/ble_conn_params.c.obj
 .text.ble_conn_params_init
                0x000291b0       0x74 examples/experimental_dimming/dimming_server/CMakeFiles/light_switch_dimming_server_nrf52840_xxAA_s140_6.1.0.dir/C_/mesh/deps/nRF5_SDK_15.2.0_9412b96/components/ble/common/ble_conn_params.c.obj
                0x000291b0                ble_conn_params_init
 .text.ble_srv_is_notification_enabled
                0x00029224        0x8 examples/experimental_dimming/dimming_server/CMakeFiles/light_switch_dimming_server_nrf52840_xxAA_s140_6.1.0.dir/C_/mesh/deps/nRF5_SDK_15.2.0_9412b96/components/ble/common/ble_srv_common.c.obj
                0x00029224                ble_srv_is_notification_enabled
 .text._weak_handler
                0x0002922c        0x4 examples/experimental_dimming/dimming_server/CMakeFiles/light_switch_dimming_server_nrf52840_xxAA_s140_6.1.0.dir/__/__/nrf_mesh_weak.c.obj
                0x0002922c                nrf_mesh_dfu_init
                0x0002922c                nrf_mesh_dfu_jump_to_bootloader
                0x0002922c                nrf_mesh_dfu_rx
                0x0002922c                prov_provisioner_provision
                0x0002922c                nrf_mesh_dfu_bank_info_get
                0x0002922c                prov_provisioner_oob_pubkey
                0x0002922c                nrf_mesh_dfu_request
                0x0002922c                nrf_mesh_dfu_bank_flash
                0x0002922c                nrf_mesh_dfu_enable
                0x0002922c                _weak_handler
                0x0002922c                nrf_mesh_dfu_relay
                0x0002922c                nrf_mesh_dfu_abort
                0x0002922c                mesh_flash_op_execute
                0x0002922c                prov_provisionee_init
                0x0002922c                nrf_mesh_dfu_state_get
                0x0002922c                prov_provisioner_shared_secret
                0x0002922c                prov_provisioner_auth_data
                0x0002922c                prov_provisioner_oob_use
 .text.app_error_fault_handler
                0x00029230      0x208 examples/experimental_dimming/dimming_server/CMakeFiles/light_switch_dimming_server_nrf52840_xxAA_s140_6.1.0.dir/__/__/common/src/app_error_weak.c.obj
                0x00029230                app_error_fault_handler
 .text.mesh_assertion_handler
                0x00029438       0x24 examples/experimental_dimming/dimming_server/CMakeFiles/light_switch_dimming_server_nrf52840_xxAA_s140_6.1.0.dir/__/__/common/src/assertion_handler_weak.c.obj
                0x00029438                mesh_assertion_handler
 .text.nrf_mesh_configure_device_uuid_set
                0x0002945c       0x10 examples/experimental_dimming/dimming_server/CMakeFiles/light_switch_dimming_server_nrf52840_xxAA_s140_6.1.0.dir/__/__/__/mesh/core/src/nrf_mesh_configure.c.obj
                0x0002945c                nrf_mesh_configure_device_uuid_set
 .text.nrf_mesh_configure_device_uuid_reset
                0x0002946c       0x28 examples/experimental_dimming/dimming_server/CMakeFiles/light_switch_dimming_server_nrf52840_xxAA_s140_6.1.0.dir/__/__/__/mesh/core/src/nrf_mesh_configure.c.obj
                0x0002946c                nrf_mesh_configure_device_uuid_reset
 .text.nrf_mesh_configure_device_uuid_get
                0x00029494        0x8 examples/experimental_dimming/dimming_server/CMakeFiles/light_switch_dimming_server_nrf52840_xxAA_s140_6.1.0.dir/__/__/__/mesh/core/src/nrf_mesh_configure.c.obj
                0x00029494                nrf_mesh_configure_device_uuid_get
 .text.msg_cache_init
                0x0002949c       0x24 examples/experimental_dimming/dimming_server/CMakeFiles/light_switch_dimming_server_nrf52840_xxAA_s140_6.1.0.dir/__/__/__/mesh/core/src/msg_cache.c.obj
                0x0002949c                msg_cache_init
 .text.msg_cache_entry_exists
                0x000294c0       0x3c examples/experimental_dimming/dimming_server/CMakeFiles/light_switch_dimming_server_nrf52840_xxAA_s140_6.1.0.dir/__/__/__/mesh/core/src/msg_cache.c.obj
                0x000294c0                msg_cache_entry_exists
 .text.msg_cache_entry_add
                0x000294fc       0x2c examples/experimental_dimming/dimming_server/CMakeFiles/light_switch_dimming_server_nrf52840_xxAA_s140_6.1.0.dir/__/__/__/mesh/core/src/msg_cache.c.obj
                0x000294fc                msg_cache_entry_add
 .text.seqauth_sequence_number_get
                0x00029528       0x12 examples/experimental_dimming/dimming_server/CMakeFiles/light_switch_dimming_server_nrf52840_xxAA_s140_6.1.0.dir/__/__/__/mesh/core/src/transport.c.obj
 *fill*         0x0002953a        0x2 
 .text.control_packet_callback_get
                0x0002953c       0x44 examples/experimental_dimming/dimming_server/CMakeFiles/light_switch_dimming_server_nrf52840_xxAA_s140_6.1.0.dir/__/__/__/mesh/core/src/transport.c.obj
 .text.tx_complete
                0x00029580       0x2c examples/experimental_dimming/dimming_server/CMakeFiles/light_switch_dimming_server_nrf52840_xxAA_s140_6.1.0.dir/__/__/__/mesh/core/src/transport.c.obj
 .text.block_ack_full
                0x000295ac       0x1a examples/experimental_dimming/dimming_server/CMakeFiles/light_switch_dimming_server_nrf52840_xxAA_s140_6.1.0.dir/__/__/__/mesh/core/src/transport.c.obj
 *fill*         0x000295c6        0x2 
 .text.sar_rx_session_mark_as_handled
                0x000295c8       0x48 examples/experimental_dimming/dimming_server/CMakeFiles/light_switch_dimming_server_nrf52840_xxAA_s140_6.1.0.dir/__/__/__/mesh/core/src/transport.c.obj
 .text.upper_trs_packet_encrypt
                0x00029610       0x90 examples/experimental_dimming/dimming_server/CMakeFiles/light_switch_dimming_server_nrf52840_xxAA_s140_6.1.0.dir/__/__/__/mesh/core/src/transport.c.obj
 .text.sar_ctx_free
                0x000296a0       0x4e examples/experimental_dimming/dimming_server/CMakeFiles/light_switch_dimming_server_nrf52840_xxAA_s140_6.1.0.dir/__/__/__/mesh/core/src/transport.c.obj
 .text.sar_ctx_tx_complete
                0x000296ee       0x2e examples/experimental_dimming/dimming_server/CMakeFiles/light_switch_dimming_server_nrf52840_xxAA_s140_6.1.0.dir/__/__/__/mesh/core/src/transport.c.obj
 .text.sar_ctx_alloc
                0x0002971c       0xd0 examples/experimental_dimming/dimming_server/CMakeFiles/light_switch_dimming_server_nrf52840_xxAA_s140_6.1.0.dir/__/__/__/mesh/core/src/transport.c.obj
 .text.test_transport_decrypt
                0x000297ec       0x88 examples/experimental_dimming/dimming_server/CMakeFiles/light_switch_dimming_server_nrf52840_xxAA_s140_6.1.0.dir/__/__/__/mesh/core/src/transport.c.obj
 .text.upper_transport_access_packet_in
                0x00029874      0x19c examples/experimental_dimming/dimming_server/CMakeFiles/light_switch_dimming_server_nrf52840_xxAA_s140_6.1.0.dir/__/__/__/mesh/core/src/transport.c.obj
 .text.trs_packet_header_build
                0x00029a10       0xa6 examples/experimental_dimming/dimming_server/CMakeFiles/light_switch_dimming_server_nrf52840_xxAA_s140_6.1.0.dir/__/__/__/mesh/core/src/transport.c.obj
 *fill*         0x00029ab6        0x2 
 .text.tx_retry_timer_reset
                0x00029ab8       0x40 examples/experimental_dimming/dimming_server/CMakeFiles/light_switch_dimming_server_nrf52840_xxAA_s140_6.1.0.dir/__/__/__/mesh/core/src/transport.c.obj
 .text.sar_ctx_cancel
                0x00029af8       0xa8 examples/experimental_dimming/dimming_server/CMakeFiles/light_switch_dimming_server_nrf52840_xxAA_s140_6.1.0.dir/__/__/__/mesh/core/src/transport.c.obj
 .text.abort_timeout
                0x00029ba0        0x8 examples/experimental_dimming/dimming_server/CMakeFiles/light_switch_dimming_server_nrf52840_xxAA_s140_6.1.0.dir/__/__/__/mesh/core/src/transport.c.obj
 .text.retry_timeout
                0x00029ba8       0x4c examples/experimental_dimming/dimming_server/CMakeFiles/light_switch_dimming_server_nrf52840_xxAA_s140_6.1.0.dir/__/__/__/mesh/core/src/transport.c.obj
 .text.trs_sar_packet_out
                0x00029bf4       0xee examples/experimental_dimming/dimming_server/CMakeFiles/light_switch_dimming_server_nrf52840_xxAA_s140_6.1.0.dir/__/__/__/mesh/core/src/transport.c.obj
 *fill*         0x00029ce2        0x2 
 .text.upper_transport_packet_in
                0x00029ce4      0x158 examples/experimental_dimming/dimming_server/CMakeFiles/light_switch_dimming_server_nrf52840_xxAA_s140_6.1.0.dir/__/__/__/mesh/core/src/transport.c.obj
 .text.segmented_packet_tx
                0x00029e3c      0x13c examples/experimental_dimming/dimming_server/CMakeFiles/light_switch_dimming_server_nrf52840_xxAA_s140_6.1.0.dir/__/__/__/mesh/core/src/transport.c.obj
 .text.upper_transport_tx
                0x00029f78       0xb6 examples/experimental_dimming/dimming_server/CMakeFiles/light_switch_dimming_server_nrf52840_xxAA_s140_6.1.0.dir/__/__/__/mesh/core/src/transport.c.obj
 *fill*         0x0002a02e        0x2 
 .text.transport_init
                0x0002a030       0x88 examples/experimental_dimming/dimming_server/CMakeFiles/light_switch_dimming_server_nrf52840_xxAA_s140_6.1.0.dir/__/__/__/mesh/core/src/transport.c.obj
                0x0002a030                transport_init
 .text.transport_tx
                0x0002a0b8       0xb8 examples/experimental_dimming/dimming_server/CMakeFiles/light_switch_dimming_server_nrf52840_xxAA_s140_6.1.0.dir/__/__/__/mesh/core/src/transport.c.obj
                0x0002a0b8                transport_tx
 .text.transport_control_tx
                0x0002a170       0x94 examples/experimental_dimming/dimming_server/CMakeFiles/light_switch_dimming_server_nrf52840_xxAA_s140_6.1.0.dir/__/__/__/mesh/core/src/transport.c.obj
                0x0002a170                transport_control_tx
 .text.sar_ack_send
                0x0002a204       0xa8 examples/experimental_dimming/dimming_server/CMakeFiles/light_switch_dimming_server_nrf52840_xxAA_s140_6.1.0.dir/__/__/__/mesh/core/src/transport.c.obj
 .text.transport_sar_process
                0x0002a2ac       0x80 examples/experimental_dimming/dimming_server/CMakeFiles/light_switch_dimming_server_nrf52840_xxAA_s140_6.1.0.dir/__/__/__/mesh/core/src/transport.c.obj
 .text.transport_packet_in
                0x0002a32c      0x42c examples/experimental_dimming/dimming_server/CMakeFiles/light_switch_dimming_server_nrf52840_xxAA_s140_6.1.0.dir/__/__/__/mesh/core/src/transport.c.obj
                0x0002a32c                transport_packet_in
 .text.ack_timeout
                0x0002a758       0x28 examples/experimental_dimming/dimming_server/CMakeFiles/light_switch_dimming_server_nrf52840_xxAA_s140_6.1.0.dir/__/__/__/mesh/core/src/transport.c.obj
 .text.transport_control_packet_consumer_add
                0x0002a780       0x5c examples/experimental_dimming/dimming_server/CMakeFiles/light_switch_dimming_server_nrf52840_xxAA_s140_6.1.0.dir/__/__/__/mesh/core/src/transport.c.obj
                0x0002a780                transport_control_packet_consumer_add
 .text.event_handle
                0x0002a7dc       0x54 examples/experimental_dimming/dimming_server/CMakeFiles/light_switch_dimming_server_nrf52840_xxAA_s140_6.1.0.dir/__/__/__/mesh/core/src/event.c.obj
                0x0002a7dc                event_handle
 .text.event_handler_add
                0x0002a830       0x20 examples/experimental_dimming/dimming_server/CMakeFiles/light_switch_dimming_server_nrf52840_xxAA_s140_6.1.0.dir/__/__/__/mesh/core/src/event.c.obj
                0x0002a830                event_handler_add
 .text.event_handler_remove
                0x0002a850       0x34 examples/experimental_dimming/dimming_server/CMakeFiles/light_switch_dimming_server_nrf52840_xxAA_s140_6.1.0.dir/__/__/__/mesh/core/src/event.c.obj
                0x0002a850                event_handler_remove
 .text.m_index_increment
                0x0002a884       0x1e examples/experimental_dimming/dimming_server/CMakeFiles/light_switch_dimming_server_nrf52840_xxAA_s140_6.1.0.dir/__/__/__/mesh/core/src/packet_buffer.c.obj
 .text.m_get_next_packet
                0x0002a8a2       0x1c examples/experimental_dimming/dimming_server/CMakeFiles/light_switch_dimming_server_nrf52840_xxAA_s140_6.1.0.dir/__/__/__/mesh/core/src/packet_buffer.c.obj
 .text.packet_buffer_init
                0x0002a8be       0xac examples/experimental_dimming/dimming_server/CMakeFiles/light_switch_dimming_server_nrf52840_xxAA_s140_6.1.0.dir/__/__/__/mesh/core/src/packet_buffer.c.obj
                0x0002a8be                packet_buffer_init
 .text.packet_buffer_flush
                0x0002a96a       0x50 examples/experimental_dimming/dimming_server/CMakeFiles/light_switch_dimming_server_nrf52840_xxAA_s140_6.1.0.dir/__/__/__/mesh/core/src/packet_buffer.c.obj
                0x0002a96a                packet_buffer_flush
 .text.packet_buffer_reserve
                0x0002a9ba       0xa4 examples/experimental_dimming/dimming_server/CMakeFiles/light_switch_dimming_server_nrf52840_xxAA_s140_6.1.0.dir/__/__/__/mesh/core/src/packet_buffer.c.obj
                0x0002a9ba                packet_buffer_reserve
 .text.packet_buffer_commit
                0x0002aa5e       0x62 examples/experimental_dimming/dimming_server/CMakeFiles/light_switch_dimming_server_nrf52840_xxAA_s140_6.1.0.dir/__/__/__/mesh/core/src/packet_buffer.c.obj
                0x0002aa5e                packet_buffer_commit
 .text.packet_buffer_pop
                0x0002aac0       0x5a examples/experimental_dimming/dimming_server/CMakeFiles/light_switch_dimming_server_nrf52840_xxAA_s140_6.1.0.dir/__/__/__/mesh/core/src/packet_buffer.c.obj
                0x0002aac0                packet_buffer_pop
 .text.packet_buffer_can_pop
                0x0002ab1a       0x34 examples/experimental_dimming/dimming_server/CMakeFiles/light_switch_dimming_server_nrf52840_xxAA_s140_6.1.0.dir/__/__/__/mesh/core/src/packet_buffer.c.obj
                0x0002ab1a                packet_buffer_can_pop
 .text.packet_buffer_packets_ready_to_pop
                0x0002ab4e       0x36 examples/experimental_dimming/dimming_server/CMakeFiles/light_switch_dimming_server_nrf52840_xxAA_s140_6.1.0.dir/__/__/__/mesh/core/src/packet_buffer.c.obj
                0x0002ab4e                packet_buffer_packets_ready_to_pop
 .text.packet_buffer_free
                0x0002ab84       0x74 examples/experimental_dimming/dimming_server/CMakeFiles/light_switch_dimming_server_nrf52840_xxAA_s140_6.1.0.dir/__/__/__/mesh/core/src/packet_buffer.c.obj
                0x0002ab84                packet_buffer_free
 .text.packet_buffer_is_empty
                0x0002abf8       0x28 examples/experimental_dimming/dimming_server/CMakeFiles/light_switch_dimming_server_nrf52840_xxAA_s140_6.1.0.dir/__/__/__/mesh/core/src/packet_buffer.c.obj
                0x0002abf8                packet_buffer_is_empty
 .text.get_last_page
                0x0002ac20       0x14 examples/experimental_dimming/dimming_server/CMakeFiles/light_switch_dimming_server_nrf52840_xxAA_s140_6.1.0.dir/__/__/__/mesh/core/src/flash_manager_defrag.c.obj
 .text.defrag_on_end
                0x0002ac34       0x1c examples/experimental_dimming/dimming_server/CMakeFiles/light_switch_dimming_server_nrf52840_xxAA_s140_6.1.0.dir/__/__/__/mesh/core/src/flash_manager_defrag.c.obj
 .text.execute_procedure_step
                0x0002ac50       0x7c examples/experimental_dimming/dimming_server/CMakeFiles/light_switch_dimming_server_nrf52840_xxAA_s140_6.1.0.dir/__/__/__/mesh/core/src/flash_manager_defrag.c.obj
 .text.get_next_entry
                0x0002accc       0x34 examples/experimental_dimming/dimming_server/CMakeFiles/light_switch_dimming_server_nrf52840_xxAA_s140_6.1.0.dir/__/__/__/mesh/core/src/flash_manager_defrag.c.obj
 .text.get_next_data_entry
                0x0002ad00       0x26 examples/experimental_dimming/dimming_server/CMakeFiles/light_switch_dimming_server_nrf52840_xxAA_s140_6.1.0.dir/__/__/__/mesh/core/src/flash_manager_defrag.c.obj
 *fill*         0x0002ad26        0x2 
 .text.on_flash_op_end
                0x0002ad28       0x30 examples/experimental_dimming/dimming_server/CMakeFiles/light_switch_dimming_server_nrf52840_xxAA_s140_6.1.0.dir/__/__/__/mesh/core/src/flash_manager_defrag.c.obj
 .text.check_for_invalid_entries
                0x0002ad58       0x38 examples/experimental_dimming/dimming_server/CMakeFiles/light_switch_dimming_server_nrf52840_xxAA_s140_6.1.0.dir/__/__/__/mesh/core/src/flash_manager_defrag.c.obj
 .text.erase_recovery_area
                0x0002ad90       0x34 examples/experimental_dimming/dimming_server/CMakeFiles/light_switch_dimming_server_nrf52840_xxAA_s140_6.1.0.dir/__/__/__/mesh/core/src/flash_manager_defrag.c.obj
 .text.flash.constprop.6
                0x0002adc4       0x24 examples/experimental_dimming/dimming_server/CMakeFiles/light_switch_dimming_server_nrf52840_xxAA_s140_6.1.0.dir/__/__/__/mesh/core/src/flash_manager_defrag.c.obj
 .text.invalidate_duplicate_entries
                0x0002ade8       0xac examples/experimental_dimming/dimming_server/CMakeFiles/light_switch_dimming_server_nrf52840_xxAA_s140_6.1.0.dir/__/__/__/mesh/core/src/flash_manager_defrag.c.obj
 .text.seal_storage_page
                0x0002ae94       0x50 examples/experimental_dimming/dimming_server/CMakeFiles/light_switch_dimming_server_nrf52840_xxAA_s140_6.1.0.dir/__/__/__/mesh/core/src/flash_manager_defrag.c.obj
 .text.copy_metadata
                0x0002aee4       0x3c examples/experimental_dimming/dimming_server/CMakeFiles/light_switch_dimming_server_nrf52840_xxAA_s140_6.1.0.dir/__/__/__/mesh/core/src/flash_manager_defrag.c.obj
 .text.write_defrag_start_pointer
                0x0002af20       0x20 examples/experimental_dimming/dimming_server/CMakeFiles/light_switch_dimming_server_nrf52840_xxAA_s140_6.1.0.dir/__/__/__/mesh/core/src/flash_manager_defrag.c.obj
 .text.write_back
                0x0002af40       0x28 examples/experimental_dimming/dimming_server/CMakeFiles/light_switch_dimming_server_nrf52840_xxAA_s140_6.1.0.dir/__/__/__/mesh/core/src/flash_manager_defrag.c.obj
 .text.post_process
                0x0002af68       0x40 examples/experimental_dimming/dimming_server/CMakeFiles/light_switch_dimming_server_nrf52840_xxAA_s140_6.1.0.dir/__/__/__/mesh/core/src/flash_manager_defrag.c.obj
 .text.backup_entries
                0x0002afa8       0xdc examples/experimental_dimming/dimming_server/CMakeFiles/light_switch_dimming_server_nrf52840_xxAA_s140_6.1.0.dir/__/__/__/mesh/core/src/flash_manager_defrag.c.obj
 .text.erase_source
                0x0002b084       0x34 examples/experimental_dimming/dimming_server/CMakeFiles/light_switch_dimming_server_nrf52840_xxAA_s140_6.1.0.dir/__/__/__/mesh/core/src/flash_manager_defrag.c.obj
 .text.flash_manager_defrag_init
                0x0002b0b8       0x8c examples/experimental_dimming/dimming_server/CMakeFiles/light_switch_dimming_server_nrf52840_xxAA_s140_6.1.0.dir/__/__/__/mesh/core/src/flash_manager_defrag.c.obj
                0x0002b0b8                flash_manager_defrag_init
 .text.flash_manager_defragging
                0x0002b144       0x38 examples/experimental_dimming/dimming_server/CMakeFiles/light_switch_dimming_server_nrf52840_xxAA_s140_6.1.0.dir/__/__/__/mesh/core/src/flash_manager_defrag.c.obj
                0x0002b144                flash_manager_defragging
 .text.flash_manager_defrag_is_running
                0x0002b17c       0x10 examples/experimental_dimming/dimming_server/CMakeFiles/light_switch_dimming_server_nrf52840_xxAA_s140_6.1.0.dir/__/__/__/mesh/core/src/flash_manager_defrag.c.obj
                0x0002b17c                flash_manager_defrag_is_running
 .text.flash_manager_defrag
                0x0002b18c       0x44 examples/experimental_dimming/dimming_server/CMakeFiles/light_switch_dimming_server_nrf52840_xxAA_s140_6.1.0.dir/__/__/__/mesh/core/src/flash_manager_defrag.c.obj
                0x0002b18c                flash_manager_defrag
 .text.flash_manager_defrag_recovery_page_get
                0x0002b1d0        0xc examples/experimental_dimming/dimming_server/CMakeFiles/light_switch_dimming_server_nrf52840_xxAA_s140_6.1.0.dir/__/__/__/mesh/core/src/flash_manager_defrag.c.obj
                0x0002b1d0                flash_manager_defrag_recovery_page_get
 .text.fifo_init
                0x0002b1dc       0x34 examples/experimental_dimming/dimming_server/CMakeFiles/light_switch_dimming_server_nrf52840_xxAA_s140_6.1.0.dir/__/__/__/mesh/core/src/fifo.c.obj
                0x0002b1dc                fifo_init
 .text.fifo_pop
                0x0002b210       0x52 examples/experimental_dimming/dimming_server/CMakeFiles/light_switch_dimming_server_nrf52840_xxAA_s140_6.1.0.dir/__/__/__/mesh/core/src/fifo.c.obj
                0x0002b210                fifo_pop
 *fill*         0x0002b262        0x2 
 .text.wait_for_ready
                0x0002b264       0x10 examples/experimental_dimming/dimming_server/CMakeFiles/light_switch_dimming_server_nrf52840_xxAA_s140_6.1.0.dir/__/__/__/mesh/core/src/nrf_flash.c.obj
 .text.nrf_flash_erase
                0x0002b274       0x50 examples/experimental_dimming/dimming_server/CMakeFiles/light_switch_dimming_server_nrf52840_xxAA_s140_6.1.0.dir/__/__/__/mesh/core/src/nrf_flash.c.obj
                0x0002b274                nrf_flash_erase
 .text.nrf_flash_write
                0x0002b2c4       0x50 examples/experimental_dimming/dimming_server/CMakeFiles/light_switch_dimming_server_nrf52840_xxAA_s140_6.1.0.dir/__/__/__/mesh/core/src/nrf_flash.c.obj
                0x0002b2c4                nrf_flash_write
 .text.entry_recover_cb
                0x0002b314       0x18 examples/experimental_dimming/dimming_server/CMakeFiles/light_switch_dimming_server_nrf52840_xxAA_s140_6.1.0.dir/__/__/__/mesh/core/src/net_state.c.obj
 .text.flash_store_iv_index
                0x0002b32c       0x38 examples/experimental_dimming/dimming_server/CMakeFiles/light_switch_dimming_server_nrf52840_xxAA_s140_6.1.0.dir/__/__/__/mesh/core/src/net_state.c.obj
 .text.flash_mem_available
                0x0002b364       0x14 examples/experimental_dimming/dimming_server/CMakeFiles/light_switch_dimming_server_nrf52840_xxAA_s140_6.1.0.dir/__/__/__/mesh/core/src/net_state.c.obj
 .text.seqnum_block_allocate
                0x0002b378       0x4c examples/experimental_dimming/dimming_server/CMakeFiles/light_switch_dimming_server_nrf52840_xxAA_s140_6.1.0.dir/__/__/__/mesh/core/src/net_state.c.obj
 .text.net_state_reset
                0x0002b3c4       0x48 examples/experimental_dimming/dimming_server/CMakeFiles/light_switch_dimming_server_nrf52840_xxAA_s140_6.1.0.dir/__/__/__/mesh/core/src/net_state.c.obj
                0x0002b3c4                net_state_reset
 .text.flash_write_complete
                0x0002b40c       0x64 examples/experimental_dimming/dimming_server/CMakeFiles/light_switch_dimming_server_nrf52840_xxAA_s140_6.1.0.dir/__/__/__/mesh/core/src/net_state.c.obj
 .text.net_state_recover_from_flash
                0x0002b470       0x60 examples/experimental_dimming/dimming_server/CMakeFiles/light_switch_dimming_server_nrf52840_xxAA_s140_6.1.0.dir/__/__/__/mesh/core/src/net_state.c.obj
                0x0002b470                net_state_recover_from_flash
 .text.net_state_flash_area_get
                0x0002b4d0        0xc examples/experimental_dimming/dimming_server/CMakeFiles/light_switch_dimming_server_nrf52840_xxAA_s140_6.1.0.dir/__/__/__/mesh/core/src/net_state.c.obj
                0x0002b4d0                net_state_flash_area_get
 .text.init_flash_storage
                0x0002b4dc       0x40 examples/experimental_dimming/dimming_server/CMakeFiles/light_switch_dimming_server_nrf52840_xxAA_s140_6.1.0.dir/__/__/__/mesh/core/src/net_state.c.obj
 .text.net_state_init
                0x0002b51c       0x44 examples/experimental_dimming/dimming_server/CMakeFiles/light_switch_dimming_server_nrf52840_xxAA_s140_6.1.0.dir/__/__/__/mesh/core/src/net_state.c.obj
                0x0002b51c                net_state_init
 .text.net_state_enable
                0x0002b560       0x30 examples/experimental_dimming/dimming_server/CMakeFiles/light_switch_dimming_server_nrf52840_xxAA_s140_6.1.0.dir/__/__/__/mesh/core/src/net_state.c.obj
                0x0002b560                net_state_enable
 .text.net_state_iv_update_start
                0x0002b590       0x68 examples/experimental_dimming/dimming_server/CMakeFiles/light_switch_dimming_server_nrf52840_xxAA_s140_6.1.0.dir/__/__/__/mesh/core/src/net_state.c.obj
                0x0002b590                net_state_iv_update_start
 .text.iv_update_trigger_if_pending
                0x0002b5f8       0x80 examples/experimental_dimming/dimming_server/CMakeFiles/light_switch_dimming_server_nrf52840_xxAA_s140_6.1.0.dir/__/__/__/mesh/core/src/net_state.c.obj
 .text.iv_update_timer_handler
                0x0002b678       0x68 examples/experimental_dimming/dimming_server/CMakeFiles/light_switch_dimming_server_nrf52840_xxAA_s140_6.1.0.dir/__/__/__/mesh/core/src/net_state.c.obj
 .text.mesh_evt_handler
                0x0002b6e0       0xa0 examples/experimental_dimming/dimming_server/CMakeFiles/light_switch_dimming_server_nrf52840_xxAA_s140_6.1.0.dir/__/__/__/mesh/core/src/net_state.c.obj
 .text.net_state_seqnum_alloc
                0x0002b780       0x68 examples/experimental_dimming/dimming_server/CMakeFiles/light_switch_dimming_server_nrf52840_xxAA_s140_6.1.0.dir/__/__/__/mesh/core/src/net_state.c.obj
                0x0002b780                net_state_seqnum_alloc
 .text.net_state_iv_index_lock
                0x0002b7e8       0x3c examples/experimental_dimming/dimming_server/CMakeFiles/light_switch_dimming_server_nrf52840_xxAA_s140_6.1.0.dir/__/__/__/mesh/core/src/net_state.c.obj
                0x0002b7e8                net_state_iv_index_lock
 .text.net_state_key_refresh_phase_changed
                0x0002b824       0x20 examples/experimental_dimming/dimming_server/CMakeFiles/light_switch_dimming_server_nrf52840_xxAA_s140_6.1.0.dir/__/__/__/mesh/core/src/net_state.c.obj
                0x0002b824                net_state_key_refresh_phase_changed
 .text.net_state_beacon_iv_index_get
                0x0002b844        0xc examples/experimental_dimming/dimming_server/CMakeFiles/light_switch_dimming_server_nrf52840_xxAA_s140_6.1.0.dir/__/__/__/mesh/core/src/net_state.c.obj
                0x0002b844                net_state_beacon_iv_index_get
 .text.net_state_tx_iv_index_get
                0x0002b850       0x14 examples/experimental_dimming/dimming_server/CMakeFiles/light_switch_dimming_server_nrf52840_xxAA_s140_6.1.0.dir/__/__/__/mesh/core/src/net_state.c.obj
                0x0002b850                net_state_tx_iv_index_get
 .text.net_state_rx_iv_index_get
                0x0002b864       0x18 examples/experimental_dimming/dimming_server/CMakeFiles/light_switch_dimming_server_nrf52840_xxAA_s140_6.1.0.dir/__/__/__/mesh/core/src/net_state.c.obj
                0x0002b864                net_state_rx_iv_index_get
 .text.net_state_iv_update_get
                0x0002b87c        0xc examples/experimental_dimming/dimming_server/CMakeFiles/light_switch_dimming_server_nrf52840_xxAA_s140_6.1.0.dir/__/__/__/mesh/core/src/net_state.c.obj
                0x0002b87c                net_state_iv_update_get
 .text.net_state_iv_index_set
                0x0002b888       0x30 examples/experimental_dimming/dimming_server/CMakeFiles/light_switch_dimming_server_nrf52840_xxAA_s140_6.1.0.dir/__/__/__/mesh/core/src/net_state.c.obj
                0x0002b888                net_state_iv_index_set
 .text.send_end_events
                0x0002b8b8       0x84 examples/experimental_dimming/dimming_server/CMakeFiles/light_switch_dimming_server_nrf52840_xxAA_s140_6.1.0.dir/__/__/__/mesh/core/src/mesh_flash.c.obj
 .text.flash_op_action_prepare
                0x0002b93c       0x78 examples/experimental_dimming/dimming_server/CMakeFiles/light_switch_dimming_server_nrf52840_xxAA_s140_6.1.0.dir/__/__/__/mesh/core/src/mesh_flash.c.obj
 .text.flash_op_schedule
                0x0002b9b4       0x20 examples/experimental_dimming/dimming_server/CMakeFiles/light_switch_dimming_server_nrf52840_xxAA_s140_6.1.0.dir/__/__/__/mesh/core/src/mesh_flash.c.obj
 .text.flash_op_start
                0x0002b9d4      0x13c examples/experimental_dimming/dimming_server/CMakeFiles/light_switch_dimming_server_nrf52840_xxAA_s140_6.1.0.dir/__/__/__/mesh/core/src/mesh_flash.c.obj
 .text.mesh_flash_init
                0x0002bb10       0x88 examples/experimental_dimming/dimming_server/CMakeFiles/light_switch_dimming_server_nrf52840_xxAA_s140_6.1.0.dir/__/__/__/mesh/core/src/mesh_flash.c.obj
                0x0002bb10                mesh_flash_init
 .text.mesh_flash_user_callback_set
                0x0002bb98       0x20 examples/experimental_dimming/dimming_server/CMakeFiles/light_switch_dimming_server_nrf52840_xxAA_s140_6.1.0.dir/__/__/__/mesh/core/src/mesh_flash.c.obj
                0x0002bb98                mesh_flash_user_callback_set
 .text.mesh_flash_op_push
                0x0002bbb8      0x10c examples/experimental_dimming/dimming_server/CMakeFiles/light_switch_dimming_server_nrf52840_xxAA_s140_6.1.0.dir/__/__/__/mesh/core/src/mesh_flash.c.obj
                0x0002bbb8                mesh_flash_op_push
 .text.mesh_flash_set_suspended
                0x0002bcc4       0x74 examples/experimental_dimming/dimming_server/CMakeFiles/light_switch_dimming_server_nrf52840_xxAA_s140_6.1.0.dir/__/__/__/mesh/core/src/mesh_flash.c.obj
                0x0002bcc4                mesh_flash_set_suspended
 .text.nrf_mesh_address_type_get
                0x0002bd38       0x10 examples/experimental_dimming/dimming_server/CMakeFiles/light_switch_dimming_server_nrf52840_xxAA_s140_6.1.0.dir/__/__/__/mesh/core/src/nrf_mesh_utils.c.obj
                0x0002bd38                nrf_mesh_address_type_get
 .text.sd_softdevice_is_enabled
                0x0002bd48        0x4 examples/experimental_dimming/dimming_server/CMakeFiles/light_switch_dimming_server_nrf52840_xxAA_s140_6.1.0.dir/__/__/__/mesh/core/src/nrf_mesh.c.obj
 .text.nrf_mesh_listen
                0x0002bd4c      0x138 examples/experimental_dimming/dimming_server/CMakeFiles/light_switch_dimming_server_nrf52840_xxAA_s140_6.1.0.dir/__/__/__/mesh/core/src/nrf_mesh.c.obj
 .text.scanner_packet_process_cb
                0x0002be84       0x8c examples/experimental_dimming/dimming_server/CMakeFiles/light_switch_dimming_server_nrf52840_xxAA_s140_6.1.0.dir/__/__/__/mesh/core/src/nrf_mesh.c.obj
 .text.bearer_stopped_cb
                0x0002bf10       0x30 examples/experimental_dimming/dimming_server/CMakeFiles/light_switch_dimming_server_nrf52840_xxAA_s140_6.1.0.dir/__/__/__/mesh/core/src/nrf_mesh.c.obj
 .text.nrf_mesh_init
                0x0002bf40       0xcc examples/experimental_dimming/dimming_server/CMakeFiles/light_switch_dimming_server_nrf52840_xxAA_s140_6.1.0.dir/__/__/__/mesh/core/src/nrf_mesh.c.obj
                0x0002bf40                nrf_mesh_init
 .text.nrf_mesh_enable
                0x0002c00c       0xa8 examples/experimental_dimming/dimming_server/CMakeFiles/light_switch_dimming_server_nrf52840_xxAA_s140_6.1.0.dir/__/__/__/mesh/core/src/nrf_mesh.c.obj
                0x0002c00c                nrf_mesh_enable
 .text.nrf_mesh_disable
                0x0002c0b4       0x2c examples/experimental_dimming/dimming_server/CMakeFiles/light_switch_dimming_server_nrf52840_xxAA_s140_6.1.0.dir/__/__/__/mesh/core/src/nrf_mesh.c.obj
                0x0002c0b4                nrf_mesh_disable
 .text.nrf_mesh_packet_send
                0x0002c0e0        0x4 examples/experimental_dimming/dimming_server/CMakeFiles/light_switch_dimming_server_nrf52840_xxAA_s140_6.1.0.dir/__/__/__/mesh/core/src/nrf_mesh.c.obj
                0x0002c0e0                nrf_mesh_packet_send
 .text.nrf_mesh_evt_handler_add
                0x0002c0e4        0x4 examples/experimental_dimming/dimming_server/CMakeFiles/light_switch_dimming_server_nrf52840_xxAA_s140_6.1.0.dir/__/__/__/mesh/core/src/nrf_mesh.c.obj
                0x0002c0e4                nrf_mesh_evt_handler_add
 .text.nrf_mesh_evt_handler_remove
                0x0002c0e8        0x4 examples/experimental_dimming/dimming_server/CMakeFiles/light_switch_dimming_server_nrf52840_xxAA_s140_6.1.0.dir/__/__/__/mesh/core/src/nrf_mesh.c.obj
                0x0002c0e8                nrf_mesh_evt_handler_remove
 .text.nrf_mesh_on_sd_evt
                0x0002c0ec        0xa examples/experimental_dimming/dimming_server/CMakeFiles/light_switch_dimming_server_nrf52840_xxAA_s140_6.1.0.dir/__/__/__/mesh/core/src/nrf_mesh.c.obj
                0x0002c0ec                nrf_mesh_on_sd_evt
 .text.nrf_mesh_subnet_added
                0x0002c0f6        0x4 examples/experimental_dimming/dimming_server/CMakeFiles/light_switch_dimming_server_nrf52840_xxAA_s140_6.1.0.dir/__/__/__/mesh/core/src/nrf_mesh.c.obj
                0x0002c0f6                nrf_mesh_subnet_added
 *fill*         0x0002c0fa        0x2 
 .text.nrf_mesh_unique_token_get
                0x0002c0fc       0x18 examples/experimental_dimming/dimming_server/CMakeFiles/light_switch_dimming_server_nrf52840_xxAA_s140_6.1.0.dir/__/__/__/mesh/core/src/nrf_mesh.c.obj
                0x0002c0fc                nrf_mesh_unique_token_get
 .text.queue_init
                0x0002c114       0x14 examples/experimental_dimming/dimming_server/CMakeFiles/light_switch_dimming_server_nrf52840_xxAA_s140_6.1.0.dir/__/__/__/mesh/core/src/queue.c.obj
                0x0002c114                queue_init
 .text.queue_push
                0x0002c128       0x34 examples/experimental_dimming/dimming_server/CMakeFiles/light_switch_dimming_server_nrf52840_xxAA_s140_6.1.0.dir/__/__/__/mesh/core/src/queue.c.obj
                0x0002c128                queue_push
 .text.queue_pop
                0x0002c15c       0x26 examples/experimental_dimming/dimming_server/CMakeFiles/light_switch_dimming_server_nrf52840_xxAA_s140_6.1.0.dir/__/__/__/mesh/core/src/queue.c.obj
                0x0002c15c                queue_pop
 .text.queue_peek
                0x0002c182       0x10 examples/experimental_dimming/dimming_server/CMakeFiles/light_switch_dimming_server_nrf52840_xxAA_s140_6.1.0.dir/__/__/__/mesh/core/src/queue.c.obj
                0x0002c182                queue_peek
 .text.sd_power_reset_reason_clr
                0x0002c192        0x4 examples/experimental_dimming/dimming_server/CMakeFiles/light_switch_dimming_server_nrf52840_xxAA_s140_6.1.0.dir/__/__/__/mesh/core/src/hal.c.obj
 *fill*         0x0002c196        0x2 
 .text.hal_device_reset
                0x0002c198       0x2c examples/experimental_dimming/dimming_server/CMakeFiles/light_switch_dimming_server_nrf52840_xxAA_s140_6.1.0.dir/__/__/__/mesh/core/src/hal.c.obj
                0x0002c198                hal_device_reset
 .text.hal_lfclk_ppm_get
                0x0002c1c4       0x14 examples/experimental_dimming/dimming_server/CMakeFiles/light_switch_dimming_server_nrf52840_xxAA_s140_6.1.0.dir/__/__/__/mesh/core/src/hal.c.obj
                0x0002c1c4                hal_lfclk_ppm_get
 .text.hal_irq_active_get
                0x0002c1d8       0x10 examples/experimental_dimming/dimming_server/CMakeFiles/light_switch_dimming_server_nrf52840_xxAA_s140_6.1.0.dir/__/__/__/mesh/core/src/hal.c.obj
                0x0002c1d8                hal_irq_active_get
 .text.hal_irq_is_enabled
                0x0002c1e8       0x28 examples/experimental_dimming/dimming_server/CMakeFiles/light_switch_dimming_server_nrf52840_xxAA_s140_6.1.0.dir/__/__/__/mesh/core/src/hal.c.obj
                0x0002c1e8                hal_irq_is_enabled
 .text.sd_ecb_block_encrypt
                0x0002c210        0x4 examples/experimental_dimming/dimming_server/CMakeFiles/light_switch_dimming_server_nrf52840_xxAA_s140_6.1.0.dir/__/__/__/mesh/core/src/aes_cmac.c.obj
 .text.utils_xor.constprop.1
                0x0002c214       0x20 examples/experimental_dimming/dimming_server/CMakeFiles/light_switch_dimming_server_nrf52840_xxAA_s140_6.1.0.dir/__/__/__/mesh/core/src/aes_cmac.c.obj
 .text.aes_cmac
                0x0002c234      0x112 examples/experimental_dimming/dimming_server/CMakeFiles/light_switch_dimming_server_nrf52840_xxAA_s140_6.1.0.dir/__/__/__/mesh/core/src/aes_cmac.c.obj
                0x0002c234                aes_cmac
 *fill*         0x0002c346        0x2 
 .text.add_evt  0x0002c348       0x50 examples/experimental_dimming/dimming_server/CMakeFiles/light_switch_dimming_server_nrf52840_xxAA_s140_6.1.0.dir/__/__/__/mesh/core/src/timer_scheduler.c.obj
 .text.remove_evt
                0x0002c398       0x50 examples/experimental_dimming/dimming_server/CMakeFiles/light_switch_dimming_server_nrf52840_xxAA_s140_6.1.0.dir/__/__/__/mesh/core/src/timer_scheduler.c.obj
 .text.timer_cb
                0x0002c3e8        0xc examples/experimental_dimming/dimming_server/CMakeFiles/light_switch_dimming_server_nrf52840_xxAA_s140_6.1.0.dir/__/__/__/mesh/core/src/timer_scheduler.c.obj
 .text.setup_timeout.isra.0
                0x0002c3f4       0x1c examples/experimental_dimming/dimming_server/CMakeFiles/light_switch_dimming_server_nrf52840_xxAA_s140_6.1.0.dir/__/__/__/mesh/core/src/timer_scheduler.c.obj
 .text.flag_event_cb
                0x0002c410       0x98 examples/experimental_dimming/dimming_server/CMakeFiles/light_switch_dimming_server_nrf52840_xxAA_s140_6.1.0.dir/__/__/__/mesh/core/src/timer_scheduler.c.obj
 .text.timer_sch_init
                0x0002c4a8       0x2c examples/experimental_dimming/dimming_server/CMakeFiles/light_switch_dimming_server_nrf52840_xxAA_s140_6.1.0.dir/__/__/__/mesh/core/src/timer_scheduler.c.obj
                0x0002c4a8                timer_sch_init
 .text.timer_sch_schedule
                0x0002c4d4       0x44 examples/experimental_dimming/dimming_server/CMakeFiles/light_switch_dimming_server_nrf52840_xxAA_s140_6.1.0.dir/__/__/__/mesh/core/src/timer_scheduler.c.obj
                0x0002c4d4                timer_sch_schedule
 .text.timer_sch_abort
                0x0002c518       0x2e examples/experimental_dimming/dimming_server/CMakeFiles/light_switch_dimming_server_nrf52840_xxAA_s140_6.1.0.dir/__/__/__/mesh/core/src/timer_scheduler.c.obj
                0x0002c518                timer_sch_abort
 .text.timer_sch_reschedule
                0x0002c546       0x38 examples/experimental_dimming/dimming_server/CMakeFiles/light_switch_dimming_server_nrf52840_xxAA_s140_6.1.0.dir/__/__/__/mesh/core/src/timer_scheduler.c.obj
                0x0002c546                timer_sch_reschedule
 .text.timer_sch_is_scheduled
                0x0002c57e       0x16 examples/experimental_dimming/dimming_server/CMakeFiles/light_switch_dimming_server_nrf52840_xxAA_s140_6.1.0.dir/__/__/__/mesh/core/src/timer_scheduler.c.obj
                0x0002c57e                timer_sch_is_scheduled
 .text.timer_init
                0x0002c594       0x1a examples/experimental_dimming/dimming_server/CMakeFiles/light_switch_dimming_server_nrf52840_xxAA_s140_6.1.0.dir/__/__/__/mesh/core/src/timer.c.obj
                0x0002c594                timer_init
 *fill*         0x0002c5ae        0x2 
 .text.timer_now
                0x0002c5b0       0x48 examples/experimental_dimming/dimming_server/CMakeFiles/light_switch_dimming_server_nrf52840_xxAA_s140_6.1.0.dir/__/__/__/mesh/core/src/timer.c.obj
                0x0002c5b0                timer_now
 .text.nrf_mesh_timer_tail_handle
                0x0002c5f8       0x34 examples/experimental_dimming/dimming_server/CMakeFiles/light_switch_dimming_server_nrf52840_xxAA_s140_6.1.0.dir/__/__/__/mesh/core/src/timer.c.obj
                0x0002c5f8                nrf_mesh_timer_tail_handle
 .text.nrf_mesh_timer_ovfw_handle
                0x0002c62c       0x9c examples/experimental_dimming/dimming_server/CMakeFiles/light_switch_dimming_server_nrf52840_xxAA_s140_6.1.0.dir/__/__/__/mesh/core/src/timer.c.obj
                0x0002c62c                nrf_mesh_timer_ovfw_handle
 .text.timer_start
                0x0002c6c8       0xac examples/experimental_dimming/dimming_server/CMakeFiles/light_switch_dimming_server_nrf52840_xxAA_s140_6.1.0.dir/__/__/__/mesh/core/src/timer.c.obj
                0x0002c6c8                timer_start
 .text.timer_stop
                0x0002c774       0x30 examples/experimental_dimming/dimming_server/CMakeFiles/light_switch_dimming_server_nrf52840_xxAA_s140_6.1.0.dir/__/__/__/mesh/core/src/timer.c.obj
                0x0002c774                timer_stop
 .text.sd_rand_application_bytes_available_get
                0x0002c7a4        0x4 examples/experimental_dimming/dimming_server/CMakeFiles/light_switch_dimming_server_nrf52840_xxAA_s140_6.1.0.dir/__/__/__/mesh/core/src/rand.c.obj
 .text.sd_rand_application_vector_get
                0x0002c7a8        0x4 examples/experimental_dimming/dimming_server/CMakeFiles/light_switch_dimming_server_nrf52840_xxAA_s140_6.1.0.dir/__/__/__/mesh/core/src/rand.c.obj
 .text.rand_prng_get
                0x0002c7ac       0x22 examples/experimental_dimming/dimming_server/CMakeFiles/light_switch_dimming_server_nrf52840_xxAA_s140_6.1.0.dir/__/__/__/mesh/core/src/rand.c.obj
                0x0002c7ac                rand_prng_get
 .text.rand_hw_rng_get
                0x0002c7ce       0x44 examples/experimental_dimming/dimming_server/CMakeFiles/light_switch_dimming_server_nrf52840_xxAA_s140_6.1.0.dir/__/__/__/mesh/core/src/rand.c.obj
                0x0002c7ce                rand_hw_rng_get
 *fill*         0x0002c812        0x2 
 .text.rand_prng_seed
                0x0002c814       0x34 examples/experimental_dimming/dimming_server/CMakeFiles/light_switch_dimming_server_nrf52840_xxAA_s140_6.1.0.dir/__/__/__/mesh/core/src/rand.c.obj
                0x0002c814                rand_prng_seed
 .text.mesh_opt_init
                0x0002c848        0x2 examples/experimental_dimming/dimming_server/CMakeFiles/light_switch_dimming_server_nrf52840_xxAA_s140_6.1.0.dir/__/__/__/mesh/core/src/mesh_opt.c.obj
                0x0002c848                mesh_opt_init
 .text.sd_radio_session_open
                0x0002c84a        0x4 examples/experimental_dimming/dimming_server/CMakeFiles/light_switch_dimming_server_nrf52840_xxAA_s140_6.1.0.dir/__/__/__/mesh/core/src/timeslot.c.obj
 .text.sd_radio_session_close
                0x0002c84e        0x4 examples/experimental_dimming/dimming_server/CMakeFiles/light_switch_dimming_server_nrf52840_xxAA_s140_6.1.0.dir/__/__/__/mesh/core/src/timeslot.c.obj
 .text.sd_radio_request
                0x0002c852        0x4 examples/experimental_dimming/dimming_server/CMakeFiles/light_switch_dimming_server_nrf52840_xxAA_s140_6.1.0.dir/__/__/__/mesh/core/src/timeslot.c.obj
 *fill*         0x0002c856        0x2 
 .text.end_timer_handler
                0x0002c858       0x24 examples/experimental_dimming/dimming_server/CMakeFiles/light_switch_dimming_server_nrf52840_xxAA_s140_6.1.0.dir/__/__/__/mesh/core/src/timeslot.c.obj
 .text.get_end_time.isra.3
                0x0002c87c       0x20 examples/experimental_dimming/dimming_server/CMakeFiles/light_switch_dimming_server_nrf52840_xxAA_s140_6.1.0.dir/__/__/__/mesh/core/src/timeslot.c.obj
 .text.on_ts_begin.constprop.9
                0x0002c89c       0x48 examples/experimental_dimming/dimming_server/CMakeFiles/light_switch_dimming_server_nrf52840_xxAA_s140_6.1.0.dir/__/__/__/mesh/core/src/timeslot.c.obj
 .text.handle_extend_end.constprop.5
                0x0002c8e4       0x80 examples/experimental_dimming/dimming_server/CMakeFiles/light_switch_dimming_server_nrf52840_xxAA_s140_6.1.0.dir/__/__/__/mesh/core/src/timeslot.c.obj
 .text.radio_signal_callback
                0x0002c964      0x12c examples/experimental_dimming/dimming_server/CMakeFiles/light_switch_dimming_server_nrf52840_xxAA_s140_6.1.0.dir/__/__/__/mesh/core/src/timeslot.c.obj
 .text.timeslot_sd_event_handler
                0x0002ca90       0x60 examples/experimental_dimming/dimming_server/CMakeFiles/light_switch_dimming_server_nrf52840_xxAA_s140_6.1.0.dir/__/__/__/mesh/core/src/timeslot.c.obj
                0x0002ca90                timeslot_sd_event_handler
 .text.timeslot_init
                0x0002caf0       0x50 examples/experimental_dimming/dimming_server/CMakeFiles/light_switch_dimming_server_nrf52840_xxAA_s140_6.1.0.dir/__/__/__/mesh/core/src/timeslot.c.obj
                0x0002caf0                timeslot_init
 .text.timeslot_start
                0x0002cb40       0x48 examples/experimental_dimming/dimming_server/CMakeFiles/light_switch_dimming_server_nrf52840_xxAA_s140_6.1.0.dir/__/__/__/mesh/core/src/timeslot.c.obj
                0x0002cb40                timeslot_start
 .text.timeslot_end_is_pending
                0x0002cb88       0x28 examples/experimental_dimming/dimming_server/CMakeFiles/light_switch_dimming_server_nrf52840_xxAA_s140_6.1.0.dir/__/__/__/mesh/core/src/timeslot.c.obj
                0x0002cb88                timeslot_end_is_pending
 .text.timeslot_length_get
                0x0002cbb0        0xc examples/experimental_dimming/dimming_server/CMakeFiles/light_switch_dimming_server_nrf52840_xxAA_s140_6.1.0.dir/__/__/__/mesh/core/src/timeslot.c.obj
                0x0002cbb0                timeslot_length_get
 .text.timeslot_remaining_time_get
                0x0002cbbc       0x24 examples/experimental_dimming/dimming_server/CMakeFiles/light_switch_dimming_server_nrf52840_xxAA_s140_6.1.0.dir/__/__/__/mesh/core/src/timeslot.c.obj
                0x0002cbbc                timeslot_remaining_time_get
 .text.timeslot_is_in_cb
                0x0002cbe0        0xc examples/experimental_dimming/dimming_server/CMakeFiles/light_switch_dimming_server_nrf52840_xxAA_s140_6.1.0.dir/__/__/__/mesh/core/src/timeslot.c.obj
                0x0002cbe0                timeslot_is_in_cb
 .text.timeslot_session_is_active
                0x0002cbec       0x10 examples/experimental_dimming/dimming_server/CMakeFiles/light_switch_dimming_server_nrf52840_xxAA_s140_6.1.0.dir/__/__/__/mesh/core/src/timeslot.c.obj
                0x0002cbec                timeslot_session_is_active
 .text.timeslot_trigger
                0x0002cbfc       0x24 examples/experimental_dimming/dimming_server/CMakeFiles/light_switch_dimming_server_nrf52840_xxAA_s140_6.1.0.dir/__/__/__/mesh/core/src/timeslot.c.obj
                0x0002cbfc                timeslot_trigger
 .text.timeslot_stop
                0x0002cc20       0x1c examples/experimental_dimming/dimming_server/CMakeFiles/light_switch_dimming_server_nrf52840_xxAA_s140_6.1.0.dir/__/__/__/mesh/core/src/timeslot.c.obj
                0x0002cc20                timeslot_stop
 .text.timeslot_restart
                0x0002cc3c       0x24 examples/experimental_dimming/dimming_server/CMakeFiles/light_switch_dimming_server_nrf52840_xxAA_s140_6.1.0.dir/__/__/__/mesh/core/src/timeslot.c.obj
                0x0002cc3c                timeslot_restart
 .text.timeslot_state_lock
                0x0002cc60       0x28 examples/experimental_dimming/dimming_server/CMakeFiles/light_switch_dimming_server_nrf52840_xxAA_s140_6.1.0.dir/__/__/__/mesh/core/src/timeslot.c.obj
                0x0002cc60                timeslot_state_lock
 .text.timer_mut_unlock
                0x0002cc88       0x10 examples/experimental_dimming/dimming_server/CMakeFiles/light_switch_dimming_server_nrf52840_xxAA_s140_6.1.0.dir/__/__/__/mesh/core/src/timeslot_timer.c.obj
 .text.ts_timer_order_cb
                0x0002cc98       0x64 examples/experimental_dimming/dimming_server/CMakeFiles/light_switch_dimming_server_nrf52840_xxAA_s140_6.1.0.dir/__/__/__/mesh/core/src/timeslot_timer.c.obj
                0x0002cc98                ts_timer_order_cb
 .text.ts_timer_now
                0x0002ccfc       0x40 examples/experimental_dimming/dimming_server/CMakeFiles/light_switch_dimming_server_nrf52840_xxAA_s140_6.1.0.dir/__/__/__/mesh/core/src/timeslot_timer.c.obj
                0x0002ccfc                ts_timer_now
 .text.ts_timer_event_handler
                0x0002cd3c       0x68 examples/experimental_dimming/dimming_server/CMakeFiles/light_switch_dimming_server_nrf52840_xxAA_s140_6.1.0.dir/__/__/__/mesh/core/src/timeslot_timer.c.obj
                0x0002cd3c                ts_timer_event_handler
 .text.ts_timer_to_device_time
                0x0002cda4        0xc examples/experimental_dimming/dimming_server/CMakeFiles/light_switch_dimming_server_nrf52840_xxAA_s140_6.1.0.dir/__/__/__/mesh/core/src/timeslot_timer.c.obj
                0x0002cda4                ts_timer_to_device_time
 .text.ts_timer_on_ts_begin
                0x0002cdb0       0x6c examples/experimental_dimming/dimming_server/CMakeFiles/light_switch_dimming_server_nrf52840_xxAA_s140_6.1.0.dir/__/__/__/mesh/core/src/timeslot_timer.c.obj
                0x0002cdb0                ts_timer_on_ts_begin
 .text.ts_timer_on_ts_end
                0x0002ce1c       0x48 examples/experimental_dimming/dimming_server/CMakeFiles/light_switch_dimming_server_nrf52840_xxAA_s140_6.1.0.dir/__/__/__/mesh/core/src/timeslot_timer.c.obj
                0x0002ce1c                ts_timer_on_ts_end
 .text.trigger_event_handler
                0x0002ce64       0x1c examples/experimental_dimming/dimming_server/CMakeFiles/light_switch_dimming_server_nrf52840_xxAA_s140_6.1.0.dir/__/__/__/mesh/core/src/bearer_event.c.obj
 .text.bearer_event_init
                0x0002ce80       0x58 examples/experimental_dimming/dimming_server/CMakeFiles/light_switch_dimming_server_nrf52840_xxAA_s140_6.1.0.dir/__/__/__/mesh/core/src/bearer_event.c.obj
                0x0002ce80                bearer_event_init
 .text.bearer_event_start
                0x0002ced8       0x48 examples/experimental_dimming/dimming_server/CMakeFiles/light_switch_dimming_server_nrf52840_xxAA_s140_6.1.0.dir/__/__/__/mesh/core/src/bearer_event.c.obj
                0x0002ced8                bearer_event_start
 .text.bearer_event_critical_section_begin
                0x0002cf20       0x80 examples/experimental_dimming/dimming_server/CMakeFiles/light_switch_dimming_server_nrf52840_xxAA_s140_6.1.0.dir/__/__/__/mesh/core/src/bearer_event.c.obj
                0x0002cf20                bearer_event_critical_section_begin
 .text.bearer_event_critical_section_end
                0x0002cfa0       0x60 examples/experimental_dimming/dimming_server/CMakeFiles/light_switch_dimming_server_nrf52840_xxAA_s140_6.1.0.dir/__/__/__/mesh/core/src/bearer_event.c.obj
                0x0002cfa0                bearer_event_critical_section_end
 .text.bearer_event_flag_add
                0x0002d000       0x3c examples/experimental_dimming/dimming_server/CMakeFiles/light_switch_dimming_server_nrf52840_xxAA_s140_6.1.0.dir/__/__/__/mesh/core/src/bearer_event.c.obj
                0x0002d000                bearer_event_flag_add
 .text.bearer_event_flag_set
                0x0002d03c       0x44 examples/experimental_dimming/dimming_server/CMakeFiles/light_switch_dimming_server_nrf52840_xxAA_s140_6.1.0.dir/__/__/__/mesh/core/src/bearer_event.c.obj
                0x0002d03c                bearer_event_flag_set
 .text.bearer_event_sequential_add
                0x0002d080       0x2e examples/experimental_dimming/dimming_server/CMakeFiles/light_switch_dimming_server_nrf52840_xxAA_s140_6.1.0.dir/__/__/__/mesh/core/src/bearer_event.c.obj
                0x0002d080                bearer_event_sequential_add
 *fill*         0x0002d0ae        0x2 
 .text.bearer_event_sequential_post
                0x0002d0b0       0x44 examples/experimental_dimming/dimming_server/CMakeFiles/light_switch_dimming_server_nrf52840_xxAA_s140_6.1.0.dir/__/__/__/mesh/core/src/bearer_event.c.obj
                0x0002d0b0                bearer_event_sequential_post
 .text.bearer_event_sequential_pending
                0x0002d0f4       0x10 examples/experimental_dimming/dimming_server/CMakeFiles/light_switch_dimming_server_nrf52840_xxAA_s140_6.1.0.dir/__/__/__/mesh/core/src/bearer_event.c.obj
                0x0002d0f4                bearer_event_sequential_pending
 .text.bearer_event_handler
                0x0002d104       0xe4 examples/experimental_dimming/dimming_server/CMakeFiles/light_switch_dimming_server_nrf52840_xxAA_s140_6.1.0.dir/__/__/__/mesh/core/src/bearer_event.c.obj
                0x0002d104                bearer_event_handler
 .text.QDEC_IRQHandler
                0x0002d1e8        0x4 examples/experimental_dimming/dimming_server/CMakeFiles/light_switch_dimming_server_nrf52840_xxAA_s140_6.1.0.dir/__/__/__/mesh/core/src/bearer_event.c.obj
                0x0002d1e8                QDEC_IRQHandler
 .text.bearer_event_in_correct_irq_priority
                0x0002d1ec       0x74 examples/experimental_dimming/dimming_server/CMakeFiles/light_switch_dimming_server_nrf52840_xxAA_s140_6.1.0.dir/__/__/__/mesh/core/src/bearer_event.c.obj
                0x0002d1ec                bearer_event_in_correct_irq_priority
 .text.sd_ecb_block_encrypt
                0x0002d260        0x4 examples/experimental_dimming/dimming_server/CMakeFiles/light_switch_dimming_server_nrf52840_xxAA_s140_6.1.0.dir/__/__/__/mesh/core/src/enc.c.obj
 .text.enc_aes_encrypt
                0x0002d264       0x32 examples/experimental_dimming/dimming_server/CMakeFiles/light_switch_dimming_server_nrf52840_xxAA_s140_6.1.0.dir/__/__/__/mesh/core/src/enc.c.obj
                0x0002d264                enc_aes_encrypt
 .text.enc_aes_cmac
                0x0002d296        0x4 examples/experimental_dimming/dimming_server/CMakeFiles/light_switch_dimming_server_nrf52840_xxAA_s140_6.1.0.dir/__/__/__/mesh/core/src/enc.c.obj
                0x0002d296                enc_aes_cmac
 .text.enc_aes_ccm_encrypt
                0x0002d29a        0x4 examples/experimental_dimming/dimming_server/CMakeFiles/light_switch_dimming_server_nrf52840_xxAA_s140_6.1.0.dir/__/__/__/mesh/core/src/enc.c.obj
                0x0002d29a                enc_aes_ccm_encrypt
 .text.enc_aes_ccm_decrypt
                0x0002d29e        0x4 examples/experimental_dimming/dimming_server/CMakeFiles/light_switch_dimming_server_nrf52840_xxAA_s140_6.1.0.dir/__/__/__/mesh/core/src/enc.c.obj
                0x0002d29e                enc_aes_ccm_decrypt
 .text.enc_nonce_generate
                0x0002d2a2       0xbc examples/experimental_dimming/dimming_server/CMakeFiles/light_switch_dimming_server_nrf52840_xxAA_s140_6.1.0.dir/__/__/__/mesh/core/src/enc.c.obj
                0x0002d2a2                enc_nonce_generate
 .text.enc_s1   0x0002d35e       0x2c examples/experimental_dimming/dimming_server/CMakeFiles/light_switch_dimming_server_nrf52840_xxAA_s140_6.1.0.dir/__/__/__/mesh/core/src/enc.c.obj
                0x0002d35e                enc_s1
 .text.enc_k1   0x0002d38a       0x3c examples/experimental_dimming/dimming_server/CMakeFiles/light_switch_dimming_server_nrf52840_xxAA_s140_6.1.0.dir/__/__/__/mesh/core/src/enc.c.obj
                0x0002d38a                enc_k1
 *fill*         0x0002d3c6        0x2 
 .text.enc_k2   0x0002d3c8       0xc0 examples/experimental_dimming/dimming_server/CMakeFiles/light_switch_dimming_server_nrf52840_xxAA_s140_6.1.0.dir/__/__/__/mesh/core/src/enc.c.obj
                0x0002d3c8                enc_k2
 .text.enc_k3   0x0002d488       0x5c examples/experimental_dimming/dimming_server/CMakeFiles/light_switch_dimming_server_nrf52840_xxAA_s140_6.1.0.dir/__/__/__/mesh/core/src/enc.c.obj
                0x0002d488                enc_k3
 .text.enc_k4   0x0002d4e4       0x54 examples/experimental_dimming/dimming_server/CMakeFiles/light_switch_dimming_server_nrf52840_xxAA_s140_6.1.0.dir/__/__/__/mesh/core/src/enc.c.obj
                0x0002d4e4                enc_k4
 .text.allocate_packet
                0x0002d538       0x70 examples/experimental_dimming/dimming_server/CMakeFiles/light_switch_dimming_server_nrf52840_xxAA_s140_6.1.0.dir/__/__/__/mesh/core/src/network.c.obj
 .text.network_init
                0x0002d5a8       0x24 examples/experimental_dimming/dimming_server/CMakeFiles/light_switch_dimming_server_nrf52840_xxAA_s140_6.1.0.dir/__/__/__/mesh/core/src/network.c.obj
                0x0002d5a8                network_init
 .text.network_enable
                0x0002d5cc        0xe examples/experimental_dimming/dimming_server/CMakeFiles/light_switch_dimming_server_nrf52840_xxAA_s140_6.1.0.dir/__/__/__/mesh/core/src/network.c.obj
                0x0002d5cc                network_enable
 .text.network_packet_alloc
                0x0002d5da       0x30 examples/experimental_dimming/dimming_server/CMakeFiles/light_switch_dimming_server_nrf52840_xxAA_s140_6.1.0.dir/__/__/__/mesh/core/src/network.c.obj
                0x0002d5da                network_packet_alloc
 .text.network_packet_send
                0x0002d60a       0x46 examples/experimental_dimming/dimming_server/CMakeFiles/light_switch_dimming_server_nrf52840_xxAA_s140_6.1.0.dir/__/__/__/mesh/core/src/network.c.obj
                0x0002d60a                network_packet_send
 .text.network_packet_in
                0x0002d650      0x174 examples/experimental_dimming/dimming_server/CMakeFiles/light_switch_dimming_server_nrf52840_xxAA_s140_6.1.0.dir/__/__/__/mesh/core/src/network.c.obj
                0x0002d650                network_packet_in
 .text.nonce_type_get
                0x0002d7c4       0x16 examples/experimental_dimming/dimming_server/CMakeFiles/light_switch_dimming_server_nrf52840_xxAA_s140_6.1.0.dir/__/__/__/mesh/core/src/net_packet.c.obj
 .text.header_transfuscate
                0x0002d7da       0x54 examples/experimental_dimming/dimming_server/CMakeFiles/light_switch_dimming_server_nrf52840_xxAA_s140_6.1.0.dir/__/__/__/mesh/core/src/net_packet.c.obj
 *fill*         0x0002d82e        0x2 
 .text.try_decrypt