Archive member included to satisfy reference by file (symbol)

external/micro-ecc/libuECC_nrf52840_xxAA.a(uECC.c.obj)
                              examples/serial/CMakeFiles/serial_nrf52840_xxAA_s140_6.1.0.dir/__/__/mesh/prov/src/prov_utils.c.obj (uECC_secp256r1)
external/rtt/librtt_nrf52840_xxAA.a(SEGGER_RTT.c.obj)
                              examples/serial/CMakeFiles/serial_nrf52840_xxAA_s140_6.1.0.dir/__/__/mesh/core/src/log.c.obj (SEGGER_RTT_Write)
external/rtt/librtt_nrf52840_xxAA.a(SEGGER_RTT_printf.c.obj)
                              examples/serial/CMakeFiles/serial_nrf52840_xxAA_s140_6.1.0.dir/__/__/mesh/core/src/log.c.obj (SEGGER_RTT_vprintf)
c:/mesh/arm_gcc/bin/../lib/gcc/arm-none-eabi/6.3.1/thumb/v7e-m/fpv4-sp/hard\libgcc.a(_aeabi_uldivmod.o)
                              examples/serial/CMakeFiles/serial_nrf52840_xxAA_s140_6.1.0.dir/__/common/src/simple_hal.c.obj (__aeabi_uldivmod)
c:/mesh/arm_gcc/bin/../lib/gcc/arm-none-eabi/6.3.1/thumb/v7e-m/fpv4-sp/hard\libgcc.a(_udivmoddi4.o)
                              c:/mesh/arm_gcc/bin/../lib/gcc/arm-none-eabi/6.3.1/thumb/v7e-m/fpv4-sp/hard\libgcc.a(_aeabi_uldivmod.o) (__udivmoddi4)
c:/mesh/arm_gcc/bin/../lib/gcc/arm-none-eabi/6.3.1/thumb/v7e-m/fpv4-sp/hard\libgcc.a(_dvmd_tls.o)
                              c:/mesh/arm_gcc/bin/../lib/gcc/arm-none-eabi/6.3.1/thumb/v7e-m/fpv4-sp/hard\libgcc.a(_aeabi_uldivmod.o) (__aeabi_ldiv0)
c:/mesh/arm_gcc/bin/../lib/gcc/arm-none-eabi/6.3.1/../../../../arm-none-eabi/lib/thumb/v7e-m/fpv4-sp/hard\libg_nano.a(lib_a-calloc.o)
                              examples/serial/CMakeFiles/serial_nrf52840_xxAA_s140_6.1.0.dir/__/__/mesh/core/src/mesh_mem_stdlib.c.obj (calloc)
c:/mesh/arm_gcc/bin/../lib/gcc/arm-none-eabi/6.3.1/../../../../arm-none-eabi/lib/thumb/v7e-m/fpv4-sp/hard\libg_nano.a(lib_a-exit.o)
                              c:/mesh/arm_gcc/bin/../lib/gcc/arm-none-eabi/6.3.1/../../../../arm-none-eabi/lib/thumb/v7e-m/fpv4-sp/hard/crt0.o (exit)
c:/mesh/arm_gcc/bin/../lib/gcc/arm-none-eabi/6.3.1/../../../../arm-none-eabi/lib/thumb/v7e-m/fpv4-sp/hard\libg_nano.a(lib_a-impure.o)
                              c:/mesh/arm_gcc/bin/../lib/gcc/arm-none-eabi/6.3.1/../../../../arm-none-eabi/lib/thumb/v7e-m/fpv4-sp/hard\libg_nano.a(lib_a-exit.o) (_global_impure_ptr)
c:/mesh/arm_gcc/bin/../lib/gcc/arm-none-eabi/6.3.1/../../../../arm-none-eabi/lib/thumb/v7e-m/fpv4-sp/hard\libg_nano.a(lib_a-init.o)
                              c:/mesh/arm_gcc/bin/../lib/gcc/arm-none-eabi/6.3.1/../../../../arm-none-eabi/lib/thumb/v7e-m/fpv4-sp/hard/crt0.o (__libc_init_array)
c:/mesh/arm_gcc/bin/../lib/gcc/arm-none-eabi/6.3.1/../../../../arm-none-eabi/lib/thumb/v7e-m/fpv4-sp/hard\libg_nano.a(lib_a-malloc.o)
                              examples/serial/CMakeFiles/serial_nrf52840_xxAA_s140_6.1.0.dir/__/__/mesh/core/src/mesh_mem_stdlib.c.obj (malloc)
c:/mesh/arm_gcc/bin/../lib/gcc/arm-none-eabi/6.3.1/../../../../arm-none-eabi/lib/thumb/v7e-m/fpv4-sp/hard\libg_nano.a(lib_a-memcmp.o)
                              examples/serial/CMakeFiles/serial_nrf52840_xxAA_s140_6.1.0.dir/C_/mesh/deps/nRF5_SDK_15.2.0_9412b96/components/ble/common/ble_advdata.c.obj (memcmp)
c:/mesh/arm_gcc/bin/../lib/gcc/arm-none-eabi/6.3.1/../../../../arm-none-eabi/lib/thumb/v7e-m/fpv4-sp/hard\libg_nano.a(lib_a-memcpy-stub.o)
                              examples/serial/CMakeFiles/serial_nrf52840_xxAA_s140_6.1.0.dir/C_/mesh/deps/nRF5_SDK_15.2.0_9412b96/components/ble/common/ble_advdata.c.obj (memcpy)
c:/mesh/arm_gcc/bin/../lib/gcc/arm-none-eabi/6.3.1/../../../../arm-none-eabi/lib/thumb/v7e-m/fpv4-sp/hard\libg_nano.a(lib_a-memset.o)
                              c:/mesh/arm_gcc/bin/../lib/gcc/arm-none-eabi/6.3.1/../../../../arm-none-eabi/lib/thumb/v7e-m/fpv4-sp/hard/crt0.o (memset)
c:/mesh/arm_gcc/bin/../lib/gcc/arm-none-eabi/6.3.1/../../../../arm-none-eabi/lib/thumb/v7e-m/fpv4-sp/hard\libg_nano.a(lib_a-nano-callocr.o)
                              c:/mesh/arm_gcc/bin/../lib/gcc/arm-none-eabi/6.3.1/../../../../arm-none-eabi/lib/thumb/v7e-m/fpv4-sp/hard\libg_nano.a(lib_a-calloc.o) (_calloc_r)
c:/mesh/arm_gcc/bin/../lib/gcc/arm-none-eabi/6.3.1/../../../../arm-none-eabi/lib/thumb/v7e-m/fpv4-sp/hard\libg_nano.a(lib_a-nano-freer.o)
                              c:/mesh/arm_gcc/bin/../lib/gcc/arm-none-eabi/6.3.1/../../../../arm-none-eabi/lib/thumb/v7e-m/fpv4-sp/hard\libg_nano.a(lib_a-malloc.o) (_free_r)
c:/mesh/arm_gcc/bin/../lib/gcc/arm-none-eabi/6.3.1/../../../../arm-none-eabi/lib/thumb/v7e-m/fpv4-sp/hard\libg_nano.a(lib_a-nano-mallocr.o)
                              c:/mesh/arm_gcc/bin/../lib/gcc/arm-none-eabi/6.3.1/../../../../arm-none-eabi/lib/thumb/v7e-m/fpv4-sp/hard\libg_nano.a(lib_a-malloc.o) (_malloc_r)
c:/mesh/arm_gcc/bin/../lib/gcc/arm-none-eabi/6.3.1/../../../../arm-none-eabi/lib/thumb/v7e-m/fpv4-sp/hard\libg_nano.a(lib_a-sbrkr.o)
[...]
Memory Configuration

Name             Origin             Length             Attributes
FLASH            0x00026000         0x000d1000         xr
RAM              0x20002da0         0x0003cf60         xrw
*default*        0x00000000         0xffffffff

Linker script and memory map


.text           0x00026000    0x148d4
 *(.isr_vector)
 .isr_vector    0x00026000      0x200 examples/serial/CMakeFiles/serial_nrf52840_xxAA_s140_6.1.0.dir/C_/mesh/deps/nRF5_SDK_15.2.0_9412b96/modules/nrfx/mdk/gcc_startup_nrf52840.S.obj
                0x00026000                __isr_vector
 *(.text*)
 .text          0x00026200       0x6c c:/mesh/arm_gcc/bin/../lib/gcc/arm-none-eabi/6.3.1/thumb/v7e-m/fpv4-sp/hard/crtbegin.o
 .text          0x0002626c       0x74 c:/mesh/arm_gcc/bin/../lib/gcc/arm-none-eabi/6.3.1/../../../../arm-none-eabi/lib/thumb/v7e-m/fpv4-sp/hard/crt0.o
                0x0002626c                _start
                0x0002626c                _mainCRTStartup
 .text.sd_app_evt_wait
                0x000262e0        0x4 examples/serial/CMakeFiles/serial_nrf52840_xxAA_s140_6.1.0.dir/src/main.c.obj
 .text.startup.main
                0x000262e4      0x248 examples/serial/CMakeFiles/serial_nrf52840_xxAA_s140_6.1.0.dir/src/main.c.obj
                0x000262e4                main
 .text.mesh_stack_start
                0x0002652c        0x4 examples/serial/CMakeFiles/serial_nrf52840_xxAA_s140_6.1.0.dir/__/__/mesh/stack/src/mesh_stack.c.obj
                0x0002652c                mesh_stack_start
 .text.mesh_stack_config_clear
                0x00026530       0x12 examples/serial/CMakeFiles/serial_nrf52840_xxAA_s140_6.1.0.dir/__/__/mesh/stack/src/mesh_stack.c.obj
                0x00026530                mesh_stack_config_clear
 .text.mesh_stack_is_device_provisioned
                0x00026542       0x18 examples/serial/CMakeFiles/serial_nrf52840_xxAA_s140_6.1.0.dir/__/__/mesh/stack/src/mesh_stack.c.obj
                0x00026542                mesh_stack_is_device_provisioned
 *fill*         0x0002655a        0x2 
 .text.mesh_stack_init
                0x0002655c       0x64 examples/serial/CMakeFiles/serial_nrf52840_xxAA_s140_6.1.0.dir/__/__/mesh/stack/src/mesh_stack.c.obj
                0x0002655c                mesh_stack_init
 .text.led_timeout_handler
                0x000265c0       0x48 examples/serial/CMakeFiles/serial_nrf52840_xxAA_s140_6.1.0.dir/__/common/src/simple_hal.c.obj
 .text.hal_led_mask_set
                0x00026608       0x12 examples/serial/CMakeFiles/serial_nrf52840_xxAA_s140_6.1.0.dir/__/common/src/simple_hal.c.obj
                0x00026608                hal_led_mask_set
 *fill*         0x0002661a        0x2 
 .text.hal_led_blink_ms
                0x0002661c       0x68 examples/serial/CMakeFiles/serial_nrf52840_xxAA_s140_6.1.0.dir/__/common/src/simple_hal.c.obj
                0x0002661c                hal_led_blink_ms
 .text.hal_leds_init
                0x00026684       0x58 examples/serial/CMakeFiles/serial_nrf52840_xxAA_s140_6.1.0.dir/__/common/src/simple_hal.c.obj
                0x00026684                hal_leds_init
 .text.GPIOTE_IRQHandler
                0x000266dc       0x60 examples/serial/CMakeFiles/serial_nrf52840_xxAA_s140_6.1.0.dir/__/common/src/simple_hal.c.obj
                0x000266dc                GPIOTE_IRQHandler
 .text.sd_ble_enable
                0x0002673c        0x4 examples/serial/CMakeFiles/serial_nrf52840_xxAA_s140_6.1.0.dir/__/common/src/ble_softdevice_support.c.obj
 .text.sd_ble_cfg_set
                0x00026740        0x4 examples/serial/CMakeFiles/serial_nrf52840_xxAA_s140_6.1.0.dir/__/common/src/ble_softdevice_support.c.obj
 .text.on_sd_evt
                0x00026744        0x4 examples/serial/CMakeFiles/serial_nrf52840_xxAA_s140_6.1.0.dir/__/common/src/ble_softdevice_support.c.obj
 .text.ble_stack_init
                0x00026748       0xd4 examples/serial/CMakeFiles/serial_nrf52840_xxAA_s140_6.1.0.dir/__/common/src/ble_softdevice_support.c.obj
                0x00026748                ble_stack_init
 .text.app_util_critical_region_enter
                0x0002681c       0x48 examples/serial/CMakeFiles/serial_nrf52840_xxAA_s140_6.1.0.dir/C_/mesh/deps/nRF5_SDK_15.2.0_9412b96/components/libraries/util/app_util_platform.c.obj
                0x0002681c                app_util_critical_region_enter
 .text.app_util_critical_region_exit
                0x00026864       0x2c examples/serial/CMakeFiles/serial_nrf52840_xxAA_s140_6.1.0.dir/C_/mesh/deps/nRF5_SDK_15.2.0_9412b96/components/libraries/util/app_util_platform.c.obj
                0x00026864                app_util_critical_region_exit
 .text.nrf_section_iter_init
                0x00026890       0x12 examples/serial/CMakeFiles/serial_nrf52840_xxAA_s140_6.1.0.dir/C_/mesh/deps/nRF5_SDK_15.2.0_9412b96/components/libraries/experimental_section_vars/nrf_section_iter.c.obj
                0x00026890                nrf_section_iter_init
 .text.nrf_section_iter_next
                0x000268a2       0x18 examples/serial/CMakeFiles/serial_nrf52840_xxAA_s140_6.1.0.dir/C_/mesh/deps/nRF5_SDK_15.2.0_9412b96/components/libraries/experimental_section_vars/nrf_section_iter.c.obj
                0x000268a2                nrf_section_iter_next
 .text.sd_evt_get
                0x000268ba        0x4 examples/serial/CMakeFiles/serial_nrf52840_xxAA_s140_6.1.0.dir/C_/mesh/deps/nRF5_SDK_15.2.0_9412b96/components/softdevice/common/nrf_sdh_soc.c.obj
 *fill*         0x000268be        0x2 
 .text.nrf_sdh_soc_evts_poll
                0x000268c0       0x3c examples/serial/CMakeFiles/serial_nrf52840_xxAA_s140_6.1.0.dir/C_/mesh/deps/nRF5_SDK_15.2.0_9412b96/components/softdevice/common/nrf_sdh_soc.c.obj
 .text.sd_ble_evt_get
                0x000268fc        0x4 examples/serial/CMakeFiles/serial_nrf52840_xxAA_s140_6.1.0.dir/C_/mesh/deps/nRF5_SDK_15.2.0_9412b96/components/softdevice/common/nrf_sdh_ble.c.obj
 .text.nrf_sdh_ble_evts_poll
                0x00026900       0x50 examples/serial/CMakeFiles/serial_nrf52840_xxAA_s140_6.1.0.dir/C_/mesh/deps/nRF5_SDK_15.2.0_9412b96/components/softdevice/common/nrf_sdh_ble.c.obj
 .text.sd_softdevice_enable
                0x00026950        0x4 examples/serial/CMakeFiles/serial_nrf52840_xxAA_s140_6.1.0.dir/C_/mesh/deps/nRF5_SDK_15.2.0_9412b96/components/softdevice/common/nrf_sdh.c.obj
 .text.sdh_request_observer_notify
                0x00026954       0x30 examples/serial/CMakeFiles/serial_nrf52840_xxAA_s140_6.1.0.dir/C_/mesh/deps/nRF5_SDK_15.2.0_9412b96/components/softdevice/common/nrf_sdh.c.obj
 .text.sdh_state_observer_notify
                0x00026984       0x28 examples/serial/CMakeFiles/serial_nrf52840_xxAA_s140_6.1.0.dir/C_/mesh/deps/nRF5_SDK_15.2.0_9412b96/components/softdevice/common/nrf_sdh.c.obj
 .text.softdevices_evt_irq_enable
                0x000269ac       0x3c examples/serial/CMakeFiles/serial_nrf52840_xxAA_s140_6.1.0.dir/C_/mesh/deps/nRF5_SDK_15.2.0_9412b96/components/softdevice/common/nrf_sdh.c.obj
 .text.nrf_sdh_enable_request
                0x000269e8       0x78 examples/serial/CMakeFiles/serial_nrf52840_xxAA_s140_6.1.0.dir/C_/mesh/deps/nRF5_SDK_15.2.0_9412b96/components/softdevice/common/nrf_sdh.c.obj
                0x000269e8                nrf_sdh_enable_request
 .text.nrf_sdh_evts_poll
                0x00026a60       0x28 examples/serial/CMakeFiles/serial_nrf52840_xxAA_s140_6.1.0.dir/C_/mesh/deps/nRF5_SDK_15.2.0_9412b96/components/softdevice/common/nrf_sdh.c.obj
                0x00026a60                nrf_sdh_evts_poll
 .text.SWI2_EGU2_IRQHandler
                0x00026a88        0x4 examples/serial/CMakeFiles/serial_nrf52840_xxAA_s140_6.1.0.dir/C_/mesh/deps/nRF5_SDK_15.2.0_9412b96/components/softdevice/common/nrf_sdh.c.obj
                0x00026a88                SWI2_EGU2_IRQHandler
 .text.prov_provisioner_cb_link_closed
                0x00026a8c       0x2a examples/serial/CMakeFiles/serial_nrf52840_xxAA_s140_6.1.0.dir/__/__/mesh/prov/src/prov_provisioner.c.obj
 .text.prov_provisioner_cb_link_established
                0x00026ab6       0x40 examples/serial/CMakeFiles/serial_nrf52840_xxAA_s140_6.1.0.dir/__/__/mesh/prov/src/prov_provisioner.c.obj
 .text.send_confirmation
                0x00026af6       0x26 examples/serial/CMakeFiles/serial_nrf52840_xxAA_s140_6.1.0.dir/__/__/mesh/prov/src/prov_provisioner.c.obj
 .text.request_authentication
                0x00026b1c       0x8a examples/serial/CMakeFiles/serial_nrf52840_xxAA_s140_6.1.0.dir/__/__/mesh/prov/src/prov_provisioner.c.obj
 .text.start_authentication
                0x00026ba6       0x46 examples/serial/CMakeFiles/serial_nrf52840_xxAA_s140_6.1.0.dir/__/__/mesh/prov/src/prov_provisioner.c.obj
 .text.prov_provisioner_cb_ack_received
                0x00026bec       0x56 examples/serial/CMakeFiles/serial_nrf52840_xxAA_s140_6.1.0.dir/__/__/mesh/prov/src/prov_provisioner.c.obj
 *fill*         0x00026c42        0x2 
 .text.prov_provisioner_pkt_in
                0x00026c44      0x23c examples/serial/CMakeFiles/serial_nrf52840_xxAA_s140_6.1.0.dir/__/__/mesh/prov/src/prov_provisioner.c.obj
 .text.prov_provisioner_provision
                0x00026e80       0x48 examples/serial/CMakeFiles/serial_nrf52840_xxAA_s140_6.1.0.dir/__/__/mesh/prov/src/prov_provisioner.c.obj
                0x00026e80                prov_provisioner_provision
 .text.prov_provisioner_oob_use
                0x00026ec8       0x7e examples/serial/CMakeFiles/serial_nrf52840_xxAA_s140_6.1.0.dir/__/__/mesh/prov/src/prov_provisioner.c.obj
                0x00026ec8                prov_provisioner_oob_use
 .text.prov_provisioner_auth_data
                0x00026f46       0x6c examples/serial/CMakeFiles/serial_nrf52840_xxAA_s140_6.1.0.dir/__/__/mesh/prov/src/prov_provisioner.c.obj
                0x00026f46                prov_provisioner_auth_data
 .text.prov_provisioner_shared_secret
                0x00026fb2       0x28 examples/serial/CMakeFiles/serial_nrf52840_xxAA_s140_6.1.0.dir/__/__/mesh/prov/src/prov_provisioner.c.obj
                0x00026fb2                prov_provisioner_shared_secret
 .text.complete_provisioning
                0x00026fda       0x24 examples/serial/CMakeFiles/serial_nrf52840_xxAA_s140_6.1.0.dir/__/__/mesh/prov/src/prov_provisionee.c.obj
 .text.prov_provisionee_cb_link_established
                0x00026ffe       0x36 examples/serial/CMakeFiles/serial_nrf52840_xxAA_s140_6.1.0.dir/__/__/mesh/prov/src/prov_provisionee.c.obj
 .text.prov_provisionee_cb_link_closed
                0x00027034       0x34 examples/serial/CMakeFiles/serial_nrf52840_xxAA_s140_6.1.0.dir/__/__/mesh/prov/src/prov_provisionee.c.obj
 .text.request_authentication
                0x00027068       0x8a examples/serial/CMakeFiles/serial_nrf52840_xxAA_s140_6.1.0.dir/__/__/mesh/prov/src/prov_provisionee.c.obj
 .text.send_failed
                0x000270f2       0x3a examples/serial/CMakeFiles/serial_nrf52840_xxAA_s140_6.1.0.dir/__/__/mesh/prov/src/prov_provisionee.c.obj
 .text.start_authentication
                0x0002712c       0x52 examples/serial/CMakeFiles/serial_nrf52840_xxAA_s140_6.1.0.dir/__/__/mesh/prov/src/prov_provisionee.c.obj
 *fill*         0x0002717e        0x2 
 .text.prov_provisionee_cb_ack_received
                0x00027180       0xc8 examples/serial/CMakeFiles/serial_nrf52840_xxAA_s140_6.1.0.dir/__/__/mesh/prov/src/prov_provisionee.c.obj
 .text.prov_provisionee_pkt_in
                0x00027248      0x352 examples/serial/CMakeFiles/serial_nrf52840_xxAA_s140_6.1.0.dir/__/__/mesh/prov/src/prov_provisionee.c.obj
 *fill*         0x0002759a        0x2 
 .text.prov_provisionee_listen
                0x0002759c       0x30 examples/serial/CMakeFiles/serial_nrf52840_xxAA_s140_6.1.0.dir/__/__/mesh/prov/src/prov_provisionee.c.obj
                0x0002759c                prov_provisionee_listen
 .text.prov_provisionee_auth_data
                0x000275cc       0x98 examples/serial/CMakeFiles/serial_nrf52840_xxAA_s140_6.1.0.dir/__/__/mesh/prov/src/prov_provisionee.c.obj
                0x000275cc                prov_provisionee_auth_data
 .text.prov_provisionee_shared_secret
                0x00027664       0x28 examples/serial/CMakeFiles/serial_nrf52840_xxAA_s140_6.1.0.dir/__/__/mesh/prov/src/prov_provisionee.c.obj
                0x00027664                prov_provisionee_shared_secret
 .text.bearer_compare_callback
                0x0002768c        0xc examples/serial/CMakeFiles/serial_nrf52840_xxAA_s140_6.1.0.dir/__/__/mesh/prov/src/nrf_mesh_prov.c.obj
 .text.bitfield_next_get.part.0.constprop.4
                0x00027698       0x34 examples/serial/CMakeFiles/serial_nrf52840_xxAA_s140_6.1.0.dir/__/__/mesh/prov/src/nrf_mesh_prov.c.obj
 .text.nrf_mesh_prov_init
                0x000276cc       0x32 examples/serial/CMakeFiles/serial_nrf52840_xxAA_s140_6.1.0.dir/__/__/mesh/prov/src/nrf_mesh_prov.c.obj
                0x000276cc                nrf_mesh_prov_init
 *fill*         0x000276fe        0x2 
 .text.nrf_mesh_prov_bearer_add
                0x00027700       0x28 examples/serial/CMakeFiles/serial_nrf52840_xxAA_s140_6.1.0.dir/__/__/mesh/prov/src/nrf_mesh_prov.c.obj
                0x00027700                nrf_mesh_prov_bearer_add
 .text.nrf_mesh_prov_generate_keys
                0x00027728        0x4 examples/serial/CMakeFiles/serial_nrf52840_xxAA_s140_6.1.0.dir/__/__/mesh/prov/src/nrf_mesh_prov.c.obj
                0x00027728                nrf_mesh_prov_generate_keys
 .text.nrf_mesh_prov_listen_stop
                0x0002772c       0x2e examples/serial/CMakeFiles/serial_nrf52840_xxAA_s140_6.1.0.dir/__/__/mesh/prov/src/nrf_mesh_prov.c.obj
                0x0002772c                nrf_mesh_prov_listen_stop
 .text.nrf_mesh_prov_listen
                0x0002775a       0x88 examples/serial/CMakeFiles/serial_nrf52840_xxAA_s140_6.1.0.dir/__/__/mesh/prov/src/nrf_mesh_prov.c.obj
                0x0002775a                nrf_mesh_prov_listen
 .text.nrf_mesh_prov_provision
                0x000277e2       0x5c examples/serial/CMakeFiles/serial_nrf52840_xxAA_s140_6.1.0.dir/__/__/mesh/prov/src/nrf_mesh_prov.c.obj
                0x000277e2                nrf_mesh_prov_provision
 .text.nrf_mesh_prov_oob_use
                0x0002783e       0x18 examples/serial/CMakeFiles/serial_nrf52840_xxAA_s140_6.1.0.dir/__/__/mesh/prov/src/nrf_mesh_prov.c.obj
                0x0002783e                nrf_mesh_prov_oob_use
 .text.nrf_mesh_prov_auth_data_provide
                0x00027856        0xe examples/serial/CMakeFiles/serial_nrf52840_xxAA_s140_6.1.0.dir/__/__/mesh/prov/src/nrf_mesh_prov.c.obj
                0x00027856                nrf_mesh_prov_auth_data_provide
 .text.nrf_mesh_prov_shared_secret_provide
                0x00027864        0xe examples/serial/CMakeFiles/serial_nrf52840_xxAA_s140_6.1.0.dir/__/__/mesh/prov/src/nrf_mesh_prov.c.obj
                0x00027864                nrf_mesh_prov_shared_secret_provide
 .text.nrf_mesh_prov_scan_start
                0x00027872       0x10 examples/serial/CMakeFiles/serial_nrf52840_xxAA_s140_6.1.0.dir/__/__/mesh/prov/src/nrf_mesh_prov.c.obj
                0x00027872                nrf_mesh_prov_scan_start
 .text.nrf_mesh_prov_scan_stop
                0x00027882        0x4 examples/serial/CMakeFiles/serial_nrf52840_xxAA_s140_6.1.0.dir/__/__/mesh/prov/src/nrf_mesh_prov.c.obj
                0x00027882                nrf_mesh_prov_scan_stop
 .text.send_data
                0x00027886       0x28 examples/serial/CMakeFiles/serial_nrf52840_xxAA_s140_6.1.0.dir/__/__/mesh/prov/src/provisioning.c.obj
 *fill*         0x000278ae        0x2 
 .text.prov_packet_length_valid
                0x000278b0       0x1c examples/serial/CMakeFiles/serial_nrf52840_xxAA_s140_6.1.0.dir/__/__/mesh/prov/src/provisioning.c.obj
                0x000278b0                prov_packet_length_valid
 .text.prov_tx_invite
                0x000278cc       0x28 examples/serial/CMakeFiles/serial_nrf52840_xxAA_s140_6.1.0.dir/__/__/mesh/prov/src/provisioning.c.obj
                0x000278cc                prov_tx_invite
 .text.prov_tx_capabilities
                0x000278f4       0x1e examples/serial/CMakeFiles/serial_nrf52840_xxAA_s140_6.1.0.dir/__/__/mesh/prov/src/provisioning.c.obj
                0x000278f4                prov_tx_capabilities
 .text.prov_tx_start
                0x00027912       0x20 examples/serial/CMakeFiles/serial_nrf52840_xxAA_s140_6.1.0.dir/__/__/mesh/prov/src/provisioning.c.obj
                0x00027912                prov_tx_start
 .text.prov_tx_public_key
                0x00027932       0x26 examples/serial/CMakeFiles/serial_nrf52840_xxAA_s140_6.1.0.dir/__/__/mesh/prov/src/provisioning.c.obj
                0x00027932                prov_tx_public_key
 .text.prov_tx_input_complete
                0x00027958       0x16 examples/serial/CMakeFiles/serial_nrf52840_xxAA_s140_6.1.0.dir/__/__/mesh/prov/src/provisioning.c.obj
                0x00027958                prov_tx_input_complete
 .text.prov_tx_confirmation
                0x0002796e       0x26 examples/serial/CMakeFiles/serial_nrf52840_xxAA_s140_6.1.0.dir/__/__/mesh/prov/src/provisioning.c.obj
                0x0002796e                prov_tx_confirmation
 .text.prov_tx_random
                0x00027994       0x26 examples/serial/CMakeFiles/serial_nrf52840_xxAA_s140_6.1.0.dir/__/__/mesh/prov/src/provisioning.c.obj
                0x00027994                prov_tx_random
 .text.prov_tx_complete
                0x000279ba       0x16 examples/serial/CMakeFiles/serial_nrf52840_xxAA_s140_6.1.0.dir/__/__/mesh/prov/src/provisioning.c.obj
                0x000279ba                prov_tx_complete
 .text.prov_tx_failed
                0x000279d0       0x1a examples/serial/CMakeFiles/serial_nrf52840_xxAA_s140_6.1.0.dir/__/__/mesh/prov/src/provisioning.c.obj
                0x000279d0                prov_tx_failed
 .text.prov_tx_data
                0x000279ea        0x6 examples/serial/CMakeFiles/serial_nrf52840_xxAA_s140_6.1.0.dir/__/__/mesh/prov/src/provisioning.c.obj
                0x000279ea                prov_tx_data
 .text.prov_beacon_unprov_build
                0x000279f0       0x54 examples/serial/CMakeFiles/serial_nrf52840_xxAA_s140_6.1.0.dir/__/__/mesh/prov/src/prov_beacon.c.obj
                0x000279f0                prov_beacon_unprov_build
 .text.prov_beacon_unprov_packet_in
                0x00027a44       0x88 examples/serial/CMakeFiles/serial_nrf52840_xxAA_s140_6.1.0.dir/__/__/mesh/prov/src/prov_beacon.c.obj
                0x00027a44                prov_beacon_unprov_packet_in
 .text.prov_beacon_scan_start
                0x00027acc       0x18 examples/serial/CMakeFiles/serial_nrf52840_xxAA_s140_6.1.0.dir/__/__/mesh/prov/src/prov_beacon.c.obj
                0x00027acc                prov_beacon_scan_start
 .text.prov_beacon_scan_stop
                0x00027ae4        0xc examples/serial/CMakeFiles/serial_nrf52840_xxAA_s140_6.1.0.dir/__/__/mesh/prov/src/prov_beacon.c.obj
                0x00027ae4                prov_beacon_scan_stop
 .text.ecdh_offloading_get
                0x00027af0       0x1c examples/serial/CMakeFiles/serial_nrf52840_xxAA_s140_6.1.0.dir/__/__/mesh/prov/src/prov_utils.c.obj
 .text.ecdh_offloading_set
                0x00027b0c       0x1c examples/serial/CMakeFiles/serial_nrf52840_xxAA_s140_6.1.0.dir/__/__/mesh/prov/src/prov_utils.c.obj
 .text.oob_gen_numeric
                0x00027b28       0x3c examples/serial/CMakeFiles/serial_nrf52840_xxAA_s140_6.1.0.dir/__/__/mesh/prov/src/prov_utils.c.obj
 .text.oob_gen_alphanumeric
                0x00027b64       0x34 examples/serial/CMakeFiles/serial_nrf52840_xxAA_s140_6.1.0.dir/__/__/mesh/prov/src/prov_utils.c.obj
 .text.prov_utils_authentication_values_derive
                0x00027b98       0xa0 examples/serial/CMakeFiles/serial_nrf52840_xxAA_s140_6.1.0.dir/__/__/mesh/prov/src/prov_utils.c.obj
                0x00027b98                prov_utils_authentication_values_derive
 .text.prov_utils_keys_generate
                0x00027c38       0x1e examples/serial/CMakeFiles/serial_nrf52840_xxAA_s140_6.1.0.dir/__/__/mesh/prov/src/prov_utils.c.obj
                0x00027c38                prov_utils_keys_generate
 *fill*         0x00027c56        0x2 
 .text.prov_utils_derive_keys
                0x00027c58       0xac examples/serial/CMakeFiles/serial_nrf52840_xxAA_s140_6.1.0.dir/__/__/mesh/prov/src/prov_utils.c.obj
                0x00027c58                prov_utils_derive_keys
 .text.prov_utils_calculate_shared_secret
                0x00027d04       0x36 examples/serial/CMakeFiles/serial_nrf52840_xxAA_s140_6.1.0.dir/__/__/mesh/prov/src/prov_utils.c.obj
                0x00027d04                prov_utils_calculate_shared_secret
 .text.prov_utils_generate_oob_data
                0x00027d3a       0x8a examples/serial/CMakeFiles/serial_nrf52840_xxAA_s140_6.1.0.dir/__/__/mesh/prov/src/prov_utils.c.obj
                0x00027d3a                prov_utils_generate_oob_data
 .text.prov_utils_confirmation_check
                0x00027dc4       0x5c examples/serial/CMakeFiles/serial_nrf52840_xxAA_s140_6.1.0.dir/__/__/mesh/prov/src/prov_utils.c.obj
                0x00027dc4                prov_utils_confirmation_check
 .text.mesh_opt_prov_ecdh_offloading_set
                0x00027e20       0x1c examples/serial/CMakeFiles/serial_nrf52840_xxAA_s140_6.1.0.dir/__/__/mesh/prov/src/prov_utils.c.obj
                0x00027e20                mesh_opt_prov_ecdh_offloading_set
 .text.mesh_opt_prov_ecdh_offloading_get
                0x00027e3c       0x10 examples/serial/CMakeFiles/serial_nrf52840_xxAA_s140_6.1.0.dir/__/__/mesh/prov/src/prov_utils.c.obj
                0x00027e3c                mesh_opt_prov_ecdh_offloading_get
 .text.prov_utils_use_ecdh_offloading
                0x00027e4c       0x1c examples/serial/CMakeFiles/serial_nrf52840_xxAA_s140_6.1.0.dir/__/__/mesh/prov/src/prov_utils.c.obj
                0x00027e4c                prov_utils_use_ecdh_offloading
 .text.link_timeout_cb
                0x00027e68       0x10 examples/serial/CMakeFiles/serial_nrf52840_xxAA_s140_6.1.0.dir/__/__/mesh/prov/src/prov_bearer_adv.c.obj
 .text.remove_active_bearer
                0x00027e78       0x4c examples/serial/CMakeFiles/serial_nrf52840_xxAA_s140_6.1.0.dir/__/__/mesh/prov/src/prov_bearer_adv.c.obj
 .text.close_link
                0x00027ec4       0x58 examples/serial/CMakeFiles/serial_nrf52840_xxAA_s140_6.1.0.dir/__/__/mesh/prov/src/prov_bearer_adv.c.obj
 .text.prov_bearer_adv_listen_stop
                0x00027f1c       0x30 examples/serial/CMakeFiles/serial_nrf52840_xxAA_s140_6.1.0.dir/__/__/mesh/prov/src/prov_bearer_adv.c.obj
 .text.send_packet
                0x00027f4c       0x5e examples/serial/CMakeFiles/serial_nrf52840_xxAA_s140_6.1.0.dir/__/__/mesh/prov/src/prov_bearer_adv.c.obj
 .text.prov_buffer_tx
                0x00027faa      0x134 examples/serial/CMakeFiles/serial_nrf52840_xxAA_s140_6.1.0.dir/__/__/mesh/prov/src/prov_bearer_adv.c.obj
 .text.send_link_close
                0x000280de       0x38 examples/serial/CMakeFiles/serial_nrf52840_xxAA_s140_6.1.0.dir/__/__/mesh/prov/src/prov_bearer_adv.c.obj
 .text.prov_bearer_adv_link_close
                0x00028116       0x56 examples/serial/CMakeFiles/serial_nrf52840_xxAA_s140_6.1.0.dir/__/__/mesh/prov/src/prov_bearer_adv.c.obj
 .text.send_transaction_ack
                0x0002816c       0x24 examples/serial/CMakeFiles/serial_nrf52840_xxAA_s140_6.1.0.dir/__/__/mesh/prov/src/prov_bearer_adv.c.obj
 .text.send_link_ack
                0x00028190       0x32 examples/serial/CMakeFiles/serial_nrf52840_xxAA_s140_6.1.0.dir/__/__/mesh/prov/src/prov_bearer_adv.c.obj
 .text.reset_timeout_timer
                0x000281c2       0x1a examples/serial/CMakeFiles/serial_nrf52840_xxAA_s140_6.1.0.dir/__/__/mesh/prov/src/prov_bearer_adv.c.obj
 .text.init_bearer_structure
                0x000281dc       0x5c examples/serial/CMakeFiles/serial_nrf52840_xxAA_s140_6.1.0.dir/__/__/mesh/prov/src/prov_bearer_adv.c.obj
 .text.tx_complete_cb
                0x00028238       0x1c examples/serial/CMakeFiles/serial_nrf52840_xxAA_s140_6.1.0.dir/__/__/mesh/prov/src/prov_bearer_adv.c.obj
 .text.tx_retry_cb
                0x00028254       0xcc examples/serial/CMakeFiles/serial_nrf52840_xxAA_s140_6.1.0.dir/__/__/mesh/prov/src/prov_bearer_adv.c.obj
 .text.add_active_bearer
                0x00028320       0x80 examples/serial/CMakeFiles/serial_nrf52840_xxAA_s140_6.1.0.dir/__/__/mesh/prov/src/prov_bearer_adv.c.obj
 .text.prov_bearer_adv_link_open
                0x000283a0       0x9c examples/serial/CMakeFiles/serial_nrf52840_xxAA_s140_6.1.0.dir/__/__/mesh/prov/src/prov_bearer_adv.c.obj
 .text.prov_bearer_adv_listen
                0x0002843c       0x86 examples/serial/CMakeFiles/serial_nrf52840_xxAA_s140_6.1.0.dir/__/__/mesh/prov/src/prov_bearer_adv.c.obj
 *fill*         0x000284c2        0x2 
 .text.async_process
                0x000284c4       0x50 examples/serial/CMakeFiles/serial_nrf52840_xxAA_s140_6.1.0.dir/__/__/mesh/prov/src/prov_bearer_adv.c.obj
 .text.calculate_3GPP_CRC
                0x00028514       0x24 examples/serial/CMakeFiles/serial_nrf52840_xxAA_s140_6.1.0.dir/__/__/mesh/prov/src/prov_bearer_adv.c.obj
                0x00028514                calculate_3GPP_CRC
 .text.prov_bearer_adv_tx
                0x00028538       0xb4 examples/serial/CMakeFiles/serial_nrf52840_xxAA_s140_6.1.0.dir/__/__/mesh/prov/src/prov_bearer_adv.c.obj
 .text.prov_buffer_rx
                0x000285ec       0x6e examples/serial/CMakeFiles/serial_nrf52840_xxAA_s140_6.1.0.dir/__/__/mesh/prov/src/prov_bearer_adv.c.obj
 *fill*         0x0002865a        0x2 
 .text.nrf_mesh_prov_bearer_adv_interface_get
                0x0002865c       0x3c examples/serial/CMakeFiles/serial_nrf52840_xxAA_s140_6.1.0.dir/__/__/mesh/prov/src/prov_bearer_adv.c.obj
                0x0002865c                nrf_mesh_prov_bearer_adv_interface_get
 .text.prov_bearer_adv_packet_in
                0x00028698      0x7f8 examples/serial/CMakeFiles/serial_nrf52840_xxAA_s140_6.1.0.dir/__/__/mesh/prov/src/prov_bearer_adv.c.obj
                0x00028698                prov_bearer_adv_packet_in
 .text.add_to_publication_list
                0x00028e90       0x78 examples/serial/CMakeFiles/serial_nrf52840_xxAA_s140_6.1.0.dir/__/__/mesh/access/src/access_publish.c.obj
 .text.step_resolution_to_us
                0x00028f08       0x38 examples/serial/CMakeFiles/serial_nrf52840_xxAA_s140_6.1.0.dir/__/__/mesh/access/src/access_publish.c.obj
 .text.schedule_publication_timer
                0x00028f40      0x184 examples/serial/CMakeFiles/serial_nrf52840_xxAA_s140_6.1.0.dir/__/__/mesh/access/src/access_publish.c.obj
 .text.publish_timer_tick
                0x000290c4       0xa8 examples/serial/CMakeFiles/serial_nrf52840_xxAA_s140_6.1.0.dir/__/__/mesh/access/src/access_publish.c.obj
 .text.access_publish_init
                0x0002916c       0x38 examples/serial/CMakeFiles/serial_nrf52840_xxAA_s140_6.1.0.dir/__/__/mesh/access/src/access_publish.c.obj
                0x0002916c                access_publish_init
 .text.access_publish_period_set
                0x000291a4       0x60 examples/serial/CMakeFiles/serial_nrf52840_xxAA_s140_6.1.0.dir/__/__/mesh/access/src/access_publish.c.obj
                0x000291a4                access_publish_period_set
 .text.access_publish_period_get
                0x00029204       0x22 examples/serial/CMakeFiles/serial_nrf52840_xxAA_s140_6.1.0.dir/__/__/mesh/access/src/access_publish.c.obj
                0x00029204                access_publish_period_get
 .text.bitfield_get
                0x00029226       0x1a examples/serial/CMakeFiles/serial_nrf52840_xxAA_s140_6.1.0.dir/__/__/mesh/access/src/access.c.obj
 .text.is_valid_opcode
                0x00029240       0x42 examples/serial/CMakeFiles/serial_nrf52840_xxAA_s140_6.1.0.dir/__/__/mesh/access/src/access.c.obj
 *fill*         0x00029282        0x2 
 .text.model_handle_valid_and_allocated
                0x00029284       0x20 examples/serial/CMakeFiles/serial_nrf52840_xxAA_s140_6.1.0.dir/__/__/mesh/access/src/access.c.obj
 .text.access_state_clear
                0x000292a4       0x4c examples/serial/CMakeFiles/serial_nrf52840_xxAA_s140_6.1.0.dir/__/__/mesh/access/src/access.c.obj
 .text.packet_tx
                0x000292f0      0x2b8 examples/serial/CMakeFiles/serial_nrf52840_xxAA_s140_6.1.0.dir/__/__/mesh/access/src/access.c.obj
 .text.access_flash_config_load
                0x000295a8        0x4 examples/serial/CMakeFiles/serial_nrf52840_xxAA_s140_6.1.0.dir/__/__/mesh/access/src/access.c.obj
                0x000295a8                access_flash_config_load
 .text.access_flash_config_store
                0x000295ac        0x2 examples/serial/CMakeFiles/serial_nrf52840_xxAA_s140_6.1.0.dir/__/__/mesh/access/src/access.c.obj
                0x000295ac                access_flash_config_store
 *fill*         0x000295ae        0x2 
 .text.access_incoming_handle
                0x000295b0      0x108 examples/serial/CMakeFiles/serial_nrf52840_xxAA_s140_6.1.0.dir/__/__/mesh/access/src/access.c.obj
                0x000295b0                access_incoming_handle
 .text.mesh_evt_cb
                0x000296b8      0x134 examples/serial/CMakeFiles/serial_nrf52840_xxAA_s140_6.1.0.dir/__/__/mesh/access/src/access.c.obj
 .text.access_clear
                0x000297ec        0xe examples/serial/CMakeFiles/serial_nrf52840_xxAA_s140_6.1.0.dir/__/__/mesh/access/src/access.c.obj
                0x000297ec                access_clear
 *fill*         0x000297fa        0x2 
 .text.access_init
                0x000297fc       0x28 examples/serial/CMakeFiles/serial_nrf52840_xxAA_s140_6.1.0.dir/__/__/mesh/access/src/access.c.obj
                0x000297fc                access_init
 .text.access_model_add
                0x00029824      0x1bc examples/serial/CMakeFiles/serial_nrf52840_xxAA_s140_6.1.0.dir/__/__/mesh/access/src/access.c.obj
                0x00029824                access_model_add
 .text.access_model_publish
                0x000299e0        0xc examples/serial/CMakeFiles/serial_nrf52840_xxAA_s140_6.1.0.dir/__/__/mesh/access/src/access.c.obj
                0x000299e0                access_model_publish
 .text.access_model_reply
                0x000299ec       0x12 examples/serial/CMakeFiles/serial_nrf52840_xxAA_s140_6.1.0.dir/__/__/mesh/access/src/access.c.obj
                0x000299ec                access_model_reply
 *fill*         0x000299fe        0x2 
 .text.access_model_publish_address_set
                0x00029a00       0x3c examples/serial/CMakeFiles/serial_nrf52840_xxAA_s140_6.1.0.dir/__/__/mesh/access/src/access.c.obj
                0x00029a00                access_model_publish_address_set
 .text.access_model_publish_address_get
                0x00029a3c       0x28 examples/serial/CMakeFiles/serial_nrf52840_xxAA_s140_6.1.0.dir/__/__/mesh/access/src/access.c.obj
                0x00029a3c                access_model_publish_address_get
 .text.access_model_publish_retransmit_set
                0x00029a64       0x4c examples/serial/CMakeFiles/serial_nrf52840_xxAA_s140_6.1.0.dir/__/__/mesh/access/src/access.c.obj
                0x00029a64                access_model_publish_retransmit_set
 .text.access_model_publish_retransmit_get
                0x00029ab0       0x2c examples/serial/CMakeFiles/serial_nrf52840_xxAA_s140_6.1.0.dir/__/__/mesh/access/src/access.c.obj
                0x00029ab0                access_model_publish_retransmit_get
 .text.access_model_publish_period_set
                0x00029adc       0x6c examples/serial/CMakeFiles/serial_nrf52840_xxAA_s140_6.1.0.dir/__/__/mesh/access/src/access.c.obj
                0x00029adc                access_model_publish_period_set
 .text.access_model_publish_period_get
                0x00029b48       0x3c examples/serial/CMakeFiles/serial_nrf52840_xxAA_s140_6.1.0.dir/__/__/mesh/access/src/access.c.obj
                0x00029b48                access_model_publish_period_get
 .text.access_model_subscription_add
                0x00029b84       0x68 examples/serial/CMakeFiles/serial_nrf52840_xxAA_s140_6.1.0.dir/__/__/mesh/access/src/access.c.obj
                0x00029b84                access_model_subscription_add
 .text.access_model_subscription_remove
                0x00029bec       0x68 examples/serial/CMakeFiles/serial_nrf52840_xxAA_s140_6.1.0.dir/__/__/mesh/access/src/access.c.obj
                0x00029bec                access_model_subscription_remove
 .text.access_model_subscriptions_get
                0x00029c54       0x84 examples/serial/CMakeFiles/serial_nrf52840_xxAA_s140_6.1.0.dir/__/__/mesh/access/src/access.c.obj
                0x00029c54                access_model_subscriptions_get
 .text.access_model_application_bind
                0x00029cd8       0x50 examples/serial/CMakeFiles/serial_nrf52840_xxAA_s140_6.1.0.dir/__/__/mesh/access/src/access.c.obj
                0x00029cd8                access_model_application_bind
 .text.access_model_application_unbind
                0x00029d28       0x50 examples/serial/CMakeFiles/serial_nrf52840_xxAA_s140_6.1.0.dir/__/__/mesh/access/src/access.c.obj
                0x00029d28                access_model_application_unbind
 .text.access_model_applications_get
                0x00029d78       0x64 examples/serial/CMakeFiles/serial_nrf52840_xxAA_s140_6.1.0.dir/__/__/mesh/access/src/access.c.obj
                0x00029d78                access_model_applications_get
 .text.access_model_publish_application_set
                0x00029ddc       0x3c examples/serial/CMakeFiles/serial_nrf52840_xxAA_s140_6.1.0.dir/__/__/mesh/access/src/access.c.obj
                0x00029ddc                access_model_publish_application_set
 .text.access_model_publish_application_get
                0x00029e18       0x28 examples/serial/CMakeFiles/serial_nrf52840_xxAA_s140_6.1.0.dir/__/__/mesh/access/src/access.c.obj
                0x00029e18                access_model_publish_application_get
 .text.access_default_ttl_set
                0x00029e40       0x18 examples/serial/CMakeFiles/serial_nrf52840_xxAA_s140_6.1.0.dir/__/__/mesh/access/src/access.c.obj
                0x00029e40                access_default_ttl_set
 .text.access_default_ttl_get
                0x00029e58        0xc examples/serial/CMakeFiles/serial_nrf52840_xxAA_s140_6.1.0.dir/__/__/mesh/access/src/access.c.obj
                0x00029e58                access_default_ttl_get
 .text.access_model_publish_friendship_credential_flag_set
                0x00029e64       0x38 examples/serial/CMakeFiles/serial_nrf52840_xxAA_s140_6.1.0.dir/__/__/mesh/access/src/access.c.obj
                0x00029e64                access_model_publish_friendship_credential_flag_set
 .text.access_model_publish_friendship_credential_flag_get
                0x00029e9c       0x28 examples/serial/CMakeFiles/serial_nrf52840_xxAA_s140_6.1.0.dir/__/__/mesh/access/src/access.c.obj
                0x00029e9c                access_model_publish_friendship_credential_flag_get
 .text.access_model_publish_ttl_set
                0x00029ec4       0x40 examples/serial/CMakeFiles/serial_nrf52840_xxAA_s140_6.1.0.dir/__/__/mesh/access/src/access.c.obj
                0x00029ec4                access_model_publish_ttl_set
 .text.access_model_publish_ttl_get
                0x00029f04       0x28 examples/serial/CMakeFiles/serial_nrf52840_xxAA_s140_6.1.0.dir/__/__/mesh/access/src/access.c.obj
                0x00029f04                access_model_publish_ttl_get
 .text.access_element_location_set
                0x00029f2c       0x20 examples/serial/CMakeFiles/serial_nrf52840_xxAA_s140_6.1.0.dir/__/__/mesh/access/src/access.c.obj
                0x00029f2c                access_element_location_set
 .text.access_element_location_get
                0x00029f4c       0x18 examples/serial/CMakeFiles/serial_nrf52840_xxAA_s140_6.1.0.dir/__/__/mesh/access/src/access.c.obj
                0x00029f4c                access_element_location_get
 .text.access_element_sig_model_count_get
                0x00029f64       0x18 examples/serial/CMakeFiles/serial_nrf52840_xxAA_s140_6.1.0.dir/__/__/mesh/access/src/access.c.obj
                0x00029f64                access_element_sig_model_count_get
 .text.access_element_vendor_model_count_get
                0x00029f7c       0x18 examples/serial/CMakeFiles/serial_nrf52840_xxAA_s140_6.1.0.dir/__/__/mesh/access/src/access.c.obj
                0x00029f7c                access_element_vendor_model_count_get
 .text.access_model_id_get
                0x00029f94       0x2c examples/serial/CMakeFiles/serial_nrf52840_xxAA_s140_6.1.0.dir/__/__/mesh/access/src/access.c.obj
                0x00029f94                access_model_id_get
 .text.access_handle_get
                0x00029fc0       0x54 examples/serial/CMakeFiles/serial_nrf52840_xxAA_s140_6.1.0.dir/__/__/mesh/access/src/access.c.obj
                0x00029fc0                access_handle_get
 .text.access_element_models_get
                0x0002a014       0x48 examples/serial/CMakeFiles/serial_nrf52840_xxAA_s140_6.1.0.dir/__/__/mesh/access/src/access.c.obj
                0x0002a014                access_element_models_get
 .text.access_model_p_args_get
                0x0002a05c       0x28 examples/serial/CMakeFiles/serial_nrf52840_xxAA_s140_6.1.0.dir/__/__/mesh/access/src/access.c.obj
                0x0002a05c                access_model_p_args_get
 .text.access_model_publication_stop
                0x0002a084       0x74 examples/serial/CMakeFiles/serial_nrf52840_xxAA_s140_6.1.0.dir/__/__/mesh/access/src/access.c.obj
                0x0002a084                access_model_publication_stop
 .text.access_model_publication_by_appkey_stop
                0x0002a0f8       0x36 examples/serial/CMakeFiles/serial_nrf52840_xxAA_s140_6.1.0.dir/__/__/mesh/access/src/access.c.obj
                0x0002a0f8                access_model_publication_by_appkey_stop
 *fill*         0x0002a12e        0x2 
 .text.reliable_timer_cb
                0x0002a130      0x190 examples/serial/CMakeFiles/serial_nrf52840_xxAA_s140_6.1.0.dir/__/__/mesh/access/src/access_reliable.c.obj
 .text.remove_and_reschedule
                0x0002a2c0       0xb8 examples/serial/CMakeFiles/serial_nrf52840_xxAA_s140_6.1.0.dir/__/__/mesh/access/src/access_reliable.c.obj
 .text.access_reliable_message_rx_cb
                0x0002a378       0x68 examples/serial/CMakeFiles/serial_nrf52840_xxAA_s140_6.1.0.dir/__/__/mesh/access/src/access_reliable.c.obj
                0x0002a378                access_reliable_message_rx_cb
 .text.access_reliable_init
                0x0002a3e0       0x1c examples/serial/CMakeFiles/serial_nrf52840_xxAA_s140_6.1.0.dir/__/__/mesh/access/src/access_reliable.c.obj
                0x0002a3e0                access_reliable_init
 .text.access_reliable_cancel_all
                0x0002a3fc       0x60 examples/serial/CMakeFiles/serial_nrf52840_xxAA_s140_6.1.0.dir/__/__/mesh/access/src/access_reliable.c.obj
                0x0002a3fc                access_reliable_cancel_all
 .text.access_model_reliable_cancel
                0x0002a45c       0x6c examples/serial/CMakeFiles/serial_nrf52840_xxAA_s140_6.1.0.dir/__/__/mesh/access/src/access_reliable.c.obj
                0x0002a45c                access_model_reliable_cancel
 .text.access_loopback_process
                0x0002a4c8       0x28 examples/serial/CMakeFiles/serial_nrf52840_xxAA_s140_6.1.0.dir/__/__/mesh/access/src/access_loopback.c.obj
 .text.is_access_loopback
                0x0002a4f0        0x4 examples/serial/CMakeFiles/serial_nrf52840_xxAA_s140_6.1.0.dir/__/__/mesh/access/src/access_loopback.c.obj
                0x0002a4f0                is_access_loopback
 .text.access_loopback_init
                0x0002a4f4       0x18 examples/serial/CMakeFiles/serial_nrf52840_xxAA_s140_6.1.0.dir/__/__/mesh/access/src/access_loopback.c.obj
                0x0002a4f4                access_loopback_init
 .text.access_loopback_handle
                0x0002a50c       0x80 examples/serial/CMakeFiles/serial_nrf52840_xxAA_s140_6.1.0.dir/__/__/mesh/access/src/access_loopback.c.obj
                0x0002a50c                access_loopback_handle
 .text.bitfield_get
                0x0002a58c       0x1a examples/serial/CMakeFiles/serial_nrf52840_xxAA_s140_6.1.0.dir/__/__/mesh/access/src/device_state_manager.c.obj
 .text.bitfield_set
                0x0002a5a6       0x18 examples/serial/CMakeFiles/serial_nrf52840_xxAA_s140_6.1.0.dir/__/__/mesh/access/src/device_state_manager.c.obj
 .text.bitfield_clear
                0x0002a5be       0x1a examples/serial/CMakeFiles/serial_nrf52840_xxAA_s140_6.1.0.dir/__/__/mesh/access/src/device_state_manager.c.obj
 .text.address_handle_virtual_valid
                0x0002a5d8       0x18 examples/serial/CMakeFiles/serial_nrf52840_xxAA_s140_6.1.0.dir/__/__/mesh/access/src/device_state_manager.c.obj
 .text.net_key_handle_get
                0x0002a5f0       0x58 examples/serial/CMakeFiles/serial_nrf52840_xxAA_s140_6.1.0.dir/__/__/mesh/access/src/device_state_manager.c.obj
 .text.dev_key_handle_get
                0x0002a648       0x5c examples/serial/CMakeFiles/serial_nrf52840_xxAA_s140_6.1.0.dir/__/__/mesh/access/src/device_state_manager.c.obj
 .text.app_key_handle_get
                0x0002a6a4       0x58 examples/serial/CMakeFiles/serial_nrf52840_xxAA_s140_6.1.0.dir/__/__/mesh/access/src/device_state_manager.c.obj
 .text.get_subnet_handle
                0x0002a6fc       0x40 examples/serial/CMakeFiles/serial_nrf52840_xxAA_s140_6.1.0.dir/__/__/mesh/access/src/device_state_manager.c.obj
 .text.address_exists
                0x0002a73c       0xa0 examples/serial/CMakeFiles/serial_nrf52840_xxAA_s140_6.1.0.dir/__/__/mesh/access/src/device_state_manager.c.obj
 .text.virtual_address_uuid_index_get
                0x0002a7dc       0x60 examples/serial/CMakeFiles/serial_nrf52840_xxAA_s140_6.1.0.dir/__/__/mesh/access/src/device_state_manager.c.obj
 .text.add_address_virtual
                0x0002a83c       0xa8 examples/serial/CMakeFiles/serial_nrf52840_xxAA_s140_6.1.0.dir/__/__/mesh/access/src/device_state_manager.c.obj
 .text.get_subnet_handle_by_beacon_info
                0x0002a8e4       0x30 examples/serial/CMakeFiles/serial_nrf52840_xxAA_s140_6.1.0.dir/__/__/mesh/access/src/device_state_manager.c.obj
 .text.get_app_handle
                0x0002a914       0x4c examples/serial/CMakeFiles/serial_nrf52840_xxAA_s140_6.1.0.dir/__/__/mesh/access/src/device_state_manager.c.obj
 .text.bitfield_next_get.part.0.constprop.19
                0x0002a960       0x3c examples/serial/CMakeFiles/serial_nrf52840_xxAA_s140_6.1.0.dir/__/__/mesh/access/src/device_state_manager.c.obj
 .text.address_handle_valid
                0x0002a99c       0x28 examples/serial/CMakeFiles/serial_nrf52840_xxAA_s140_6.1.0.dir/__/__/mesh/access/src/device_state_manager.c.obj
 .text.address_handle_nonvirtual_valid
                0x0002a9c4       0x14 examples/serial/CMakeFiles/serial_nrf52840_xxAA_s140_6.1.0.dir/__/__/mesh/access/src/device_state_manager.c.obj
 .text.address_delete_if_unused
                0x0002a9d8       0x6c examples/serial/CMakeFiles/serial_nrf52840_xxAA_s140_6.1.0.dir/__/__/mesh/access/src/device_state_manager.c.obj
 .text.dsm_flash_config_load
                0x0002aa44        0x4 examples/serial/CMakeFiles/serial_nrf52840_xxAA_s140_6.1.0.dir/__/__/mesh/access/src/device_state_manager.c.obj
                0x0002aa44                dsm_flash_config_load
 .text.dsm_clear
                0x0002aa48       0x98 examples/serial/CMakeFiles/serial_nrf52840_xxAA_s140_6.1.0.dir/__/__/mesh/access/src/device_state_manager.c.obj
                0x0002aa48                dsm_clear
 .text.dsm_init
                0x0002aae0       0x14 examples/serial/CMakeFiles/serial_nrf52840_xxAA_s140_6.1.0.dir/__/__/mesh/access/src/device_state_manager.c.obj
                0x0002aae0                dsm_init
 .text.dsm_local_unicast_addresses_set
                0x0002aaf4       0x70 examples/serial/CMakeFiles/serial_nrf52840_xxAA_s140_6.1.0.dir/__/__/mesh/access/src/device_state_manager.c.obj
                0x0002aaf4                dsm_local_unicast_addresses_set
 .text.dsm_local_unicast_addresses_get
                0x0002ab64       0x20 examples/serial/CMakeFiles/serial_nrf52840_xxAA_s140_6.1.0.dir/__/__/mesh/access/src/device_state_manager.c.obj
                0x0002ab64                dsm_local_unicast_addresses_get
 .text.dsm_address_publish_add
                0x0002ab84       0x7c examples/serial/CMakeFiles/serial_nrf52840_xxAA_s140_6.1.0.dir/__/__/mesh/access/src/device_state_manager.c.obj
                0x0002ab84                dsm_address_publish_add
 .text.dsm_address_publish_virtual_add
                0x0002ac00        0x6 examples/serial/CMakeFiles/serial_nrf52840_xxAA_s140_6.1.0.dir/__/__/mesh/access/src/device_state_manager.c.obj
                0x0002ac00                dsm_address_publish_virtual_add
 *fill*         0x0002ac06        0x2 
 .text.dsm_address_publish_remove
                0x0002ac08       0x44 examples/serial/CMakeFiles/serial_nrf52840_xxAA_s140_6.1.0.dir/__/__/mesh/access/src/device_state_manager.c.obj
                0x0002ac08                dsm_address_publish_remove
 .text.dsm_address_subscription_add
                0x0002ac4c       0x78 examples/serial/CMakeFiles/serial_nrf52840_xxAA_s140_6.1.0.dir/__/__/mesh/access/src/device_state_manager.c.obj
                0x0002ac4c                dsm_address_subscription_add
 .text.dsm_address_subscription_virtual_add
                0x0002acc4        0x6 examples/serial/CMakeFiles/serial_nrf52840_xxAA_s140_6.1.0.dir/__/__/mesh/access/src/device_state_manager.c.obj
                0x0002acc4                dsm_address_subscription_virtual_add
 *fill*         0x0002acca        0x2 
 .text.dsm_address_get
                0x0002accc       0x5c examples/serial/CMakeFiles/serial_nrf52840_xxAA_s140_6.1.0.dir/__/__/mesh/access/src/device_state_manager.c.obj
                0x0002accc                dsm_address_get
 .text.dsm_address_subscription_remove
                0x0002ad28       0x5c examples/serial/CMakeFiles/serial_nrf52840_xxAA_s140_6.1.0.dir/__/__/mesh/access/src/device_state_manager.c.obj
                0x0002ad28                dsm_address_subscription_remove
 .text.dsm_address_get_all
                0x0002ad84       0x74 examples/serial/CMakeFiles/serial_nrf52840_xxAA_s140_6.1.0.dir/__/__/mesh/access/src/device_state_manager.c.obj
                0x0002ad84                dsm_address_get_all
 .text.dsm_address_handle_get
                0x0002adf8       0x98 examples/serial/CMakeFiles/serial_nrf52840_xxAA_s140_6.1.0.dir/__/__/mesh/access/src/device_state_manager.c.obj
                0x0002adf8                dsm_address_handle_get
 .text.dsm_net_key_index_to_subnet_handle
                0x0002ae90       0x1c examples/serial/CMakeFiles/serial_nrf52840_xxAA_s140_6.1.0.dir/__/__/mesh/access/src/device_state_manager.c.obj
                0x0002ae90                dsm_net_key_index_to_subnet_handle
 .text.dsm_subnet_handle_get
                0x0002aeac        0xc examples/serial/CMakeFiles/serial_nrf52840_xxAA_s140_6.1.0.dir/__/__/mesh/access/src/device_state_manager.c.obj
                0x0002aeac                dsm_subnet_handle_get
 .text.dsm_appkey_index_to_appkey_handle
                0x0002aeb8       0x1c examples/serial/CMakeFiles/serial_nrf52840_xxAA_s140_6.1.0.dir/__/__/mesh/access/src/device_state_manager.c.obj
                0x0002aeb8                dsm_appkey_index_to_appkey_handle
 .text.dsm_appkey_handle_get
                0x0002aed4        0xc examples/serial/CMakeFiles/serial_nrf52840_xxAA_s140_6.1.0.dir/__/__/mesh/access/src/device_state_manager.c.obj
                0x0002aed4                dsm_appkey_handle_get
 .text.dsm_appkey_handle_to_appkey_index
                0x0002aee0       0x34 examples/serial/CMakeFiles/serial_nrf52840_xxAA_s140_6.1.0.dir/__/__/mesh/access/src/device_state_manager.c.obj
                0x0002aee0                dsm_appkey_handle_to_appkey_index
 .text.dsm_appkey_handle_to_subnet_handle
                0x0002af14       0xb0 examples/serial/CMakeFiles/serial_nrf52840_xxAA_s140_6.1.0.dir/__/__/mesh/access/src/device_state_manager.c.obj
                0x0002af14                dsm_appkey_handle_to_subnet_handle
 .text.dsm_subnet_add
                0x0002afc4      0x104 examples/serial/CMakeFiles/serial_nrf52840_xxAA_s140_6.1.0.dir/__/__/mesh/access/src/device_state_manager.c.obj
                0x0002afc4                dsm_subnet_add
 .text.dsm_subnet_kr_phase_get
                0x0002b0c8       0x34 examples/serial/CMakeFiles/serial_nrf52840_xxAA_s140_6.1.0.dir/__/__/mesh/access/src/device_state_manager.c.obj
                0x0002b0c8                dsm_subnet_kr_phase_get
 .text.dsm_subnet_update
                0x0002b0fc       0xbc examples/serial/CMakeFiles/serial_nrf52840_xxAA_s140_6.1.0.dir/__/__/mesh/access/src/device_state_manager.c.obj
                0x0002b0fc                dsm_subnet_update
 .text.dsm_subnet_update_swap_keys
                0x0002b1b8       0x54 examples/serial/CMakeFiles/serial_nrf52840_xxAA_s140_6.1.0.dir/__/__/mesh/access/src/device_state_manager.c.obj
                0x0002b1b8                dsm_subnet_update_swap_keys
 .text.dsm_subnet_update_commit
                0x0002b20c       0xe4 examples/serial/CMakeFiles/serial_nrf52840_xxAA_s140_6.1.0.dir/__/__/mesh/access/src/device_state_manager.c.obj
                0x0002b20c                dsm_subnet_update_commit
 .text.mesh_evt_handler
                0x0002b2f0       0x4c examples/serial/CMakeFiles/serial_nrf52840_xxAA_s140_6.1.0.dir/__/__/mesh/access/src/device_state_manager.c.obj
 .text.dsm_subnet_get_all
                0x0002b33c       0x60 examples/serial/CMakeFiles/serial_nrf52840_xxAA_s140_6.1.0.dir/__/__/mesh/access/src/device_state_manager.c.obj
                0x0002b33c                dsm_subnet_get_all
 .text.dsm_devkey_add
                0x0002b39c       0xb4 examples/serial/CMakeFiles/serial_nrf52840_xxAA_s140_6.1.0.dir/__/__/mesh/access/src/device_state_manager.c.obj
                0x0002b39c                dsm_devkey_add
 .text.dsm_devkey_delete
                0x0002b450       0x38 examples/serial/CMakeFiles/serial_nrf52840_xxAA_s140_6.1.0.dir/__/__/mesh/access/src/device_state_manager.c.obj
                0x0002b450                dsm_devkey_delete
 .text.dsm_appkey_add
                0x0002b488       0xe4 examples/serial/CMakeFiles/serial_nrf52840_xxAA_s140_6.1.0.dir/__/__/mesh/access/src/device_state_manager.c.obj
                0x0002b488                dsm_appkey_add
 .text.dsm_appkey_update
                0x0002b56c       0x9c examples/serial/CMakeFiles/serial_nrf52840_xxAA_s140_6.1.0.dir/__/__/mesh/access/src/device_state_manager.c.obj
                0x0002b56c                dsm_appkey_update
 .text.dsm_appkey_delete
                0x0002b608       0x28 examples/serial/CMakeFiles/serial_nrf52840_xxAA_s140_6.1.0.dir/__/__/mesh/access/src/device_state_manager.c.obj
                0x0002b608                dsm_appkey_delete
 .text.dsm_subnet_delete
                0x0002b630       0xa4 examples/serial/CMakeFiles/serial_nrf52840_xxAA_s140_6.1.0.dir/__/__/mesh/access/src/device_state_manager.c.obj
                0x0002b630                dsm_subnet_delete
 .text.dsm_appkey_get_all
                0x0002b6d4       0x88 examples/serial/CMakeFiles/serial_nrf52840_xxAA_s140_6.1.0.dir/__/__/mesh/access/src/device_state_manager.c.obj
                0x0002b6d4                dsm_appkey_get_all
 .text.dsm_tx_secmat_get
                0x0002b75c       0xd8 examples/serial/CMakeFiles/serial_nrf52840_xxAA_s140_6.1.0.dir/__/__/mesh/access/src/device_state_manager.c.obj
                0x0002b75c                dsm_tx_secmat_get
 .text.dsm_net_secmat_from_keyindex_get
                0x0002b834       0x3c examples/serial/CMakeFiles/serial_nrf52840_xxAA_s140_6.1.0.dir/__/__/mesh/access/src/device_state_manager.c.obj
                0x0002b834                dsm_net_secmat_from_keyindex_get
 .text.nrf_mesh_net_secmat_next_get
                0x0002b870       0xb0 examples/serial/CMakeFiles/serial_nrf52840_xxAA_s140_6.1.0.dir/__/__/mesh/access/src/device_state_manager.c.obj
                0x0002b870                nrf_mesh_net_secmat_next_get
 .text.nrf_mesh_app_secmat_next_get
                0x0002b920       0x88 examples/serial/CMakeFiles/serial_nrf52840_xxAA_s140_6.1.0.dir/__/__/mesh/access/src/device_state_manager.c.obj
                0x0002b920                nrf_mesh_app_secmat_next_get
 .text.nrf_mesh_devkey_secmat_get
                0x0002b9a8       0x38 examples/serial/CMakeFiles/serial_nrf52840_xxAA_s140_6.1.0.dir/__/__/mesh/access/src/device_state_manager.c.obj
                0x0002b9a8                nrf_mesh_devkey_secmat_get
 .text.nrf_mesh_beacon_info_next_get
                0x0002b9e0       0xd4 examples/serial/CMakeFiles/serial_nrf52840_xxAA_s140_6.1.0.dir/__/__/mesh/access/src/device_state_manager.c.obj
                0x0002b9e0                nrf_mesh_beacon_info_next_get
 .text.nrf_mesh_rx_address_get
                0x0002bab4      0x144 examples/serial/CMakeFiles/serial_nrf52840_xxAA_s140_6.1.0.dir/__/__/mesh/access/src/device_state_manager.c.obj
                0x0002bab4                nrf_mesh_rx_address_get
 .text.dsm_address_is_rx
                0x0002bbf8       0x48 examples/serial/CMakeFiles/serial_nrf52840_xxAA_s140_6.1.0.dir/__/__/mesh/access/src/device_state_manager.c.obj
                0x0002bbf8                dsm_address_is_rx
 .text.nrf_mesh_unicast_address_get
                0x0002bc40       0x20 examples/serial/CMakeFiles/serial_nrf52840_xxAA_s140_6.1.0.dir/__/__/mesh/access/src/device_state_manager.c.obj
                0x0002bc40                nrf_mesh_unicast_address_get
 .text.config_composition_data_get
                0x0002bc60      0x186 examples/serial/CMakeFiles/serial_nrf52840_xxAA_s140_6.1.0.dir/__/__/models/foundation/config/src/composition_data.c.obj
                0x0002bc60                config_composition_data_get
 *fill*         0x0002bde6        0x2 
 .text.app_evt_send
                0x0002bde8       0x10 examples/serial/CMakeFiles/serial_nrf52840_xxAA_s140_6.1.0.dir/__/__/models/foundation/config/src/config_server.c.obj
 .text.get_element_index
                0x0002bdf8       0x26 examples/serial/CMakeFiles/serial_nrf52840_xxAA_s140_6.1.0.dir/__/__/models/foundation/config/src/config_server.c.obj
 .text.config_server_heartbeat_publication_params_get
                0x0002be1e       0x30 examples/serial/CMakeFiles/serial_nrf52840_xxAA_s140_6.1.0.dir/__/__/models/foundation/config/src/config_server.c.obj
 .text.send_reply
                0x0002be4e       0x34 examples/serial/CMakeFiles/serial_nrf52840_xxAA_s140_6.1.0.dir/__/__/models/foundation/config/src/config_server.c.obj
 .text.send_network_transmit_status
                0x0002be82       0x5a examples/serial/CMakeFiles/serial_nrf52840_xxAA_s140_6.1.0.dir/__/__/models/foundation/config/src/config_server.c.obj
 .text.handle_config_network_transmit_set
                0x0002bedc       0x74 examples/serial/CMakeFiles/serial_nrf52840_xxAA_s140_6.1.0.dir/__/__/models/foundation/config/src/config_server.c.obj
 .text.handle_config_network_transmit_get
                0x0002bf50        0xa examples/serial/CMakeFiles/serial_nrf52840_xxAA_s140_6.1.0.dir/__/__/models/foundation/config/src/config_server.c.obj
 *fill*         0x0002bf5a        0x2 
 .text.handle_node_reset
                0x0002bf5c       0x34 examples/serial/CMakeFiles/serial_nrf52840_xxAA_s140_6.1.0.dir/__/__/models/foundation/config/src/config_server.c.obj
 .text.send_netkey_status
                0x0002bf90       0x2c examples/serial/CMakeFiles/serial_nrf52840_xxAA_s140_6.1.0.dir/__/__/models/foundation/config/src/config_server.c.obj
 .text.send_relay_status
                0x0002bfbc       0x7e examples/serial/CMakeFiles/serial_nrf52840_xxAA_s140_6.1.0.dir/__/__/models/foundation/config/src/config_server.c.obj
 .text.handle_config_relay_set
                0x0002c03a       0x9a examples/serial/CMakeFiles/serial_nrf52840_xxAA_s140_6.1.0.dir/__/__/models/foundation/config/src/config_server.c.obj
 .text.handle_config_relay_get
                0x0002c0d4        0xa examples/serial/CMakeFiles/serial_nrf52840_xxAA_s140_6.1.0.dir/__/__/models/foundation/config/src/config_server.c.obj
 .text.send_subscription_status
                0x0002c0de       0x42 examples/serial/CMakeFiles/serial_nrf52840_xxAA_s140_6.1.0.dir/__/__/models/foundation/config/src/config_server.c.obj
 .text.send_appkey_status
                0x0002c120       0x3a examples/serial/CMakeFiles/serial_nrf52840_xxAA_s140_6.1.0.dir/__/__/models/foundation/config/src/config_server.c.obj
 .text.handle_netkey_delete
                0x0002c15a       0xbc examples/serial/CMakeFiles/serial_nrf52840_xxAA_s140_6.1.0.dir/__/__/models/foundation/config/src/config_server.c.obj
 *fill*         0x0002c216        0x2 
 .text.handle_netkey_add_update
                0x0002c218       0x78 examples/serial/CMakeFiles/serial_nrf52840_xxAA_s140_6.1.0.dir/__/__/models/foundation/config/src/config_server.c.obj
 .text.status_error_sub_send
                0x0002c290      0x124 examples/serial/CMakeFiles/serial_nrf52840_xxAA_s140_6.1.0.dir/__/__/models/foundation/config/src/config_server.c.obj
 .text.delete_all_subscriptions
                0x0002c3b4       0x66 examples/serial/CMakeFiles/serial_nrf52840_xxAA_s140_6.1.0.dir/__/__/models/foundation/config/src/config_server.c.obj
 .text.send_publication_status
                0x0002c41a      0x186 examples/serial/CMakeFiles/serial_nrf52840_xxAA_s140_6.1.0.dir/__/__/models/foundation/config/src/config_server.c.obj
 .text.handle_config_key_refresh_phase_set
                0x0002c5a0       0xc8 examples/serial/CMakeFiles/serial_nrf52840_xxAA_s140_6.1.0.dir/__/__/models/foundation/config/src/config_server.c.obj
 .text.handle_config_default_ttl_set
                0x0002c668       0x50 examples/serial/CMakeFiles/serial_nrf52840_xxAA_s140_6.1.0.dir/__/__/models/foundation/config/src/config_server.c.obj
 .text.send_net_beacon_state
                0x0002c6b8       0x2c examples/serial/CMakeFiles/serial_nrf52840_xxAA_s140_6.1.0.dir/__/__/models/foundation/config/src/config_server.c.obj
 .text.handle_config_beacon_get
                0x0002c6e4        0xa examples/serial/CMakeFiles/serial_nrf52840_xxAA_s140_6.1.0.dir/__/__/models/foundation/config/src/config_server.c.obj
 .text.handle_heartbeat_publication_set
                0x0002c6ee      0x136 examples/serial/CMakeFiles/serial_nrf52840_xxAA_s140_6.1.0.dir/__/__/models/foundation/config/src/config_server.c.obj
 .text.mesh_event_cb
                0x0002c824       0x70 examples/serial/CMakeFiles/serial_nrf52840_xxAA_s140_6.1.0.dir/__/__/models/foundation/config/src/config_server.c.obj
 .text.handle_node_identity_set
                0x0002c894       0x3e examples/serial/CMakeFiles/serial_nrf52840_xxAA_s140_6.1.0.dir/__/__/models/foundation/config/src/config_server.c.obj
 .text.handle_node_identity_get
                0x0002c8d2       0x3c examples/serial/CMakeFiles/serial_nrf52840_xxAA_s140_6.1.0.dir/__/__/models/foundation/config/src/config_server.c.obj
 .text.handle_config_gatt_proxy_get.part.8
                0x0002c90e       0x2a examples/serial/CMakeFiles/serial_nrf52840_xxAA_s140_6.1.0.dir/__/__/models/foundation/config/src/config_server.c.obj
 .text.handle_config_gatt_proxy_set
                0x0002c938       0x14 examples/serial/CMakeFiles/serial_nrf52840_xxAA_s140_6.1.0.dir/__/__/models/foundation/config/src/config_server.c.obj
 .text.handle_config_gatt_proxy_get
                0x0002c94c        0xa examples/serial/CMakeFiles/serial_nrf52840_xxAA_s140_6.1.0.dir/__/__/models/foundation/config/src/config_server.c.obj
 .text.handle_config_friend_get.part.10
                0x0002c956       0x2a examples/serial/CMakeFiles/serial_nrf52840_xxAA_s140_6.1.0.dir/__/__/models/foundation/config/src/config_server.c.obj
 .text.handle_config_friend_set
                0x0002c980       0x14 examples/serial/CMakeFiles/serial_nrf52840_xxAA_s140_6.1.0.dir/__/__/models/foundation/config/src/config_server.c.obj
 .text.handle_config_friend_get
                0x0002c994        0xa examples/serial/CMakeFiles/serial_nrf52840_xxAA_s140_6.1.0.dir/__/__/models/foundation/config/src/config_server.c.obj
 .text.handle_netkey_get
                0x0002c99e       0x50 examples/serial/CMakeFiles/serial_nrf52840_xxAA_s140_6.1.0.dir/__/__/models/foundation/config/src/config_server.c.obj
 .text.handle_appkey_get
                0x0002c9ee       0x82 examples/serial/CMakeFiles/serial_nrf52840_xxAA_s140_6.1.0.dir/__/__/models/foundation/config/src/config_server.c.obj
 .text.status_error_pub_send
                0x0002ca70       0x90 examples/serial/CMakeFiles/serial_nrf52840_xxAA_s140_6.1.0.dir/__/__/models/foundation/config/src/config_server.c.obj
 .text.handle_config_key_refresh_phase_get
                0x0002cb00       0x58 examples/serial/CMakeFiles/serial_nrf52840_xxAA_s140_6.1.0.dir/__/__/models/foundation/config/src/config_server.c.obj
 .text.handle_config_default_ttl_get
                0x0002cb58       0x30 examples/serial/CMakeFiles/serial_nrf52840_xxAA_s140_6.1.0.dir/__/__/models/foundation/config/src/config_server.c.obj
 .text.handle_config_beacon_set
                0x0002cb88       0x42 examples/serial/CMakeFiles/serial_nrf52840_xxAA_s140_6.1.0.dir/__/__/models/foundation/config/src/config_server.c.obj
 .text.handle_composition_data_get
                0x0002cbca       0x50 examples/serial/CMakeFiles/serial_nrf52840_xxAA_s140_6.1.0.dir/__/__/models/foundation/config/src/config_server.c.obj
 *fill*         0x0002cc1a        0x2 
 .text.handle_appkey_add
                0x0002cc1c      0x140 examples/serial/CMakeFiles/serial_nrf52840_xxAA_s140_6.1.0.dir/__/__/models/foundation/config/src/config_server.c.obj
 .text.get_subscription_list.constprop.25
                0x0002cd5c       0x50 examples/serial/CMakeFiles/serial_nrf52840_xxAA_s140_6.1.0.dir/__/__/models/foundation/config/src/config_server.c.obj
 .text.heartbeat_subscription_count_encode
                0x0002cdac       0x26 examples/serial/CMakeFiles/serial_nrf52840_xxAA_s140_6.1.0.dir/__/__/models/foundation/config/src/config_server.c.obj
 .text.handle_appkey_update
                0x0002cdd2       0xbc examples/serial/CMakeFiles/serial_nrf52840_xxAA_s140_6.1.0.dir/__/__/models/foundation/config/src/config_server.c.obj
 .text.handle_appkey_delete
                0x0002ce8e       0xc2 examples/serial/CMakeFiles/serial_nrf52840_xxAA_s140_6.1.0.dir/__/__/models/foundation/config/src/config_server.c.obj
 .text.heartbeat_pubsub_period_encode
                0x0002cf50       0x26 examples/serial/CMakeFiles/serial_nrf52840_xxAA_s140_6.1.0.dir/__/__/models/foundation/config/src/config_server.c.obj
 .text.handle_heartbeat_publication_get
                0x0002cf76       0x7e examples/serial/CMakeFiles/serial_nrf52840_xxAA_s140_6.1.0.dir/__/__/models/foundation/config/src/config_server.c.obj
 .text.handle_heartbeat_subscription_get
                0x0002cff4       0x84 examples/serial/CMakeFiles/serial_nrf52840_xxAA_s140_6.1.0.dir/__/__/models/foundation/config/src/config_server.c.obj
 .text.handle_heartbeat_subscription_set
                0x0002d078       0xa8 examples/serial/CMakeFiles/serial_nrf52840_xxAA_s140_6.1.0.dir/__/__/models/foundation/config/src/config_server.c.obj
 .text.handle_config_model_publication_get
                0x0002d120       0x94 examples/serial/CMakeFiles/serial_nrf52840_xxAA_s140_6.1.0.dir/__/__/models/foundation/config/src/config_server.c.obj
 .text.handle_config_model_subscription_delete_all
                0x0002d1b4       0xca examples/serial/CMakeFiles/serial_nrf52840_xxAA_s140_6.1.0.dir/__/__/models/foundation/config/src/config_server.c.obj
 .text.handle_config_model_subscription_virtual_address_delete
                0x0002d27e      0x110 examples/serial/CMakeFiles/serial_nrf52840_xxAA_s140_6.1.0.dir/__/__/models/foundation/config/src/config_server.c.obj
 .text.handle_config_model_subscription_virtual_address_add
                0x0002d38e      0x10e examples/serial/CMakeFiles/serial_nrf52840_xxAA_s140_6.1.0.dir/__/__/models/foundation/config/src/config_server.c.obj
 .text.handle_config_model_subscription_delete
                0x0002d49c      0x116 examples/serial/CMakeFiles/serial_nrf52840_xxAA_s140_6.1.0.dir/__/__/models/foundation/config/src/config_server.c.obj
 .text.handle_config_model_subscription_add
                0x0002d5b2      0x11a examples/serial/CMakeFiles/serial_nrf52840_xxAA_s140_6.1.0.dir/__/__/models/foundation/config/src/config_server.c.obj
 .text.handle_config_model_subscription_virtual_address_overwrite
                0x0002d6cc      0x128 examples/serial/CMakeFiles/serial_nrf52840_xxAA_s140_6.1.0.dir/__/__/models/foundation/config/src/config_server.c.obj
 .text.handle_model_app_get
                0x0002d7f4      0x1a4 examples/serial/CMakeFiles/serial_nrf52840_xxAA_s140_6.1.0.dir/__/__/models/foundation/config/src/config_server.c.obj
 .text.handle_config_model_subscription_overwrite
                0x0002d998      0x122 examples/serial/CMakeFiles/serial_nrf52840_xxAA_s140_6.1.0.dir/__/__/models/foundation/config/src/config_server.c.obj
 *fill*         0x0002daba        0x2 
 .text.handle_model_app_bind_unbind
                0x0002dabc      0x1f8 examples/serial/CMakeFiles/serial_nrf52840_xxAA_s140_6.1.0.dir/__/__/models/foundation/config/src/config_server.c.obj
 .text.handle_config_sig_model_subscription_get
                0x0002dcb4       0xa2 examples/serial/CMakeFiles/serial_nrf52840_xxAA_s140_6.1.0.dir/__/__/models/foundation/config/src/config_server.c.obj
 .text.handle_config_vendor_model_subscription_get
                0x0002dd56       0xde examples/serial/CMakeFiles/serial_nrf52840_xxAA_s140_6.1.0.dir/__/__/models/foundation/config/src/config_server.c.obj
 .text.handle_config_model_publication_set
                0x0002de34      0x2dc examples/serial/CMakeFiles/serial_nrf52840_xxAA_s140_6.1.0.dir/__/__/models/foundation/config/src/config_server.c.obj
 .text.config_server_init
                0x0002e110       0x60 examples/serial/CMakeFiles/serial_nrf52840_xxAA_s140_6.1.0.dir/__/__/models/foundation/config/src/config_server.c.obj
                0x0002e110                config_server_init
 .text.packed_index_list_create
                0x0002e170       0x32 examples/serial/CMakeFiles/serial_nrf52840_xxAA_s140_6.1.0.dir/__/__/models/foundation/config/src/packed_index_list.c.obj
                0x0002e170                packed_index_list_create
 *fill*         0x0002e1a2        0x2 
 .text.attention_timer_set
                0x0002e1a4       0x8c examples/serial/CMakeFiles/serial_nrf52840_xxAA_s140_6.1.0.dir/__/__/models/foundation/health/src/health_server.c.obj
 .text.attention_timer_handler
                0x0002e230       0x5c examples/serial/CMakeFiles/serial_nrf52840_xxAA_s140_6.1.0.dir/__/__/models/foundation/health/src/health_server.c.obj
 .text.send_attention_status
                0x0002e28c       0x4a examples/serial/CMakeFiles/serial_nrf52840_xxAA_s140_6.1.0.dir/__/__/models/foundation/health/src/health_server.c.obj
 .text.handle_attention_get
                0x0002e2d6        0xc examples/serial/CMakeFiles/serial_nrf52840_xxAA_s140_6.1.0.dir/__/__/models/foundation/health/src/health_server.c.obj
 .text.send_period_status
                0x0002e2e2       0x48 examples/serial/CMakeFiles/serial_nrf52840_xxAA_s140_6.1.0.dir/__/__/models/foundation/health/src/health_server.c.obj
 .text.handle_period_get
                0x0002e32a        0xc examples/serial/CMakeFiles/serial_nrf52840_xxAA_s140_6.1.0.dir/__/__/models/foundation/health/src/health_server.c.obj
 .text.handle_attention_set
                0x0002e336       0x2e examples/serial/CMakeFiles/serial_nrf52840_xxAA_s140_6.1.0.dir/__/__/models/foundation/health/src/health_server.c.obj
 .text.handle_period_set
                0x0002e364       0x22 examples/serial/CMakeFiles/serial_nrf52840_xxAA_s140_6.1.0.dir/__/__/models/foundation/health/src/health_server.c.obj
 *fill*         0x0002e386        0x2 
 .text.bitfield_next_get.part.0.constprop.9
                0x0002e388       0x44 examples/serial/CMakeFiles/serial_nrf52840_xxAA_s140_6.1.0.dir/__/__/models/foundation/health/src/health_server.c.obj
 .text.send_fault_status
                0x0002e3cc       0x96 examples/serial/CMakeFiles/serial_nrf52840_xxAA_s140_6.1.0.dir/__/__/models/foundation/health/src/health_server.c.obj
 .text.health_publish_timeout_handler
                0x0002e462        0xa examples/serial/CMakeFiles/serial_nrf52840_xxAA_s140_6.1.0.dir/__/__/models/foundation/health/src/health_server.c.obj
 .text.handle_fault_test
                0x0002e46c       0x68 examples/serial/CMakeFiles/serial_nrf52840_xxAA_s140_6.1.0.dir/__/__/models/foundation/health/src/health_server.c.obj
 .text.handle_fault_get
                0x0002e4d4       0x32 examples/serial/CMakeFiles/serial_nrf52840_xxAA_s140_6.1.0.dir/__/__/models/foundation/health/src/health_server.c.obj
 .text.handle_fault_clear
                0x0002e506       0x48 examples/serial/CMakeFiles/serial_nrf52840_xxAA_s140_6.1.0.dir/__/__/models/foundation/health/src/health_server.c.obj
 *fill*         0x0002e54e        0x2 
 .text.health_server_init
                0x0002e550       0x6c examples/serial/CMakeFiles/serial_nrf52840_xxAA_s140_6.1.0.dir/__/__/models/foundation/health/src/health_server.c.obj
                0x0002e550                health_server_init
 .text.serial_uart_init
                0x0002e5bc       0x90 examples/serial/CMakeFiles/serial_nrf52840_xxAA_s140_6.1.0.dir/__/__/mesh/serial/src/serial_uart.c.obj
                0x0002e5bc                serial_uart_init
 .text.serial_uart_process
                0x0002e64c       0x5c examples/serial/CMakeFiles/serial_nrf52840_xxAA_s140_6.1.0.dir/__/__/mesh/serial/src/serial_uart.c.obj
                0x0002e64c                serial_uart_process
 .text.UARTE0_UART0_IRQHandler
                0x0002e6a8        0x4 examples/serial/CMakeFiles/serial_nrf52840_xxAA_s140_6.1.0.dir/__/__/mesh/serial/src/serial_uart.c.obj
                0x0002e6a8                UARTE0_UART0_IRQHandler
 .text.serial_uart_receive_set
                0x0002e6ac        0xc examples/serial/CMakeFiles/serial_nrf52840_xxAA_s140_6.1.0.dir/__/__/mesh/serial/src/serial_uart.c.obj
                0x0002e6ac                serial_uart_receive_set
 .text.do_transmit
                0x0002e6b8       0x44 examples/serial/CMakeFiles/serial_nrf52840_xxAA_s140_6.1.0.dir/__/__/mesh/serial/src/serial_bearer.c.obj
 .text.char_tx  0x0002e6fc       0x78 examples/serial/CMakeFiles/serial_nrf52840_xxAA_s140_6.1.0.dir/__/__/mesh/serial/src/serial_bearer.c.obj
 .text.serial_bearer_init
                0x0002e774       0x78 examples/serial/CMakeFiles/serial_nrf52840_xxAA_s140_6.1.0.dir/__/__/mesh/serial/src/serial_bearer.c.obj
                0x0002e774                serial_bearer_init
 .text.serial_bearer_packet_buffer_get
                0x0002e7ec       0x24 examples/serial/CMakeFiles/serial_nrf52840_xxAA_s140_6.1.0.dir/__/__/mesh/serial/src/serial_bearer.c.obj
                0x0002e7ec                serial_bearer_packet_buffer_get
 .text.serial_bearer_tx
                0x0002e810       0x54 examples/serial/CMakeFiles/serial_nrf52840_xxAA_s140_6.1.0.dir/__/__/mesh/serial/src/serial_bearer.c.obj
                0x0002e810                serial_bearer_tx
 .text.send_cmd_response.constprop.5
                0x0002e864       0x26 examples/serial/CMakeFiles/serial_nrf52840_xxAA_s140_6.1.0.dir/__/__/mesh/serial/src/serial_bearer.c.obj
 *fill*         0x0002e88a        0x2 
 .text.char_rx  0x0002e88c       0xc4 examples/serial/CMakeFiles/serial_nrf52840_xxAA_s140_6.1.0.dir/__/__/mesh/serial/src/serial_bearer.c.obj
 .text.serial_bearer_rx_get
                0x0002e950       0x38 examples/serial/CMakeFiles/serial_nrf52840_xxAA_s140_6.1.0.dir/__/__/mesh/serial/src/serial_bearer.c.obj
                0x0002e950                serial_bearer_rx_get
 .text.serial_handler_common_cmd_rsp_nodata_on_error
                0x0002e988       0x2a examples/serial/CMakeFiles/serial_nrf52840_xxAA_s140_6.1.0.dir/__/__/mesh/serial/src/serial_handler_common.c.obj
                0x0002e988                serial_handler_common_cmd_rsp_nodata_on_error
 .text.serial_handler_common_rx
                0x0002e9b2       0x4a examples/serial/CMakeFiles/serial_nrf52840_xxAA_s140_6.1.0.dir/__/__/mesh/serial/src/serial_handler_common.c.obj
                0x0002e9b2                serial_handler_common_rx
 .text.access_flash_store
                0x0002e9fc       0x18 examples/serial/CMakeFiles/serial_nrf52840_xxAA_s140_6.1.0.dir/__/__/mesh/serial/src/serial_handler_access.c.obj
 .text.elem_models_get
                0x0002ea14       0x44 examples/serial/CMakeFiles/serial_nrf52840_xxAA_s140_6.1.0.dir/__/__/mesh/serial/src/serial_handler_access.c.obj
 .text.handle_get
                0x0002ea58       0x1e examples/serial/CMakeFiles/serial_nrf52840_xxAA_s140_6.1.0.dir/__/__/mesh/serial/src/serial_handler_access.c.obj
 .text.model_id_get
                0x0002ea76       0x1e examples/serial/CMakeFiles/serial_nrf52840_xxAA_s140_6.1.0.dir/__/__/mesh/serial/src/serial_handler_access.c.obj
 .text.elem_vendor_model_cnt_get
                0x0002ea94       0x1c examples/serial/CMakeFiles/serial_nrf52840_xxAA_s140_6.1.0.dir/__/__/mesh/serial/src/serial_handler_access.c.obj
 .text.elem_sig_model_cnt_get
                0x0002eab0       0x1c examples/serial/CMakeFiles/serial_nrf52840_xxAA_s140_6.1.0.dir/__/__/mesh/serial/src/serial_handler_access.c.obj
 .text.elem_loc_get
                0x0002eacc       0x1c examples/serial/CMakeFiles/serial_nrf52840_xxAA_s140_6.1.0.dir/__/__/mesh/serial/src/serial_handler_access.c.obj
 .text.elem_loc_set
                0x0002eae8       0x22 examples/serial/CMakeFiles/serial_nrf52840_xxAA_s140_6.1.0.dir/__/__/mesh/serial/src/serial_handler_access.c.obj
 .text.model_pub_ttl_get
                0x0002eb0a       0x1c examples/serial/CMakeFiles/serial_nrf52840_xxAA_s140_6.1.0.dir/__/__/mesh/serial/src/serial_handler_access.c.obj
 .text.model_pub_ttl_set
                0x0002eb26       0x22 examples/serial/CMakeFiles/serial_nrf52840_xxAA_s140_6.1.0.dir/__/__/mesh/serial/src/serial_handler_access.c.obj
 .text.model_pub_app_get
                0x0002eb48       0x1c examples/serial/CMakeFiles/serial_nrf52840_xxAA_s140_6.1.0.dir/__/__/mesh/serial/src/serial_handler_access.c.obj
 .text.model_pub_app_set
                0x0002eb64       0x22 examples/serial/CMakeFiles/serial_nrf52840_xxAA_s140_6.1.0.dir/__/__/mesh/serial/src/serial_handler_access.c.obj
 .text.model_app_get
                0x0002eb86       0x44 examples/serial/CMakeFiles/serial_nrf52840_xxAA_s140_6.1.0.dir/__/__/mesh/serial/src/serial_handler_access.c.obj
 .text.model_app_unbind
                0x0002ebca       0x22 examples/serial/CMakeFiles/serial_nrf52840_xxAA_s140_6.1.0.dir/__/__/mesh/serial/src/serial_handler_access.c.obj
 .text.model_app_bind
                0x0002ebec       0x22 examples/serial/CMakeFiles/serial_nrf52840_xxAA_s140_6.1.0.dir/__/__/mesh/serial/src/serial_handler_access.c.obj
 .text.model_subs_get
                0x0002ec0e       0x44 examples/serial/CMakeFiles/serial_nrf52840_xxAA_s140_6.1.0.dir/__/__/mesh/serial/src/serial_handler_access.c.obj
 .text.model_subs_remove
                0x0002ec52       0x22 examples/serial/CMakeFiles/serial_nrf52840_xxAA_s140_6.1.0.dir/__/__/mesh/serial/src/serial_handler_access.c.obj
 .text.model_subs_add
                0x0002ec74       0x22 examples/serial/CMakeFiles/serial_nrf52840_xxAA_s140_6.1.0.dir/__/__/mesh/serial/src/serial_handler_access.c.obj
 .text.model_pub_period_get
                0x0002ec96       0x20 examples/serial/CMakeFiles/serial_nrf52840_xxAA_s140_6.1.0.dir/__/__/mesh/serial/src/serial_handler_access.c.obj
 .text.model_pub_period_set
                0x0002ecb6       0x24 examples/serial/CMakeFiles/serial_nrf52840_xxAA_s140_6.1.0.dir/__/__/mesh/serial/src/serial_handler_access.c.obj
 .text.model_pub_addr_get
                0x0002ecda       0x1c examples/serial/CMakeFiles/serial_nrf52840_xxAA_s140_6.1.0.dir/__/__/mesh/serial/src/serial_handler_access.c.obj
 .text.model_pub_addr_set
                0x0002ecf6       0x22 examples/serial/CMakeFiles/serial_nrf52840_xxAA_s140_6.1.0.dir/__/__/mesh/serial/src/serial_handler_access.c.obj
 .text.serial_handler_access_rx
                0x0002ed18       0x24 examples/serial/CMakeFiles/serial_nrf52840_xxAA_s140_6.1.0.dir/__/__/mesh/serial/src/serial_handler_access.c.obj
                0x0002ed18                serial_handler_access_rx
 .text.serial_handler_config_rx
                0x0002ed3c       0xa4 examples/serial/CMakeFiles/serial_nrf52840_xxAA_s140_6.1.0.dir/__/__/mesh/serial/src/serial_handler_config.c.obj
                0x0002ed3c                serial_handler_config_rx
 .text.serial_handler_openmesh_rx
                0x0002ede0       0x36 examples/serial/CMakeFiles/serial_nrf52840_xxAA_s140_6.1.0.dir/__/__/mesh/serial/src/serial_handler_openmesh.c.obj
                0x0002ede0                serial_handler_openmesh_rx
 *fill*         0x0002ee16        0x2 
 .text.serial_init
                0x0002ee18       0x1c examples/serial/CMakeFiles/serial_nrf52840_xxAA_s140_6.1.0.dir/__/__/mesh/serial/src/serial.c.obj
                0x0002ee18                serial_init
 .text.serial_packet_buffer_get
                0x0002ee34       0x34 examples/serial/CMakeFiles/serial_nrf52840_xxAA_s140_6.1.0.dir/__/__/mesh/serial/src/serial.c.obj
                0x0002ee34                serial_packet_buffer_get
 .text.serial_tx
                0x0002ee68       0x20 examples/serial/CMakeFiles/serial_nrf52840_xxAA_s140_6.1.0.dir/__/__/mesh/serial/src/serial.c.obj
                0x0002ee68                serial_tx
 .text.serial_start
                0x0002ee88       0xfc examples/serial/CMakeFiles/serial_nrf52840_xxAA_s140_6.1.0.dir/__/__/mesh/serial/src/serial.c.obj
                0x0002ee88                serial_start
 .text.serial_process
                0x0002ef84       0x30 examples/serial/CMakeFiles/serial_nrf52840_xxAA_s140_6.1.0.dir/__/__/mesh/serial/src/serial.c.obj
                0x0002ef84                serial_process
 .text.serial_translate_error
                0x0002efb4       0x6e examples/serial/CMakeFiles/serial_nrf52840_xxAA_s140_6.1.0.dir/__/__/mesh/serial/src/serial.c.obj
                0x0002efb4                serial_translate_error
 *fill*         0x0002f022        0x2 
 .text.serial_state_get
                0x0002f024        0xc examples/serial/CMakeFiles/serial_nrf52840_xxAA_s140_6.1.0.dir/__/__/mesh/serial/src/serial.c.obj
                0x0002f024                serial_state_get
 .text.serial_cmd_rsp_send
                0x0002f030       0x58 examples/serial/CMakeFiles/serial_nrf52840_xxAA_s140_6.1.0.dir/__/__/mesh/serial/src/serial.c.obj
                0x0002f030                serial_cmd_rsp_send
 .text.serial_process_cmd
                0x0002f088       0xbc examples/serial/CMakeFiles/serial_nrf52840_xxAA_s140_6.1.0.dir/__/__/mesh/serial/src/serial.c.obj
 .text.find_context_id
                0x0002f144       0x20 examples/serial/CMakeFiles/serial_nrf52840_xxAA_s140_6.1.0.dir/__/__/mesh/serial/src/serial_handler_prov.c.obj
 .text.serial_handler_prov_evt_in
                0x0002f164      0x238 examples/serial/CMakeFiles/serial_nrf52840_xxAA_s140_6.1.0.dir/__/__/mesh/serial/src/serial_handler_prov.c.obj
 .text.serial_handler_prov_init
                0x0002f39c       0xc0 examples/serial/CMakeFiles/serial_nrf52840_xxAA_s140_6.1.0.dir/__/__/mesh/serial/src/serial_handler_prov.c.obj
                0x0002f39c                serial_handler_prov_init
 .text.serial_handler_prov_pkt_in
                0x0002f45c      0x22c examples/serial/CMakeFiles/serial_nrf52840_xxAA_s140_6.1.0.dir/__/__/mesh/serial/src/serial_handler_prov.c.obj
                0x0002f45c                serial_handler_prov_pkt_in
 .text.serial_handler_mesh_evt_handle
                0x0002f688      0x172 examples/serial/CMakeFiles/serial_nrf52840_xxAA_s140_6.1.0.dir/__/__/mesh/serial/src/serial_handler_dfu.c.obj
 *fill*         0x0002f7fa        0x2 
 .text.serial_handler_dfu_init
                0x0002f7fc       0x14 examples/serial/CMakeFiles/serial_nrf52840_xxAA_s140_6.1.0.dir/__/__/mesh/serial/src/serial_handler_dfu.c.obj
                0x0002f7fc                serial_handler_dfu_init
 .text.serial_handler_dfu_rx
                0x0002f810      0x150 examples/serial/CMakeFiles/serial_nrf52840_xxAA_s140_6.1.0.dir/__/__/mesh/serial/src/serial_handler_dfu.c.obj
                0x0002f810                serial_handler_dfu_rx
 .text.serial_handler_mesh_evt_handle
                0x0002f960       0xf4 examples/serial/CMakeFiles/serial_nrf52840_xxAA_s140_6.1.0.dir/__/__/mesh/serial/src/serial_handler_mesh.c.obj
 .text.handle_cmd_clear
                0x0002fa54       0x20 examples/serial/CMakeFiles/serial_nrf52840_xxAA_s140_6.1.0.dir/__/__/mesh/serial/src/serial_handler_mesh.c.obj
 .text.handle_cmd_packet_send
                0x0002fa74       0xa0 examples/serial/CMakeFiles/serial_nrf52840_xxAA_s140_6.1.0.dir/__/__/mesh/serial/src/serial_handler_mesh.c.obj
 .text.handle_cmd_addr_virtual_count_max_get
                0x0002fb14       0x1a examples/serial/CMakeFiles/serial_nrf52840_xxAA_s140_6.1.0.dir/__/__/mesh/serial/src/serial_handler_mesh.c.obj
 .text.handle_cmd_appkey_count_max_get
                0x0002fb2e        0x4 examples/serial/CMakeFiles/serial_nrf52840_xxAA_s140_6.1.0.dir/__/__/mesh/serial/src/serial_handler_mesh.c.obj
 .text.handle_cmd_subnet_count_max_get
                0x0002fb32        0x4 examples/serial/CMakeFiles/serial_nrf52840_xxAA_s140_6.1.0.dir/__/__/mesh/serial/src/serial_handler_mesh.c.obj
 .text.handle_cmd_addr_nonvirtual_count_max_get
                0x0002fb36       0x1a examples/serial/CMakeFiles/serial_nrf52840_xxAA_s140_6.1.0.dir/__/__/mesh/serial/src/serial_handler_mesh.c.obj
 .text.handle_cmd_addr_local_unicast_get
                0x0002fb50       0x2c examples/serial/CMakeFiles/serial_nrf52840_xxAA_s140_6.1.0.dir/__/__/mesh/serial/src/serial_handler_mesh.c.obj
 .text.handle_cmd_devkey_count_max_get
                0x0002fb7c       0x1a examples/serial/CMakeFiles/serial_nrf52840_xxAA_s140_6.1.0.dir/__/__/mesh/serial/src/serial_handler_mesh.c.obj
 .text.handle_cmd_addr_get_all
                0x0002fb96       0x2c examples/serial/CMakeFiles/serial_nrf52840_xxAA_s140_6.1.0.dir/__/__/mesh/serial/src/serial_handler_mesh.c.obj
 .text.handle_cmd_addr_get
                0x0002fbc2       0x68 examples/serial/CMakeFiles/serial_nrf52840_xxAA_s140_6.1.0.dir/__/__/mesh/serial/src/serial_handler_mesh.c.obj
 .text.handle_cmd_addr_publication_remove
                0x0002fc2a       0x26 examples/serial/CMakeFiles/serial_nrf52840_xxAA_s140_6.1.0.dir/__/__/mesh/serial/src/serial_handler_mesh.c.obj
 .text.handle_cmd_addr_publication_add_virtual
                0x0002fc50       0x26 examples/serial/CMakeFiles/serial_nrf52840_xxAA_s140_6.1.0.dir/__/__/mesh/serial/src/serial_handler_mesh.c.obj
 .text.handle_cmd_addr_publication_add
                0x0002fc76       0x26 examples/serial/CMakeFiles/serial_nrf52840_xxAA_s140_6.1.0.dir/__/__/mesh/serial/src/serial_handler_mesh.c.obj
 .text.handle_cmd_addr_subscription_remove
                0x0002fc9c       0x26 examples/serial/CMakeFiles/serial_nrf52840_xxAA_s140_6.1.0.dir/__/__/mesh/serial/src/serial_handler_mesh.c.obj
 .text.handle_cmd_addr_subscription_add_virtual
                0x0002fcc2       0x26 examples/serial/CMakeFiles/serial_nrf52840_xxAA_s140_6.1.0.dir/__/__/mesh/serial/src/serial_handler_mesh.c.obj
 .text.handle_cmd_addr_subscription_add
                0x0002fce8       0x26 examples/serial/CMakeFiles/serial_nrf52840_xxAA_s140_6.1.0.dir/__/__/mesh/serial/src/serial_handler_mesh.c.obj
 .text.handle_cmd_addr_local_unicast_set
                0x0002fd0e       0x32 examples/serial/CMakeFiles/serial_nrf52840_xxAA_s140_6.1.0.dir/__/__/mesh/serial/src/serial_handler_mesh.c.obj
 .text.handle_cmd_devkey_delete
                0x0002fd40       0x26 examples/serial/CMakeFiles/serial_nrf52840_xxAA_s140_6.1.0.dir/__/__/mesh/serial/src/serial_handler_mesh.c.obj
 .text.handle_cmd_devkey_add
                0x0002fd66       0x20 examples/serial/CMakeFiles/serial_nrf52840_xxAA_s140_6.1.0.dir/__/__/mesh/serial/src/serial_handler_mesh.c.obj
 .text.handle_cmd_appkey_get_all
                0x0002fd86       0x38 examples/serial/CMakeFiles/serial_nrf52840_xxAA_s140_6.1.0.dir/__/__/mesh/serial/src/serial_handler_mesh.c.obj
 .text.handle_cmd_appkey_delete
                0x0002fdbe       0x26 examples/serial/CMakeFiles/serial_nrf52840_xxAA_s140_6.1.0.dir/__/__/mesh/serial/src/serial_handler_mesh.c.obj
 .text.handle_cmd_appkey_update
                0x0002fde4       0x28 examples/serial/CMakeFiles/serial_nrf52840_xxAA_s140_6.1.0.dir/__/__/mesh/serial/src/serial_handler_mesh.c.obj
 .text.handle_cmd_appkey_add
                0x0002fe0c       0x2a examples/serial/CMakeFiles/serial_nrf52840_xxAA_s140_6.1.0.dir/__/__/mesh/serial/src/serial_handler_mesh.c.obj
 .text.handle_cmd_subnet_get_all
                0x0002fe36       0x2c examples/serial/CMakeFiles/serial_nrf52840_xxAA_s140_6.1.0.dir/__/__/mesh/serial/src/serial_handler_mesh.c.obj
 .text.handle_cmd_subnet_delete
                0x0002fe62       0x26 examples/serial/CMakeFiles/serial_nrf52840_xxAA_s140_6.1.0.dir/__/__/mesh/serial/src/serial_handler_mesh.c.obj
 .text.handle_cmd_subnet_update
                0x0002fe88       0x28 examples/serial/CMakeFiles/serial_nrf52840_xxAA_s140_6.1.0.dir/__/__/mesh/serial/src/serial_handler_mesh.c.obj
 .text.handle_cmd_subnet_add
                0x0002feb0       0x28 examples/serial/CMakeFiles/serial_nrf52840_xxAA_s140_6.1.0.dir/__/__/mesh/serial/src/serial_handler_mesh.c.obj
 .text.handle_cmd_disable
                0x0002fed8       0x18 examples/serial/CMakeFiles/serial_nrf52840_xxAA_s140_6.1.0.dir/__/__/mesh/serial/src/serial_handler_mesh.c.obj
 .text.handle_cmd_enable
                0x0002fef0       0x18 examples/serial/CMakeFiles/serial_nrf52840_xxAA_s140_6.1.0.dir/__/__/mesh/serial/src/serial_handler_mesh.c.obj
 .text.serial_handler_mesh_init
                0x0002ff08       0x14 examples/serial/CMakeFiles/serial_nrf52840_xxAA_s140_6.1.0.dir/__/__/mesh/serial/src/serial_handler_mesh.c.obj
                0x0002ff08                serial_handler_mesh_init
 .text.serial_handler_mesh_rx
                0x0002ff1c       0x6c examples/serial/CMakeFiles/serial_nrf52840_xxAA_s140_6.1.0.dir/__/__/mesh/serial/src/serial_handler_mesh.c.obj
                0x0002ff1c                serial_handler_mesh_rx
 .text.registered_model_get
                0x0002ff88       0x3c examples/serial/CMakeFiles/serial_nrf52840_xxAA_s140_6.1.0.dir/__/__/mesh/serial/src/serial_handler_models.c.obj
 .text.model_command
                0x0002ffc4       0x5e examples/serial/CMakeFiles/serial_nrf52840_xxAA_s140_6.1.0.dir/__/__/mesh/serial/src/serial_handler_models.c.obj
 .text.model_init
                0x00030022       0x3a examples/serial/CMakeFiles/serial_nrf52840_xxAA_s140_6.1.0.dir/__/__/mesh/serial/src/serial_handler_models.c.obj
 .text.models_get
                0x0003005c       0x80 examples/serial/CMakeFiles/serial_nrf52840_xxAA_s140_6.1.0.dir/__/__/mesh/serial/src/serial_handler_models.c.obj
 .text.serial_handler_models_rx
                0x000300dc       0x24 examples/serial/CMakeFiles/serial_nrf52840_xxAA_s140_6.1.0.dir/__/__/mesh/serial/src/serial_handler_models.c.obj
                0x000300dc                serial_handler_models_rx
 .text.handle_cmd_hk_data_clear
                0x00030100       0x24 examples/serial/CMakeFiles/serial_nrf52840_xxAA_s140_6.1.0.dir/__/__/mesh/serial/src/serial_handler_device.c.obj
 .text.handle_cmd_hk_data_get
                0x00030124       0x2c examples/serial/CMakeFiles/serial_nrf52840_xxAA_s140_6.1.0.dir/__/__/mesh/serial/src/serial_handler_device.c.obj
 .text.handle_cmd_device_fw_info_get
                0x00030150        0xc examples/serial/CMakeFiles/serial_nrf52840_xxAA_s140_6.1.0.dir/__/__/mesh/serial/src/serial_handler_device.c.obj
 .text.handle_cmd_device_internal_events_report
                0x0003015c        0x4 examples/serial/CMakeFiles/serial_nrf52840_xxAA_s140_6.1.0.dir/__/__/mesh/serial/src/serial_handler_device.c.obj
 .text.handle_cmd_device_serial_version_get
                0x00030160       0x1a examples/serial/CMakeFiles/serial_nrf52840_xxAA_s140_6.1.0.dir/__/__/mesh/serial/src/serial_handler_device.c.obj
 *fill*         0x0003017a        0x2 
 .text.handle_cmd_device_beacon_params_set
                0x0003017c       0x6c examples/serial/CMakeFiles/serial_nrf52840_xxAA_s140_6.1.0.dir/__/__/mesh/serial/src/serial_handler_device.c.obj
 .text.handle_cmd_device_beacon_stop
                0x000301e8       0x44 examples/serial/CMakeFiles/serial_nrf52840_xxAA_s140_6.1.0.dir/__/__/mesh/serial/src/serial_handler_device.c.obj
 .text.handle_cmd_device_beacon_start
                0x0003022c       0x70 examples/serial/CMakeFiles/serial_nrf52840_xxAA_s140_6.1.0.dir/__/__/mesh/serial/src/serial_handler_device.c.obj
 .text.handle_cmd_device_radio_reset
                0x0003029c       0x1a examples/serial/CMakeFiles/serial_nrf52840_xxAA_s140_6.1.0.dir/__/__/mesh/serial/src/serial_handler_device.c.obj
 .text.handle_cmd_device_echo
                0x000302b6       0x2c examples/serial/CMakeFiles/serial_nrf52840_xxAA_s140_6.1.0.dir/__/__/mesh/serial/src/serial_handler_device.c.obj
 *fill*         0x000302e2        0x2 
 .text.handle_cmd_device_beacon_params_get
                0x000302e4       0x84 examples/serial/CMakeFiles/serial_nrf52840_xxAA_s140_6.1.0.dir/__/__/mesh/serial/src/serial_handler_device.c.obj
 .text.serial_handler_device_init
                0x00030368       0x20 examples/serial/CMakeFiles/serial_nrf52840_xxAA_s140_6.1.0.dir/__/__/mesh/serial/src/serial_handler_device.c.obj
                0x00030368                serial_handler_device_init
 .text.serial_handler_device_rx
                0x00030388       0x24 examples/serial/CMakeFiles/serial_nrf52840_xxAA_s140_6.1.0.dir/__/__/mesh/serial/src/serial_handler_device.c.obj
                0x00030388                serial_handler_device_rx
 .text.serial_handler_device_alloc_fail_report
                0x000303ac       0x14 examples/serial/CMakeFiles/serial_nrf52840_xxAA_s140_6.1.0.dir/__/__/mesh/serial/src/serial_handler_device.c.obj
                0x000303ac                serial_handler_device_alloc_fail_report
 .text.nrf_mesh_serial_init
                0x000303c0       0x36 examples/serial/CMakeFiles/serial_nrf52840_xxAA_s140_6.1.0.dir/__/__/mesh/serial/src/nrf_mesh_serial.c.obj
                0x000303c0                nrf_mesh_serial_init
 .text.nrf_mesh_serial_enable
                0x000303f6        0x4 examples/serial/CMakeFiles/serial_nrf52840_xxAA_s140_6.1.0.dir/__/__/mesh/serial/src/nrf_mesh_serial.c.obj
                0x000303f6                nrf_mesh_serial_enable
 *fill*         0x000303fa        0x2 
 .text.serial_handler_app_cb_set
                0x000303fc        0xc examples/serial/CMakeFiles/serial_nrf52840_xxAA_s140_6.1.0.dir/__/__/mesh/serial/src/serial_handler_app.c.obj
                0x000303fc                serial_handler_app_cb_set
 .text.serial_handler_app_rx
                0x00030408       0x2c examples/serial/CMakeFiles/serial_nrf52840_xxAA_s140_6.1.0.dir/__/__/mesh/serial/src/serial_handler_app.c.obj
                0x00030408                serial_handler_app_rx
 .text._weak_handler
                0x00030434        0x4 examples/serial/CMakeFiles/serial_nrf52840_xxAA_s140_6.1.0.dir/__/nrf_mesh_weak.c.obj
                0x00030434                nrf_mesh_dfu_init
                0x00030434                nrf_mesh_dfu_jump_to_bootloader
                0x00030434                nrf_mesh_dfu_rx
                0x00030434                nrf_mesh_dfu_bank_info_get
                0x00030434                nrf_mesh_dfu_request
                0x00030434                nrf_mesh_dfu_bank_flash
                0x00030434                nrf_mesh_dfu_enable
                0x00030434                _weak_handler
                0x00030434                nrf_mesh_dfu_relay
                0x00030434                nrf_mesh_dfu_abort
                0x00030434                mesh_flash_op_execute
                0x00030434                prov_provisionee_init
                0x00030434                nrf_mesh_dfu_state_get
 .text.app_error_fault_handler
                0x00030438      0x208 examples/serial/CMakeFiles/serial_nrf52840_xxAA_s140_6.1.0.dir/__/common/src/app_error_weak.c.obj
                0x00030438                app_error_fault_handler
 .text.mesh_assertion_handler
                0x00030640       0x24 examples/serial/CMakeFiles/serial_nrf52840_xxAA_s140_6.1.0.dir/__/common/src/assertion_handler_weak.c.obj
                0x00030640                mesh_assertion_handler
 .text.nrf_mesh_configure_device_uuid_set
                0x00030664       0x10 examples/serial/CMakeFiles/serial_nrf52840_xxAA_s140_6.1.0.dir/__/__/mesh/core/src/nrf_mesh_configure.c.obj
                0x00030664                nrf_mesh_configure_device_uuid_set
 .text.nrf_mesh_configure_device_uuid_reset
                0x00030674       0x28 examples/serial/CMakeFiles/serial_nrf52840_xxAA_s140_6.1.0.dir/__/__/mesh/core/src/nrf_mesh_configure.c.obj
                0x00030674                nrf_mesh_configure_device_uuid_reset
 .text.nrf_mesh_configure_device_uuid_get
                0x0003069c        0x8 examples/serial/CMakeFiles/serial_nrf52840_xxAA_s140_6.1.0.dir/__/__/mesh/core/src/nrf_mesh_configure.c.obj
                0x0003069c                nrf_mesh_configure_device_uuid_get
 .text.msg_cache_init
                0x000306a4       0x24 examples/serial/CMakeFiles/serial_nrf52840_xxAA_s140_6.1.0.dir/__/__/mesh/core/src/msg_cache.c.obj
                0x000306a4                msg_cache_init
 .text.msg_cache_entry_exists
                0x000306c8       0x3c examples/serial/CMakeFiles/serial_nrf52840_xxAA_s140_6.1.0.dir/__/__/mesh/core/src/msg_cache.c.obj
                0x000306c8                msg_cache_entry_exists
 .text.msg_cache_entry_add
                0x00030704       0x2c examples/serial/CMakeFiles/serial_nrf52840_xxAA_s140_6.1.0.dir/__/__/mesh/core/src/msg_cache.c.obj
                0x00030704                msg_cache_entry_add
 .text.seqauth_sequence_number_get
                0x00030730       0x12 examples/serial/CMakeFiles/serial_nrf52840_xxAA_s140_6.1.0.dir/__/__/mesh/core/src/transport.c.obj
 *fill*         0x00030742        0x2 
 .text.control_packet_callback_get