Archive member included to satisfy reference by file (symbol)

external/rtt/librtt_nrf52832_xxAA.a(SEGGER_RTT.c.obj)
                              examples/enocean_switch/CMakeFiles/enocean_switch_nrf52832_xxAA_s132_6.1.0.dir/__/__/mesh/core/src/log.c.obj (SEGGER_RTT_Write)
external/rtt/librtt_nrf52832_xxAA.a(SEGGER_RTT_printf.c.obj)
                              examples/enocean_switch/CMakeFiles/enocean_switch_nrf52832_xxAA_s132_6.1.0.dir/__/__/mesh/core/src/log.c.obj (SEGGER_RTT_vprintf)
external/micro-ecc/libuECC_nrf52832_xxAA.a(uECC.c.obj)
                              examples/enocean_switch/CMakeFiles/enocean_switch_nrf52832_xxAA_s132_6.1.0.dir/__/__/mesh/prov/src/prov_utils.c.obj (uECC_secp256r1)
c:/mesh/arm_gcc/bin/../lib/gcc/arm-none-eabi/6.3.1/thumb/v7e-m/fpv4-sp/hard\libgcc.a(_aeabi_uldivmod.o)
                              examples/enocean_switch/CMakeFiles/enocean_switch_nrf52832_xxAA_s132_6.1.0.dir/__/common/src/rtt_input.c.obj (__aeabi_uldivmod)
c:/mesh/arm_gcc/bin/../lib/gcc/arm-none-eabi/6.3.1/thumb/v7e-m/fpv4-sp/hard\libgcc.a(_udivmoddi4.o)
                              c:/mesh/arm_gcc/bin/../lib/gcc/arm-none-eabi/6.3.1/thumb/v7e-m/fpv4-sp/hard\libgcc.a(_aeabi_uldivmod.o) (__udivmoddi4)
c:/mesh/arm_gcc/bin/../lib/gcc/arm-none-eabi/6.3.1/thumb/v7e-m/fpv4-sp/hard\libgcc.a(_dvmd_tls.o)
                              c:/mesh/arm_gcc/bin/../lib/gcc/arm-none-eabi/6.3.1/thumb/v7e-m/fpv4-sp/hard\libgcc.a(_aeabi_uldivmod.o) (__aeabi_ldiv0)
c:/mesh/arm_gcc/bin/../lib/gcc/arm-none-eabi/6.3.1/../../../../arm-none-eabi/lib/thumb/v7e-m/fpv4-sp/hard\libg_nano.a(lib_a-calloc.o)
                              examples/enocean_switch/CMakeFiles/enocean_switch_nrf52832_xxAA_s132_6.1.0.dir/__/__/mesh/core/src/mesh_mem_stdlib.c.obj (calloc)
c:/mesh/arm_gcc/bin/../lib/gcc/arm-none-eabi/6.3.1/../../../../arm-none-eabi/lib/thumb/v7e-m/fpv4-sp/hard\libg_nano.a(lib_a-exit.o)
                              c:/mesh/arm_gcc/bin/../lib/gcc/arm-none-eabi/6.3.1/../../../../arm-none-eabi/lib/thumb/v7e-m/fpv4-sp/hard/crt0.o (exit)
c:/mesh/arm_gcc/bin/../lib/gcc/arm-none-eabi/6.3.1/../../../../arm-none-eabi/lib/thumb/v7e-m/fpv4-sp/hard\libg_nano.a(lib_a-impure.o)
                              c:/mesh/arm_gcc/bin/../lib/gcc/arm-none-eabi/6.3.1/../../../../arm-none-eabi/lib/thumb/v7e-m/fpv4-sp/hard\libg_nano.a(lib_a-exit.o) (_global_impure_ptr)
c:/mesh/arm_gcc/bin/../lib/gcc/arm-none-eabi/6.3.1/../../../../arm-none-eabi/lib/thumb/v7e-m/fpv4-sp/hard\libg_nano.a(lib_a-init.o)
                              c:/mesh/arm_gcc/bin/../lib/gcc/arm-none-eabi/6.3.1/../../../../arm-none-eabi/lib/thumb/v7e-m/fpv4-sp/hard/crt0.o (__libc_init_array)
c:/mesh/arm_gcc/bin/../lib/gcc/arm-none-eabi/6.3.1/../../../../arm-none-eabi/lib/thumb/v7e-m/fpv4-sp/hard\libg_nano.a(lib_a-malloc.o)
                              examples/enocean_switch/CMakeFiles/enocean_switch_nrf52832_xxAA_s132_6.1.0.dir/__/__/mesh/core/src/mesh_mem_stdlib.c.obj (malloc)
c:/mesh/arm_gcc/bin/../lib/gcc/arm-none-eabi/6.3.1/../../../../arm-none-eabi/lib/thumb/v7e-m/fpv4-sp/hard\libg_nano.a(lib_a-memcmp.o)
                              examples/enocean_switch/CMakeFiles/enocean_switch_nrf52832_xxAA_s132_6.1.0.dir/src/main.c.obj (memcmp)
c:/mesh/arm_gcc/bin/../lib/gcc/arm-none-eabi/6.3.1/../../../../arm-none-eabi/lib/thumb/v7e-m/fpv4-sp/hard\libg_nano.a(lib_a-memcpy-stub.o)
                              examples/enocean_switch/CMakeFiles/enocean_switch_nrf52832_xxAA_s132_6.1.0.dir/src/main.c.obj (memcpy)
c:/mesh/arm_gcc/bin/../lib/gcc/arm-none-eabi/6.3.1/../../../../arm-none-eabi/lib/thumb/v7e-m/fpv4-sp/hard\libg_nano.a(lib_a-memset.o)
                              c:/mesh/arm_gcc/bin/../lib/gcc/arm-none-eabi/6.3.1/../../../../arm-none-eabi/lib/thumb/v7e-m/fpv4-sp/hard/crt0.o (memset)
c:/mesh/arm_gcc/bin/../lib/gcc/arm-none-eabi/6.3.1/../../../../arm-none-eabi/lib/thumb/v7e-m/fpv4-sp/hard\libg_nano.a(lib_a-nano-callocr.o)
                              c:/mesh/arm_gcc/bin/../lib/gcc/arm-none-eabi/6.3.1/../../../../arm-none-eabi/lib/thumb/v7e-m/fpv4-sp/hard\libg_nano.a(lib_a-calloc.o) (_calloc_r)
c:/mesh/arm_gcc/bin/../lib/gcc/arm-none-eabi/6.3.1/../../../../arm-none-eabi/lib/thumb/v7e-m/fpv4-sp/hard\libg_nano.a(lib_a-nano-freer.o)
                              c:/mesh/arm_gcc/bin/../lib/gcc/arm-none-eabi/6.3.1/../../../../arm-none-eabi/lib/thumb/v7e-m/fpv4-sp/hard\libg_nano.a(lib_a-malloc.o) (_free_r)
c:/mesh/arm_gcc/bin/../lib/gcc/arm-none-eabi/6.3.1/../../../../arm-none-eabi/lib/thumb/v7e-m/fpv4-sp/hard\libg_nano.a(lib_a-nano-mallocr.o)
                              c:/mesh/arm_gcc/bin/../lib/gcc/arm-none-eabi/6.3.1/../../../../arm-none-eabi/lib/thumb/v7e-m/fpv4-sp/hard\libg_nano.a(lib_a-malloc.o) (_malloc_r)
c:/mesh/arm_gcc/bin/../lib/gcc/arm-none-eabi/6.3.1/../../../../arm-none-eabi/lib/thumb/v7e-m/fpv4-sp/hard\libg_nano.a(lib_a-sbrkr.o)
[...]
Memory Configuration

Name             Origin             Length             Attributes
FLASH            0x00026000         0x00051000         xr
RAM              0x20002da0         0x0000cf60         xrw
*default*        0x00000000         0xffffffff

Linker script and memory map


.text           0x00026000    0x18d4c
 *(.isr_vector)
 .isr_vector    0x00026000      0x200 examples/enocean_switch/CMakeFiles/enocean_switch_nrf52832_xxAA_s132_6.1.0.dir/C_/mesh/deps/nRF5_SDK_15.2.0_9412b96/modules/nrfx/mdk/gcc_startup_nrf52.S.obj
                0x00026000                __isr_vector
 *(.text*)
 .text          0x00026200       0x6c c:/mesh/arm_gcc/bin/../lib/gcc/arm-none-eabi/6.3.1/thumb/v7e-m/fpv4-sp/hard/crtbegin.o
 .text          0x0002626c       0x74 c:/mesh/arm_gcc/bin/../lib/gcc/arm-none-eabi/6.3.1/../../../../arm-none-eabi/lib/thumb/v7e-m/fpv4-sp/hard/crt0.o
                0x0002626c                _start
                0x0002626c                _mainCRTStartup
 .text.sd_app_evt_wait
                0x000262e0        0x4 examples/enocean_switch/CMakeFiles/enocean_switch_nrf52832_xxAA_s132_6.1.0.dir/src/main.c.obj
 .text.app_generic_onoff_client_status_cb
                0x000262e4       0xd4 examples/enocean_switch/CMakeFiles/enocean_switch_nrf52832_xxAA_s132_6.1.0.dir/src/main.c.obj
 .text.app_gen_onoff_client_transaction_status_cb
                0x000263b8      0x124 examples/enocean_switch/CMakeFiles/enocean_switch_nrf52832_xxAA_s132_6.1.0.dir/src/main.c.obj
 .text.app_data_store_try
                0x000264dc      0x104 examples/enocean_switch/CMakeFiles/enocean_switch_nrf52832_xxAA_s132_6.1.0.dir/src/main.c.obj
 .text.node_reset
                0x000265e0       0x78 examples/enocean_switch/CMakeFiles/enocean_switch_nrf52832_xxAA_s132_6.1.0.dir/src/main.c.obj
 .text.button_event_handler
                0x00026658       0x98 examples/enocean_switch/CMakeFiles/enocean_switch_nrf52832_xxAA_s132_6.1.0.dir/src/main.c.obj
 .text.app_rtt_input_handler
                0x000266f0        0xc examples/enocean_switch/CMakeFiles/enocean_switch_nrf52832_xxAA_s132_6.1.0.dir/src/main.c.obj
 .text.config_server_evt_cb
                0x000266fc        0xc examples/enocean_switch/CMakeFiles/enocean_switch_nrf52832_xxAA_s132_6.1.0.dir/src/main.c.obj
 .text.rx_callback
                0x00026708        0x4 examples/enocean_switch/CMakeFiles/enocean_switch_nrf52832_xxAA_s132_6.1.0.dir/src/main.c.obj
 .text.models_init_cb
                0x0002670c       0xc0 examples/enocean_switch/CMakeFiles/enocean_switch_nrf52832_xxAA_s132_6.1.0.dir/src/main.c.obj
 .text.device_identification_start_cb
                0x000267cc       0x22 examples/enocean_switch/CMakeFiles/enocean_switch_nrf52832_xxAA_s132_6.1.0.dir/src/main.c.obj
 *fill*         0x000267ee        0x2 
 .text.start    0x000267f0      0x104 examples/enocean_switch/CMakeFiles/enocean_switch_nrf52832_xxAA_s132_6.1.0.dir/src/main.c.obj
 .text.provisioning_aborted_cb
                0x000268f4        0x4 examples/enocean_switch/CMakeFiles/enocean_switch_nrf52832_xxAA_s132_6.1.0.dir/src/main.c.obj
 .text.provisioning_complete_cb
                0x000268f8       0xe0 examples/enocean_switch/CMakeFiles/enocean_switch_nrf52832_xxAA_s132_6.1.0.dir/src/main.c.obj
 .text.app_gen_onoff_client_publish_interval_cb
                0x000269d8       0x68 examples/enocean_switch/CMakeFiles/enocean_switch_nrf52832_xxAA_s132_6.1.0.dir/src/main.c.obj
 .text.app_enocean_cb
                0x00026a40      0x328 examples/enocean_switch/CMakeFiles/enocean_switch_nrf52832_xxAA_s132_6.1.0.dir/src/main.c.obj
 .text.app_mesh_core_event_cb
                0x00026d68      0x188 examples/enocean_switch/CMakeFiles/enocean_switch_nrf52832_xxAA_s132_6.1.0.dir/src/main.c.obj
 .text.startup.main
                0x00026ef0      0x134 examples/enocean_switch/CMakeFiles/enocean_switch_nrf52832_xxAA_s132_6.1.0.dir/src/main.c.obj
                0x00026ef0                main
 .text.enocean_packet_process
                0x00027024      0x1f4 examples/enocean_switch/CMakeFiles/enocean_switch_nrf52832_xxAA_s132_6.1.0.dir/src/enocean.c.obj
                0x00027024                enocean_packet_process
 .text.enocean_secmat_add
                0x00027218       0x20 examples/enocean_switch/CMakeFiles/enocean_switch_nrf52832_xxAA_s132_6.1.0.dir/src/enocean.c.obj
                0x00027218                enocean_secmat_add
 .text.enocean_translator_init
                0x00027238       0x18 examples/enocean_switch/CMakeFiles/enocean_switch_nrf52832_xxAA_s132_6.1.0.dir/src/enocean.c.obj
                0x00027238                enocean_translator_init
 .text.flash_invalidate_complete
                0x00027250       0x10 examples/enocean_switch/CMakeFiles/enocean_switch_nrf52832_xxAA_s132_6.1.0.dir/src/flash_helper.c.obj
 .text.flash_manager_mem_available
                0x00027260       0x6c examples/enocean_switch/CMakeFiles/enocean_switch_nrf52832_xxAA_s132_6.1.0.dir/src/flash_helper.c.obj
 .text.flash_write_complete
                0x000272cc       0x8c examples/enocean_switch/CMakeFiles/enocean_switch_nrf52832_xxAA_s132_6.1.0.dir/src/flash_helper.c.obj
 .text.flash_reset
                0x00027358       0x80 examples/enocean_switch/CMakeFiles/enocean_switch_nrf52832_xxAA_s132_6.1.0.dir/src/flash_helper.c.obj
 .text.app_flash_init
                0x000273d8       0xb8 examples/enocean_switch/CMakeFiles/enocean_switch_nrf52832_xxAA_s132_6.1.0.dir/src/flash_helper.c.obj
                0x000273d8                app_flash_init
 .text.flash_remove_complete
                0x00027490       0x64 examples/enocean_switch/CMakeFiles/enocean_switch_nrf52832_xxAA_s132_6.1.0.dir/src/flash_helper.c.obj
 .text.app_flash_data_load
                0x000274f4       0x30 examples/enocean_switch/CMakeFiles/enocean_switch_nrf52832_xxAA_s132_6.1.0.dir/src/flash_helper.c.obj
                0x000274f4                app_flash_data_load
 .text.app_flash_data_store
                0x00027524       0x8c examples/enocean_switch/CMakeFiles/enocean_switch_nrf52832_xxAA_s132_6.1.0.dir/src/flash_helper.c.obj
                0x00027524                app_flash_data_store
 .text.app_flash_clear
                0x000275b0       0x12 examples/enocean_switch/CMakeFiles/enocean_switch_nrf52832_xxAA_s132_6.1.0.dir/src/flash_helper.c.obj
                0x000275b0                app_flash_clear
 .text.mesh_evt_handler
                0x000275c2        0xe examples/enocean_switch/CMakeFiles/enocean_switch_nrf52832_xxAA_s132_6.1.0.dir/__/__/mesh/stack/src/mesh_stack.c.obj
 .text.mesh_stack_provisioning_data_store
                0x000275d0       0x6c examples/enocean_switch/CMakeFiles/enocean_switch_nrf52832_xxAA_s132_6.1.0.dir/__/__/mesh/stack/src/mesh_stack.c.obj
                0x000275d0                mesh_stack_provisioning_data_store
 .text.mesh_stack_config_clear
                0x0002763c       0x12 examples/enocean_switch/CMakeFiles/enocean_switch_nrf52832_xxAA_s132_6.1.0.dir/__/__/mesh/stack/src/mesh_stack.c.obj
                0x0002763c                mesh_stack_config_clear
 .text.mesh_stack_is_device_provisioned
                0x0002764e       0x18 examples/enocean_switch/CMakeFiles/enocean_switch_nrf52832_xxAA_s132_6.1.0.dir/__/__/mesh/stack/src/mesh_stack.c.obj
                0x0002764e                mesh_stack_is_device_provisioned
 *fill*         0x00027666        0x2 
 .text.mesh_stack_init
                0x00027668       0x6c examples/enocean_switch/CMakeFiles/enocean_switch_nrf52832_xxAA_s132_6.1.0.dir/__/__/mesh/stack/src/mesh_stack.c.obj
                0x00027668                mesh_stack_init
 .text.mesh_stack_start
                0x000276d4       0x1a examples/enocean_switch/CMakeFiles/enocean_switch_nrf52832_xxAA_s132_6.1.0.dir/__/__/mesh/stack/src/mesh_stack.c.obj
                0x000276d4                mesh_stack_start
 *fill*         0x000276ee        0x2 
 .text.mesh_stack_device_reset
                0x000276f0       0x20 examples/enocean_switch/CMakeFiles/enocean_switch_nrf52832_xxAA_s132_6.1.0.dir/__/__/mesh/stack/src/mesh_stack.c.obj
                0x000276f0                mesh_stack_device_reset
 .text.mesh_stack_persistence_flash_usage
                0x00027710       0x36 examples/enocean_switch/CMakeFiles/enocean_switch_nrf52832_xxAA_s132_6.1.0.dir/__/__/mesh/stack/src/mesh_stack.c.obj
                0x00027710                mesh_stack_persistence_flash_usage
 *fill*         0x00027746        0x2 
 .text.provisionee_start
                0x00027748       0x18 examples/enocean_switch/CMakeFiles/enocean_switch_nrf52832_xxAA_s132_6.1.0.dir/__/common/src/mesh_provisionee.c.obj
 .text.prov_evt_handler
                0x00027760       0xbc examples/enocean_switch/CMakeFiles/enocean_switch_nrf52832_xxAA_s132_6.1.0.dir/__/common/src/mesh_provisionee.c.obj
 .text.sd_state_evt_handler
                0x0002781c       0xa8 examples/enocean_switch/CMakeFiles/enocean_switch_nrf52832_xxAA_s132_6.1.0.dir/__/common/src/mesh_provisionee.c.obj
 .text.mesh_evt_handler
                0x000278c4       0x2c examples/enocean_switch/CMakeFiles/enocean_switch_nrf52832_xxAA_s132_6.1.0.dir/__/common/src/mesh_provisionee.c.obj
 .text.mesh_provisionee_prov_start
                0x000278f0       0x9c examples/enocean_switch/CMakeFiles/enocean_switch_nrf52832_xxAA_s132_6.1.0.dir/__/common/src/mesh_provisionee.c.obj
                0x000278f0                mesh_provisionee_prov_start
 .text.timeout_handler
                0x0002798c       0x1c examples/enocean_switch/CMakeFiles/enocean_switch_nrf52832_xxAA_s132_6.1.0.dir/__/common/src/rtt_input.c.obj
                0x0002798c                timeout_handler
 .text.rtt_input_enable
                0x000279a8       0x6c examples/enocean_switch/CMakeFiles/enocean_switch_nrf52832_xxAA_s132_6.1.0.dir/__/common/src/rtt_input.c.obj
                0x000279a8                rtt_input_enable
 .text.led_timeout_handler
                0x00027a14       0x48 examples/enocean_switch/CMakeFiles/enocean_switch_nrf52832_xxAA_s132_6.1.0.dir/__/common/src/simple_hal.c.obj
 .text.hal_led_pin_set
                0x00027a5c       0x16 examples/enocean_switch/CMakeFiles/enocean_switch_nrf52832_xxAA_s132_6.1.0.dir/__/common/src/simple_hal.c.obj
                0x00027a5c                hal_led_pin_set
 .text.hal_led_mask_set
                0x00027a72       0x12 examples/enocean_switch/CMakeFiles/enocean_switch_nrf52832_xxAA_s132_6.1.0.dir/__/common/src/simple_hal.c.obj
                0x00027a72                hal_led_mask_set
 .text.hal_led_blink_ms
                0x00027a84       0x68 examples/enocean_switch/CMakeFiles/enocean_switch_nrf52832_xxAA_s132_6.1.0.dir/__/common/src/simple_hal.c.obj
                0x00027a84                hal_led_blink_ms
 .text.hal_led_blink_stop
                0x00027aec       0x20 examples/enocean_switch/CMakeFiles/enocean_switch_nrf52832_xxAA_s132_6.1.0.dir/__/common/src/simple_hal.c.obj
                0x00027aec                hal_led_blink_stop
 .text.hal_leds_init
                0x00027b0c       0x58 examples/enocean_switch/CMakeFiles/enocean_switch_nrf52832_xxAA_s132_6.1.0.dir/__/common/src/simple_hal.c.obj
                0x00027b0c                hal_leds_init
 .text.hal_buttons_init
                0x00027b64       0x50 examples/enocean_switch/CMakeFiles/enocean_switch_nrf52832_xxAA_s132_6.1.0.dir/__/common/src/simple_hal.c.obj
                0x00027b64                hal_buttons_init
 .text.GPIOTE_IRQHandler
                0x00027bb4       0x60 examples/enocean_switch/CMakeFiles/enocean_switch_nrf52832_xxAA_s132_6.1.0.dir/__/common/src/simple_hal.c.obj
                0x00027bb4                GPIOTE_IRQHandler
 .text.mesh_app_uuid_gen
                0x00027c14       0x30 examples/enocean_switch/CMakeFiles/enocean_switch_nrf52832_xxAA_s132_6.1.0.dir/__/common/src/mesh_app_utils.c.obj
                0x00027c14                mesh_app_uuid_gen
 .text.sd_ble_gap_adv_set_configure
                0x00027c44        0x4 examples/enocean_switch/CMakeFiles/enocean_switch_nrf52832_xxAA_s132_6.1.0.dir/__/common/src/mesh_adv.c.obj
 .text.sd_ble_gap_adv_start
                0x00027c48        0x4 examples/enocean_switch/CMakeFiles/enocean_switch_nrf52832_xxAA_s132_6.1.0.dir/__/common/src/mesh_adv.c.obj
 .text.sd_ble_gap_adv_stop
                0x00027c4c        0x4 examples/enocean_switch/CMakeFiles/enocean_switch_nrf52832_xxAA_s132_6.1.0.dir/__/common/src/mesh_adv.c.obj
 .text.mesh_adv_data_set
                0x00027c50       0xdc examples/enocean_switch/CMakeFiles/enocean_switch_nrf52832_xxAA_s132_6.1.0.dir/__/common/src/mesh_adv.c.obj
                0x00027c50                mesh_adv_data_set
 .text.mesh_adv_params_set
                0x00027d2c       0x14 examples/enocean_switch/CMakeFiles/enocean_switch_nrf52832_xxAA_s132_6.1.0.dir/__/common/src/mesh_adv.c.obj
                0x00027d2c                mesh_adv_params_set
 .text.mesh_adv_start
                0x00027d40       0x20 examples/enocean_switch/CMakeFiles/enocean_switch_nrf52832_xxAA_s132_6.1.0.dir/__/common/src/mesh_adv.c.obj
                0x00027d40                mesh_adv_start
 .text.mesh_adv_stop
                0x00027d60       0x1c examples/enocean_switch/CMakeFiles/enocean_switch_nrf52832_xxAA_s132_6.1.0.dir/__/common/src/mesh_adv.c.obj
                0x00027d60                mesh_adv_stop
 .text.sd_ble_gap_disconnect
                0x00027d7c        0x4 examples/enocean_switch/CMakeFiles/enocean_switch_nrf52832_xxAA_s132_6.1.0.dir/__/common/src/ble_softdevice_support.c.obj
 .text.sd_ble_gap_ppcp_set
                0x00027d80        0x4 examples/enocean_switch/CMakeFiles/enocean_switch_nrf52832_xxAA_s132_6.1.0.dir/__/common/src/ble_softdevice_support.c.obj
 .text.sd_ble_gap_device_name_set
                0x00027d84        0x4 examples/enocean_switch/CMakeFiles/enocean_switch_nrf52832_xxAA_s132_6.1.0.dir/__/common/src/ble_softdevice_support.c.obj
 .text.conn_params_error_handler
                0x00027d88        0x4 examples/enocean_switch/CMakeFiles/enocean_switch_nrf52832_xxAA_s132_6.1.0.dir/__/common/src/ble_softdevice_support.c.obj
 .text.on_sd_evt
                0x00027d8c        0x4 examples/enocean_switch/CMakeFiles/enocean_switch_nrf52832_xxAA_s132_6.1.0.dir/__/common/src/ble_softdevice_support.c.obj
 .text.on_conn_params_evt
                0x00027d90       0x80 examples/enocean_switch/CMakeFiles/enocean_switch_nrf52832_xxAA_s132_6.1.0.dir/__/common/src/ble_softdevice_support.c.obj
 .text.ble_stack_init
                0x00027e10       0x32 examples/enocean_switch/CMakeFiles/enocean_switch_nrf52832_xxAA_s132_6.1.0.dir/__/common/src/ble_softdevice_support.c.obj
                0x00027e10                ble_stack_init
 *fill*         0x00027e42        0x2 
 .text.gap_params_init
                0x00027e44       0x68 examples/enocean_switch/CMakeFiles/enocean_switch_nrf52832_xxAA_s132_6.1.0.dir/__/common/src/ble_softdevice_support.c.obj
                0x00027e44                gap_params_init
 .text.conn_params_init
                0x00027eac       0x70 examples/enocean_switch/CMakeFiles/enocean_switch_nrf52832_xxAA_s132_6.1.0.dir/__/common/src/ble_softdevice_support.c.obj
                0x00027eac                conn_params_init
 .text.app_util_critical_region_enter
                0x00027f1c       0x48 examples/enocean_switch/CMakeFiles/enocean_switch_nrf52832_xxAA_s132_6.1.0.dir/C_/mesh/deps/nRF5_SDK_15.2.0_9412b96/components/libraries/util/app_util_platform.c.obj
                0x00027f1c                app_util_critical_region_enter
 .text.app_util_critical_region_exit
                0x00027f64       0x2c examples/enocean_switch/CMakeFiles/enocean_switch_nrf52832_xxAA_s132_6.1.0.dir/C_/mesh/deps/nRF5_SDK_15.2.0_9412b96/components/libraries/util/app_util_platform.c.obj
                0x00027f64                app_util_critical_region_exit
 .text.sd_ble_gap_addr_get
                0x00027f90        0x4 examples/enocean_switch/CMakeFiles/enocean_switch_nrf52832_xxAA_s132_6.1.0.dir/C_/mesh/deps/nRF5_SDK_15.2.0_9412b96/components/ble/common/ble_advdata.c.obj
 .text.sd_ble_gap_appearance_get
                0x00027f94        0x4 examples/enocean_switch/CMakeFiles/enocean_switch_nrf52832_xxAA_s132_6.1.0.dir/C_/mesh/deps/nRF5_SDK_15.2.0_9412b96/components/ble/common/ble_advdata.c.obj
 .text.sd_ble_gap_device_name_get
                0x00027f98        0x4 examples/enocean_switch/CMakeFiles/enocean_switch_nrf52832_xxAA_s132_6.1.0.dir/C_/mesh/deps/nRF5_SDK_15.2.0_9412b96/components/ble/common/ble_advdata.c.obj
 .text.sd_ble_uuid_encode
                0x00027f9c        0x4 examples/enocean_switch/CMakeFiles/enocean_switch_nrf52832_xxAA_s132_6.1.0.dir/C_/mesh/deps/nRF5_SDK_15.2.0_9412b96/components/ble/common/ble_advdata.c.obj
 .text.uuid_list_sized_encode
                0x00027fa0       0xa4 examples/enocean_switch/CMakeFiles/enocean_switch_nrf52832_xxAA_s132_6.1.0.dir/C_/mesh/deps/nRF5_SDK_15.2.0_9412b96/components/ble/common/ble_advdata.c.obj
 .text.uuid_list_encode
                0x00028044       0x34 examples/enocean_switch/CMakeFiles/enocean_switch_nrf52832_xxAA_s132_6.1.0.dir/C_/mesh/deps/nRF5_SDK_15.2.0_9412b96/components/ble/common/ble_advdata.c.obj
 .text.ble_advdata_encode
                0x00028078      0x388 examples/enocean_switch/CMakeFiles/enocean_switch_nrf52832_xxAA_s132_6.1.0.dir/C_/mesh/deps/nRF5_SDK_15.2.0_9412b96/components/ble/common/ble_advdata.c.obj
                0x00028078                ble_advdata_encode
 .text.nrf_section_iter_init
                0x00028400       0x12 examples/enocean_switch/CMakeFiles/enocean_switch_nrf52832_xxAA_s132_6.1.0.dir/C_/mesh/deps/nRF5_SDK_15.2.0_9412b96/components/libraries/experimental_section_vars/nrf_section_iter.c.obj
                0x00028400                nrf_section_iter_init
 .text.nrf_section_iter_next
                0x00028412       0x18 examples/enocean_switch/CMakeFiles/enocean_switch_nrf52832_xxAA_s132_6.1.0.dir/C_/mesh/deps/nRF5_SDK_15.2.0_9412b96/components/libraries/experimental_section_vars/nrf_section_iter.c.obj
                0x00028412                nrf_section_iter_next
 .text.sd_evt_get
                0x0002842a        0x4 examples/enocean_switch/CMakeFiles/enocean_switch_nrf52832_xxAA_s132_6.1.0.dir/C_/mesh/deps/nRF5_SDK_15.2.0_9412b96/components/softdevice/common/nrf_sdh_soc.c.obj
 *fill*         0x0002842e        0x2 
 .text.nrf_sdh_soc_evts_poll
                0x00028430       0x3c examples/enocean_switch/CMakeFiles/enocean_switch_nrf52832_xxAA_s132_6.1.0.dir/C_/mesh/deps/nRF5_SDK_15.2.0_9412b96/components/softdevice/common/nrf_sdh_soc.c.obj
 .text.sd_ble_enable
                0x0002846c        0x4 examples/enocean_switch/CMakeFiles/enocean_switch_nrf52832_xxAA_s132_6.1.0.dir/C_/mesh/deps/nRF5_SDK_15.2.0_9412b96/components/softdevice/common/nrf_sdh_ble.c.obj
 .text.sd_ble_cfg_set
                0x00028470        0x4 examples/enocean_switch/CMakeFiles/enocean_switch_nrf52832_xxAA_s132_6.1.0.dir/C_/mesh/deps/nRF5_SDK_15.2.0_9412b96/components/softdevice/common/nrf_sdh_ble.c.obj
 .text.sd_ble_evt_get
                0x00028474        0x4 examples/enocean_switch/CMakeFiles/enocean_switch_nrf52832_xxAA_s132_6.1.0.dir/C_/mesh/deps/nRF5_SDK_15.2.0_9412b96/components/softdevice/common/nrf_sdh_ble.c.obj
 .text.nrf_sdh_ble_evts_poll
                0x00028478       0x50 examples/enocean_switch/CMakeFiles/enocean_switch_nrf52832_xxAA_s132_6.1.0.dir/C_/mesh/deps/nRF5_SDK_15.2.0_9412b96/components/softdevice/common/nrf_sdh_ble.c.obj
 .text.nrf_sdh_ble_default_cfg_set
                0x000284c8       0xd4 examples/enocean_switch/CMakeFiles/enocean_switch_nrf52832_xxAA_s132_6.1.0.dir/C_/mesh/deps/nRF5_SDK_15.2.0_9412b96/components/softdevice/common/nrf_sdh_ble.c.obj
                0x000284c8                nrf_sdh_ble_default_cfg_set
 .text.nrf_sdh_ble_enable
                0x0002859c       0x14 examples/enocean_switch/CMakeFiles/enocean_switch_nrf52832_xxAA_s132_6.1.0.dir/C_/mesh/deps/nRF5_SDK_15.2.0_9412b96/components/softdevice/common/nrf_sdh_ble.c.obj
                0x0002859c                nrf_sdh_ble_enable
 .text.sd_softdevice_enable
                0x000285b0        0x4 examples/enocean_switch/CMakeFiles/enocean_switch_nrf52832_xxAA_s132_6.1.0.dir/C_/mesh/deps/nRF5_SDK_15.2.0_9412b96/components/softdevice/common/nrf_sdh.c.obj
 .text.sd_softdevice_disable
                0x000285b4        0x4 examples/enocean_switch/CMakeFiles/enocean_switch_nrf52832_xxAA_s132_6.1.0.dir/C_/mesh/deps/nRF5_SDK_15.2.0_9412b96/components/softdevice/common/nrf_sdh.c.obj
 .text.sdh_request_observer_notify
                0x000285b8       0x30 examples/enocean_switch/CMakeFiles/enocean_switch_nrf52832_xxAA_s132_6.1.0.dir/C_/mesh/deps/nRF5_SDK_15.2.0_9412b96/components/softdevice/common/nrf_sdh.c.obj
 .text.sdh_state_observer_notify
                0x000285e8       0x28 examples/enocean_switch/CMakeFiles/enocean_switch_nrf52832_xxAA_s132_6.1.0.dir/C_/mesh/deps/nRF5_SDK_15.2.0_9412b96/components/softdevice/common/nrf_sdh.c.obj
 .text.softdevice_evt_irq_disable
                0x00028610       0x24 examples/enocean_switch/CMakeFiles/enocean_switch_nrf52832_xxAA_s132_6.1.0.dir/C_/mesh/deps/nRF5_SDK_15.2.0_9412b96/components/softdevice/common/nrf_sdh.c.obj
 .text.softdevices_evt_irq_enable
                0x00028634       0x3c examples/enocean_switch/CMakeFiles/enocean_switch_nrf52832_xxAA_s132_6.1.0.dir/C_/mesh/deps/nRF5_SDK_15.2.0_9412b96/components/softdevice/common/nrf_sdh.c.obj
 .text.nrf_sdh_enable_request
                0x00028670       0x78 examples/enocean_switch/CMakeFiles/enocean_switch_nrf52832_xxAA_s132_6.1.0.dir/C_/mesh/deps/nRF5_SDK_15.2.0_9412b96/components/softdevice/common/nrf_sdh.c.obj
                0x00028670                nrf_sdh_enable_request
 .text.nrf_sdh_disable_request
                0x000286e8       0x60 examples/enocean_switch/CMakeFiles/enocean_switch_nrf52832_xxAA_s132_6.1.0.dir/C_/mesh/deps/nRF5_SDK_15.2.0_9412b96/components/softdevice/common/nrf_sdh.c.obj
                0x000286e8                nrf_sdh_disable_request
 .text.nrf_sdh_evts_poll
                0x00028748       0x28 examples/enocean_switch/CMakeFiles/enocean_switch_nrf52832_xxAA_s132_6.1.0.dir/C_/mesh/deps/nRF5_SDK_15.2.0_9412b96/components/softdevice/common/nrf_sdh.c.obj
                0x00028748                nrf_sdh_evts_poll
 .text.SWI2_EGU2_IRQHandler
                0x00028770        0x4 examples/enocean_switch/CMakeFiles/enocean_switch_nrf52832_xxAA_s132_6.1.0.dir/C_/mesh/deps/nRF5_SDK_15.2.0_9412b96/components/softdevice/common/nrf_sdh.c.obj
                0x00028770                SWI2_EGU2_IRQHandler
 .text.sd_ble_gap_conn_param_update
                0x00028774        0x4 examples/enocean_switch/CMakeFiles/enocean_switch_nrf52832_xxAA_s132_6.1.0.dir/C_/mesh/deps/nRF5_SDK_15.2.0_9412b96/components/ble/common/ble_conn_params.c.obj
 .text.sd_ble_gap_disconnect
                0x00028778        0x4 examples/enocean_switch/CMakeFiles/enocean_switch_nrf52832_xxAA_s132_6.1.0.dir/C_/mesh/deps/nRF5_SDK_15.2.0_9412b96/components/ble/common/ble_conn_params.c.obj
 .text.sd_ble_gap_ppcp_set
                0x0002877c        0x4 examples/enocean_switch/CMakeFiles/enocean_switch_nrf52832_xxAA_s132_6.1.0.dir/C_/mesh/deps/nRF5_SDK_15.2.0_9412b96/components/ble/common/ble_conn_params.c.obj
 .text.sd_ble_gap_ppcp_get
                0x00028780        0x4 examples/enocean_switch/CMakeFiles/enocean_switch_nrf52832_xxAA_s132_6.1.0.dir/C_/mesh/deps/nRF5_SDK_15.2.0_9412b96/components/ble/common/ble_conn_params.c.obj
 .text.instance_get
                0x00028784       0x14 examples/enocean_switch/CMakeFiles/enocean_switch_nrf52832_xxAA_s132_6.1.0.dir/C_/mesh/deps/nRF5_SDK_15.2.0_9412b96/components/ble/common/ble_conn_params.c.obj
 .text.send_error_evt
                0x00028798       0x10 examples/enocean_switch/CMakeFiles/enocean_switch_nrf52832_xxAA_s132_6.1.0.dir/C_/mesh/deps/nRF5_SDK_15.2.0_9412b96/components/ble/common/ble_conn_params.c.obj
 .text.update_timeout_handler
                0x000287a8       0x6c examples/enocean_switch/CMakeFiles/enocean_switch_nrf52832_xxAA_s132_6.1.0.dir/C_/mesh/deps/nRF5_SDK_15.2.0_9412b96/components/ble/common/ble_conn_params.c.obj
 .text.conn_params_negotiation
                0x00028814       0x48 examples/enocean_switch/CMakeFiles/enocean_switch_nrf52832_xxAA_s132_6.1.0.dir/C_/mesh/deps/nRF5_SDK_15.2.0_9412b96/components/ble/common/ble_conn_params.c.obj
 .text.is_conn_params_ok.constprop.3
                0x0002885c       0x3a examples/enocean_switch/CMakeFiles/enocean_switch_nrf52832_xxAA_s132_6.1.0.dir/C_/mesh/deps/nRF5_SDK_15.2.0_9412b96/components/ble/common/ble_conn_params.c.obj
 *fill*         0x00028896        0x2 
 .text.ble_evt_handler
                0x00028898       0xdc examples/enocean_switch/CMakeFiles/enocean_switch_nrf52832_xxAA_s132_6.1.0.dir/C_/mesh/deps/nRF5_SDK_15.2.0_9412b96/components/ble/common/ble_conn_params.c.obj
 .text.ble_conn_params_init
                0x00028974       0x74 examples/enocean_switch/CMakeFiles/enocean_switch_nrf52832_xxAA_s132_6.1.0.dir/C_/mesh/deps/nRF5_SDK_15.2.0_9412b96/components/ble/common/ble_conn_params.c.obj
                0x00028974                ble_conn_params_init
 .text.ble_srv_is_notification_enabled
                0x000289e8        0x8 examples/enocean_switch/CMakeFiles/enocean_switch_nrf52832_xxAA_s132_6.1.0.dir/C_/mesh/deps/nRF5_SDK_15.2.0_9412b96/components/ble/common/ble_srv_common.c.obj
                0x000289e8                ble_srv_is_notification_enabled
 .text._weak_handler
                0x000289f0        0x4 examples/enocean_switch/CMakeFiles/enocean_switch_nrf52832_xxAA_s132_6.1.0.dir/__/nrf_mesh_weak.c.obj
                0x000289f0                nrf_mesh_dfu_init
                0x000289f0                nrf_mesh_dfu_jump_to_bootloader
                0x000289f0                nrf_mesh_dfu_rx
                0x000289f0                prov_provisioner_provision
                0x000289f0                nrf_mesh_dfu_bank_info_get
                0x000289f0                prov_provisioner_oob_pubkey
                0x000289f0                nrf_mesh_dfu_request
                0x000289f0                nrf_mesh_dfu_bank_flash
                0x000289f0                nrf_mesh_dfu_enable
                0x000289f0                _weak_handler
                0x000289f0                nrf_mesh_dfu_relay
                0x000289f0                nrf_mesh_dfu_abort
                0x000289f0                mesh_flash_op_execute
                0x000289f0                prov_provisionee_init
                0x000289f0                nrf_mesh_dfu_state_get
                0x000289f0                prov_provisioner_shared_secret
                0x000289f0                prov_provisioner_auth_data
                0x000289f0                prov_provisioner_oob_use
 .text.app_error_fault_handler
                0x000289f4      0x208 examples/enocean_switch/CMakeFiles/enocean_switch_nrf52832_xxAA_s132_6.1.0.dir/__/common/src/app_error_weak.c.obj
                0x000289f4                app_error_fault_handler
 .text.mesh_assertion_handler
                0x00028bfc       0x24 examples/enocean_switch/CMakeFiles/enocean_switch_nrf52832_xxAA_s132_6.1.0.dir/__/common/src/assertion_handler_weak.c.obj
                0x00028bfc                mesh_assertion_handler
 .text.nrf_mesh_configure_device_uuid_set
                0x00028c20       0x10 examples/enocean_switch/CMakeFiles/enocean_switch_nrf52832_xxAA_s132_6.1.0.dir/__/__/mesh/core/src/nrf_mesh_configure.c.obj
                0x00028c20                nrf_mesh_configure_device_uuid_set
 .text.nrf_mesh_configure_device_uuid_reset
                0x00028c30       0x28 examples/enocean_switch/CMakeFiles/enocean_switch_nrf52832_xxAA_s132_6.1.0.dir/__/__/mesh/core/src/nrf_mesh_configure.c.obj
                0x00028c30                nrf_mesh_configure_device_uuid_reset
 .text.nrf_mesh_configure_device_uuid_get
                0x00028c58        0x8 examples/enocean_switch/CMakeFiles/enocean_switch_nrf52832_xxAA_s132_6.1.0.dir/__/__/mesh/core/src/nrf_mesh_configure.c.obj
                0x00028c58                nrf_mesh_configure_device_uuid_get
 .text.msg_cache_init
                0x00028c60       0x24 examples/enocean_switch/CMakeFiles/enocean_switch_nrf52832_xxAA_s132_6.1.0.dir/__/__/mesh/core/src/msg_cache.c.obj
                0x00028c60                msg_cache_init
 .text.msg_cache_entry_exists
                0x00028c84       0x3c examples/enocean_switch/CMakeFiles/enocean_switch_nrf52832_xxAA_s132_6.1.0.dir/__/__/mesh/core/src/msg_cache.c.obj
                0x00028c84                msg_cache_entry_exists
 .text.msg_cache_entry_add
                0x00028cc0       0x2c examples/enocean_switch/CMakeFiles/enocean_switch_nrf52832_xxAA_s132_6.1.0.dir/__/__/mesh/core/src/msg_cache.c.obj
                0x00028cc0                msg_cache_entry_add
 .text.seqauth_sequence_number_get
                0x00028cec       0x12 examples/enocean_switch/CMakeFiles/enocean_switch_nrf52832_xxAA_s132_6.1.0.dir/__/__/mesh/core/src/transport.c.obj
 *fill*         0x00028cfe        0x2 
 .text.control_packet_callback_get
                0x00028d00       0x44 examples/enocean_switch/CMakeFiles/enocean_switch_nrf52832_xxAA_s132_6.1.0.dir/__/__/mesh/core/src/transport.c.obj
 .text.tx_complete
                0x00028d44       0x2c examples/enocean_switch/CMakeFiles/enocean_switch_nrf52832_xxAA_s132_6.1.0.dir/__/__/mesh/core/src/transport.c.obj
 .text.block_ack_full
                0x00028d70       0x1a examples/enocean_switch/CMakeFiles/enocean_switch_nrf52832_xxAA_s132_6.1.0.dir/__/__/mesh/core/src/transport.c.obj
 *fill*         0x00028d8a        0x2 
 .text.sar_rx_session_mark_as_handled
                0x00028d8c       0x48 examples/enocean_switch/CMakeFiles/enocean_switch_nrf52832_xxAA_s132_6.1.0.dir/__/__/mesh/core/src/transport.c.obj
 .text.upper_trs_packet_encrypt
                0x00028dd4       0x90 examples/enocean_switch/CMakeFiles/enocean_switch_nrf52832_xxAA_s132_6.1.0.dir/__/__/mesh/core/src/transport.c.obj
 .text.sar_ctx_free
                0x00028e64       0x4e examples/enocean_switch/CMakeFiles/enocean_switch_nrf52832_xxAA_s132_6.1.0.dir/__/__/mesh/core/src/transport.c.obj
 .text.sar_ctx_tx_complete
                0x00028eb2       0x2e examples/enocean_switch/CMakeFiles/enocean_switch_nrf52832_xxAA_s132_6.1.0.dir/__/__/mesh/core/src/transport.c.obj
 .text.sar_ctx_alloc
                0x00028ee0       0xd0 examples/enocean_switch/CMakeFiles/enocean_switch_nrf52832_xxAA_s132_6.1.0.dir/__/__/mesh/core/src/transport.c.obj
 .text.test_transport_decrypt
                0x00028fb0       0x88 examples/enocean_switch/CMakeFiles/enocean_switch_nrf52832_xxAA_s132_6.1.0.dir/__/__/mesh/core/src/transport.c.obj
 .text.upper_transport_access_packet_in
                0x00029038      0x19c examples/enocean_switch/CMakeFiles/enocean_switch_nrf52832_xxAA_s132_6.1.0.dir/__/__/mesh/core/src/transport.c.obj
 .text.trs_packet_header_build
                0x000291d4       0xa6 examples/enocean_switch/CMakeFiles/enocean_switch_nrf52832_xxAA_s132_6.1.0.dir/__/__/mesh/core/src/transport.c.obj
 *fill*         0x0002927a        0x2 
 .text.tx_retry_timer_reset
                0x0002927c       0x40 examples/enocean_switch/CMakeFiles/enocean_switch_nrf52832_xxAA_s132_6.1.0.dir/__/__/mesh/core/src/transport.c.obj
 .text.sar_ctx_cancel
                0x000292bc       0xa8 examples/enocean_switch/CMakeFiles/enocean_switch_nrf52832_xxAA_s132_6.1.0.dir/__/__/mesh/core/src/transport.c.obj
 .text.abort_timeout
                0x00029364        0x8 examples/enocean_switch/CMakeFiles/enocean_switch_nrf52832_xxAA_s132_6.1.0.dir/__/__/mesh/core/src/transport.c.obj
 .text.retry_timeout
                0x0002936c       0x4c examples/enocean_switch/CMakeFiles/enocean_switch_nrf52832_xxAA_s132_6.1.0.dir/__/__/mesh/core/src/transport.c.obj
 .text.trs_sar_packet_out
                0x000293b8       0xee examples/enocean_switch/CMakeFiles/enocean_switch_nrf52832_xxAA_s132_6.1.0.dir/__/__/mesh/core/src/transport.c.obj
 *fill*         0x000294a6        0x2 
 .text.upper_transport_packet_in
                0x000294a8      0x158 examples/enocean_switch/CMakeFiles/enocean_switch_nrf52832_xxAA_s132_6.1.0.dir/__/__/mesh/core/src/transport.c.obj
 .text.segmented_packet_tx
                0x00029600      0x13c examples/enocean_switch/CMakeFiles/enocean_switch_nrf52832_xxAA_s132_6.1.0.dir/__/__/mesh/core/src/transport.c.obj
 .text.upper_transport_tx
                0x0002973c       0xb6 examples/enocean_switch/CMakeFiles/enocean_switch_nrf52832_xxAA_s132_6.1.0.dir/__/__/mesh/core/src/transport.c.obj
 *fill*         0x000297f2        0x2 
 .text.transport_init
                0x000297f4       0x88 examples/enocean_switch/CMakeFiles/enocean_switch_nrf52832_xxAA_s132_6.1.0.dir/__/__/mesh/core/src/transport.c.obj
                0x000297f4                transport_init
 .text.transport_tx
                0x0002987c       0xb8 examples/enocean_switch/CMakeFiles/enocean_switch_nrf52832_xxAA_s132_6.1.0.dir/__/__/mesh/core/src/transport.c.obj
                0x0002987c                transport_tx
 .text.transport_control_tx
                0x00029934       0x94 examples/enocean_switch/CMakeFiles/enocean_switch_nrf52832_xxAA_s132_6.1.0.dir/__/__/mesh/core/src/transport.c.obj
                0x00029934                transport_control_tx
 .text.sar_ack_send
                0x000299c8       0xa8 examples/enocean_switch/CMakeFiles/enocean_switch_nrf52832_xxAA_s132_6.1.0.dir/__/__/mesh/core/src/transport.c.obj
 .text.transport_sar_process
                0x00029a70       0x80 examples/enocean_switch/CMakeFiles/enocean_switch_nrf52832_xxAA_s132_6.1.0.dir/__/__/mesh/core/src/transport.c.obj
 .text.transport_packet_in
                0x00029af0      0x42c examples/enocean_switch/CMakeFiles/enocean_switch_nrf52832_xxAA_s132_6.1.0.dir/__/__/mesh/core/src/transport.c.obj
                0x00029af0                transport_packet_in
 .text.ack_timeout
                0x00029f1c       0x28 examples/enocean_switch/CMakeFiles/enocean_switch_nrf52832_xxAA_s132_6.1.0.dir/__/__/mesh/core/src/transport.c.obj
 .text.transport_control_packet_consumer_add
                0x00029f44       0x5c examples/enocean_switch/CMakeFiles/enocean_switch_nrf52832_xxAA_s132_6.1.0.dir/__/__/mesh/core/src/transport.c.obj
                0x00029f44                transport_control_packet_consumer_add
 .text.event_handle
                0x00029fa0       0x54 examples/enocean_switch/CMakeFiles/enocean_switch_nrf52832_xxAA_s132_6.1.0.dir/__/__/mesh/core/src/event.c.obj
                0x00029fa0                event_handle
 .text.event_handler_add
                0x00029ff4       0x20 examples/enocean_switch/CMakeFiles/enocean_switch_nrf52832_xxAA_s132_6.1.0.dir/__/__/mesh/core/src/event.c.obj
                0x00029ff4                event_handler_add
 .text.event_handler_remove
                0x0002a014       0x34 examples/enocean_switch/CMakeFiles/enocean_switch_nrf52832_xxAA_s132_6.1.0.dir/__/__/mesh/core/src/event.c.obj
                0x0002a014                event_handler_remove
 .text.m_index_increment
                0x0002a048       0x1e examples/enocean_switch/CMakeFiles/enocean_switch_nrf52832_xxAA_s132_6.1.0.dir/__/__/mesh/core/src/packet_buffer.c.obj
 .text.m_get_next_packet
                0x0002a066       0x1c examples/enocean_switch/CMakeFiles/enocean_switch_nrf52832_xxAA_s132_6.1.0.dir/__/__/mesh/core/src/packet_buffer.c.obj
 .text.packet_buffer_init
                0x0002a082       0xac examples/enocean_switch/CMakeFiles/enocean_switch_nrf52832_xxAA_s132_6.1.0.dir/__/__/mesh/core/src/packet_buffer.c.obj
                0x0002a082                packet_buffer_init
 .text.packet_buffer_flush
                0x0002a12e       0x50 examples/enocean_switch/CMakeFiles/enocean_switch_nrf52832_xxAA_s132_6.1.0.dir/__/__/mesh/core/src/packet_buffer.c.obj
                0x0002a12e                packet_buffer_flush
 .text.packet_buffer_reserve
                0x0002a17e       0xa4 examples/enocean_switch/CMakeFiles/enocean_switch_nrf52832_xxAA_s132_6.1.0.dir/__/__/mesh/core/src/packet_buffer.c.obj
                0x0002a17e                packet_buffer_reserve
 .text.packet_buffer_commit
                0x0002a222       0x62 examples/enocean_switch/CMakeFiles/enocean_switch_nrf52832_xxAA_s132_6.1.0.dir/__/__/mesh/core/src/packet_buffer.c.obj
                0x0002a222                packet_buffer_commit
 .text.packet_buffer_pop
                0x0002a284       0x5a examples/enocean_switch/CMakeFiles/enocean_switch_nrf52832_xxAA_s132_6.1.0.dir/__/__/mesh/core/src/packet_buffer.c.obj
                0x0002a284                packet_buffer_pop
 .text.packet_buffer_can_pop
                0x0002a2de       0x34 examples/enocean_switch/CMakeFiles/enocean_switch_nrf52832_xxAA_s132_6.1.0.dir/__/__/mesh/core/src/packet_buffer.c.obj
                0x0002a2de                packet_buffer_can_pop
 .text.packet_buffer_packets_ready_to_pop
                0x0002a312       0x36 examples/enocean_switch/CMakeFiles/enocean_switch_nrf52832_xxAA_s132_6.1.0.dir/__/__/mesh/core/src/packet_buffer.c.obj
                0x0002a312                packet_buffer_packets_ready_to_pop
 .text.packet_buffer_free
                0x0002a348       0x74 examples/enocean_switch/CMakeFiles/enocean_switch_nrf52832_xxAA_s132_6.1.0.dir/__/__/mesh/core/src/packet_buffer.c.obj
                0x0002a348                packet_buffer_free
 .text.packet_buffer_is_empty
                0x0002a3bc       0x28 examples/enocean_switch/CMakeFiles/enocean_switch_nrf52832_xxAA_s132_6.1.0.dir/__/__/mesh/core/src/packet_buffer.c.obj
                0x0002a3bc                packet_buffer_is_empty
 .text.get_last_page
                0x0002a3e4       0x14 examples/enocean_switch/CMakeFiles/enocean_switch_nrf52832_xxAA_s132_6.1.0.dir/__/__/mesh/core/src/flash_manager_defrag.c.obj
 .text.defrag_on_end
                0x0002a3f8       0x1c examples/enocean_switch/CMakeFiles/enocean_switch_nrf52832_xxAA_s132_6.1.0.dir/__/__/mesh/core/src/flash_manager_defrag.c.obj
 .text.execute_procedure_step
                0x0002a414       0x7c examples/enocean_switch/CMakeFiles/enocean_switch_nrf52832_xxAA_s132_6.1.0.dir/__/__/mesh/core/src/flash_manager_defrag.c.obj
 .text.get_next_entry
                0x0002a490       0x34 examples/enocean_switch/CMakeFiles/enocean_switch_nrf52832_xxAA_s132_6.1.0.dir/__/__/mesh/core/src/flash_manager_defrag.c.obj
 .text.get_next_data_entry
                0x0002a4c4       0x26 examples/enocean_switch/CMakeFiles/enocean_switch_nrf52832_xxAA_s132_6.1.0.dir/__/__/mesh/core/src/flash_manager_defrag.c.obj
 *fill*         0x0002a4ea        0x2 
 .text.on_flash_op_end
                0x0002a4ec       0x30 examples/enocean_switch/CMakeFiles/enocean_switch_nrf52832_xxAA_s132_6.1.0.dir/__/__/mesh/core/src/flash_manager_defrag.c.obj
 .text.check_for_invalid_entries
                0x0002a51c       0x38 examples/enocean_switch/CMakeFiles/enocean_switch_nrf52832_xxAA_s132_6.1.0.dir/__/__/mesh/core/src/flash_manager_defrag.c.obj
 .text.erase_recovery_area
                0x0002a554       0x34 examples/enocean_switch/CMakeFiles/enocean_switch_nrf52832_xxAA_s132_6.1.0.dir/__/__/mesh/core/src/flash_manager_defrag.c.obj
 .text.flash.constprop.6
                0x0002a588       0x24 examples/enocean_switch/CMakeFiles/enocean_switch_nrf52832_xxAA_s132_6.1.0.dir/__/__/mesh/core/src/flash_manager_defrag.c.obj
 .text.invalidate_duplicate_entries
                0x0002a5ac       0xac examples/enocean_switch/CMakeFiles/enocean_switch_nrf52832_xxAA_s132_6.1.0.dir/__/__/mesh/core/src/flash_manager_defrag.c.obj
 .text.seal_storage_page
                0x0002a658       0x50 examples/enocean_switch/CMakeFiles/enocean_switch_nrf52832_xxAA_s132_6.1.0.dir/__/__/mesh/core/src/flash_manager_defrag.c.obj
 .text.copy_metadata
                0x0002a6a8       0x3c examples/enocean_switch/CMakeFiles/enocean_switch_nrf52832_xxAA_s132_6.1.0.dir/__/__/mesh/core/src/flash_manager_defrag.c.obj
 .text.write_defrag_start_pointer
                0x0002a6e4       0x20 examples/enocean_switch/CMakeFiles/enocean_switch_nrf52832_xxAA_s132_6.1.0.dir/__/__/mesh/core/src/flash_manager_defrag.c.obj
 .text.write_back
                0x0002a704       0x28 examples/enocean_switch/CMakeFiles/enocean_switch_nrf52832_xxAA_s132_6.1.0.dir/__/__/mesh/core/src/flash_manager_defrag.c.obj
 .text.post_process
                0x0002a72c       0x40 examples/enocean_switch/CMakeFiles/enocean_switch_nrf52832_xxAA_s132_6.1.0.dir/__/__/mesh/core/src/flash_manager_defrag.c.obj
 .text.backup_entries
                0x0002a76c       0xdc examples/enocean_switch/CMakeFiles/enocean_switch_nrf52832_xxAA_s132_6.1.0.dir/__/__/mesh/core/src/flash_manager_defrag.c.obj
 .text.erase_source
                0x0002a848       0x34 examples/enocean_switch/CMakeFiles/enocean_switch_nrf52832_xxAA_s132_6.1.0.dir/__/__/mesh/core/src/flash_manager_defrag.c.obj
 .text.flash_manager_defrag_init
                0x0002a87c       0x8c examples/enocean_switch/CMakeFiles/enocean_switch_nrf52832_xxAA_s132_6.1.0.dir/__/__/mesh/core/src/flash_manager_defrag.c.obj
                0x0002a87c                flash_manager_defrag_init
 .text.flash_manager_defragging
                0x0002a908       0x38 examples/enocean_switch/CMakeFiles/enocean_switch_nrf52832_xxAA_s132_6.1.0.dir/__/__/mesh/core/src/flash_manager_defrag.c.obj
                0x0002a908                flash_manager_defragging
 .text.flash_manager_defrag_is_running
                0x0002a940       0x10 examples/enocean_switch/CMakeFiles/enocean_switch_nrf52832_xxAA_s132_6.1.0.dir/__/__/mesh/core/src/flash_manager_defrag.c.obj
                0x0002a940                flash_manager_defrag_is_running
 .text.flash_manager_defrag
                0x0002a950       0x44 examples/enocean_switch/CMakeFiles/enocean_switch_nrf52832_xxAA_s132_6.1.0.dir/__/__/mesh/core/src/flash_manager_defrag.c.obj
                0x0002a950                flash_manager_defrag
 .text.flash_manager_defrag_recovery_page_get
                0x0002a994        0xc examples/enocean_switch/CMakeFiles/enocean_switch_nrf52832_xxAA_s132_6.1.0.dir/__/__/mesh/core/src/flash_manager_defrag.c.obj
                0x0002a994                flash_manager_defrag_recovery_page_get
 .text.fifo_init
                0x0002a9a0       0x34 examples/enocean_switch/CMakeFiles/enocean_switch_nrf52832_xxAA_s132_6.1.0.dir/__/__/mesh/core/src/fifo.c.obj
                0x0002a9a0                fifo_init
 .text.fifo_pop
                0x0002a9d4       0x52 examples/enocean_switch/CMakeFiles/enocean_switch_nrf52832_xxAA_s132_6.1.0.dir/__/__/mesh/core/src/fifo.c.obj
                0x0002a9d4                fifo_pop
 *fill*         0x0002aa26        0x2 
 .text.wait_for_ready
                0x0002aa28       0x10 examples/enocean_switch/CMakeFiles/enocean_switch_nrf52832_xxAA_s132_6.1.0.dir/__/__/mesh/core/src/nrf_flash.c.obj
 .text.nrf_flash_erase
                0x0002aa38       0x50 examples/enocean_switch/CMakeFiles/enocean_switch_nrf52832_xxAA_s132_6.1.0.dir/__/__/mesh/core/src/nrf_flash.c.obj
                0x0002aa38                nrf_flash_erase
 .text.nrf_flash_write
                0x0002aa88       0x50 examples/enocean_switch/CMakeFiles/enocean_switch_nrf52832_xxAA_s132_6.1.0.dir/__/__/mesh/core/src/nrf_flash.c.obj
                0x0002aa88                nrf_flash_write
 .text.entry_recover_cb
                0x0002aad8       0x18 examples/enocean_switch/CMakeFiles/enocean_switch_nrf52832_xxAA_s132_6.1.0.dir/__/__/mesh/core/src/net_state.c.obj
 .text.flash_store_iv_index
                0x0002aaf0       0x38 examples/enocean_switch/CMakeFiles/enocean_switch_nrf52832_xxAA_s132_6.1.0.dir/__/__/mesh/core/src/net_state.c.obj
 .text.flash_mem_available
                0x0002ab28       0x14 examples/enocean_switch/CMakeFiles/enocean_switch_nrf52832_xxAA_s132_6.1.0.dir/__/__/mesh/core/src/net_state.c.obj
 .text.seqnum_block_allocate
                0x0002ab3c       0x4c examples/enocean_switch/CMakeFiles/enocean_switch_nrf52832_xxAA_s132_6.1.0.dir/__/__/mesh/core/src/net_state.c.obj
 .text.net_state_reset
                0x0002ab88       0x48 examples/enocean_switch/CMakeFiles/enocean_switch_nrf52832_xxAA_s132_6.1.0.dir/__/__/mesh/core/src/net_state.c.obj
                0x0002ab88                net_state_reset
 .text.flash_write_complete
                0x0002abd0       0x64 examples/enocean_switch/CMakeFiles/enocean_switch_nrf52832_xxAA_s132_6.1.0.dir/__/__/mesh/core/src/net_state.c.obj
 .text.net_state_recover_from_flash
                0x0002ac34       0x60 examples/enocean_switch/CMakeFiles/enocean_switch_nrf52832_xxAA_s132_6.1.0.dir/__/__/mesh/core/src/net_state.c.obj
                0x0002ac34                net_state_recover_from_flash
 .text.net_state_flash_area_get
                0x0002ac94        0xc examples/enocean_switch/CMakeFiles/enocean_switch_nrf52832_xxAA_s132_6.1.0.dir/__/__/mesh/core/src/net_state.c.obj
                0x0002ac94                net_state_flash_area_get
 .text.init_flash_storage
                0x0002aca0       0x40 examples/enocean_switch/CMakeFiles/enocean_switch_nrf52832_xxAA_s132_6.1.0.dir/__/__/mesh/core/src/net_state.c.obj
 .text.net_state_init
                0x0002ace0       0x44 examples/enocean_switch/CMakeFiles/enocean_switch_nrf52832_xxAA_s132_6.1.0.dir/__/__/mesh/core/src/net_state.c.obj
                0x0002ace0                net_state_init
 .text.net_state_enable
                0x0002ad24       0x30 examples/enocean_switch/CMakeFiles/enocean_switch_nrf52832_xxAA_s132_6.1.0.dir/__/__/mesh/core/src/net_state.c.obj
                0x0002ad24                net_state_enable
 .text.net_state_iv_update_start
                0x0002ad54       0x68 examples/enocean_switch/CMakeFiles/enocean_switch_nrf52832_xxAA_s132_6.1.0.dir/__/__/mesh/core/src/net_state.c.obj
                0x0002ad54                net_state_iv_update_start
 .text.iv_update_trigger_if_pending
                0x0002adbc       0x80 examples/enocean_switch/CMakeFiles/enocean_switch_nrf52832_xxAA_s132_6.1.0.dir/__/__/mesh/core/src/net_state.c.obj
 .text.iv_update_timer_handler
                0x0002ae3c       0x68 examples/enocean_switch/CMakeFiles/enocean_switch_nrf52832_xxAA_s132_6.1.0.dir/__/__/mesh/core/src/net_state.c.obj
 .text.mesh_evt_handler
                0x0002aea4       0xa0 examples/enocean_switch/CMakeFiles/enocean_switch_nrf52832_xxAA_s132_6.1.0.dir/__/__/mesh/core/src/net_state.c.obj
 .text.net_state_seqnum_alloc
                0x0002af44       0x68 examples/enocean_switch/CMakeFiles/enocean_switch_nrf52832_xxAA_s132_6.1.0.dir/__/__/mesh/core/src/net_state.c.obj
                0x0002af44                net_state_seqnum_alloc
 .text.net_state_iv_index_lock
                0x0002afac       0x3c examples/enocean_switch/CMakeFiles/enocean_switch_nrf52832_xxAA_s132_6.1.0.dir/__/__/mesh/core/src/net_state.c.obj
                0x0002afac                net_state_iv_index_lock
 .text.net_state_key_refresh_phase_changed
                0x0002afe8       0x20 examples/enocean_switch/CMakeFiles/enocean_switch_nrf52832_xxAA_s132_6.1.0.dir/__/__/mesh/core/src/net_state.c.obj
                0x0002afe8                net_state_key_refresh_phase_changed
 .text.net_state_beacon_iv_index_get
                0x0002b008        0xc examples/enocean_switch/CMakeFiles/enocean_switch_nrf52832_xxAA_s132_6.1.0.dir/__/__/mesh/core/src/net_state.c.obj
                0x0002b008                net_state_beacon_iv_index_get
 .text.net_state_tx_iv_index_get
                0x0002b014       0x14 examples/enocean_switch/CMakeFiles/enocean_switch_nrf52832_xxAA_s132_6.1.0.dir/__/__/mesh/core/src/net_state.c.obj
                0x0002b014                net_state_tx_iv_index_get
 .text.net_state_rx_iv_index_get
                0x0002b028       0x18 examples/enocean_switch/CMakeFiles/enocean_switch_nrf52832_xxAA_s132_6.1.0.dir/__/__/mesh/core/src/net_state.c.obj
                0x0002b028                net_state_rx_iv_index_get
 .text.net_state_iv_update_get
                0x0002b040        0xc examples/enocean_switch/CMakeFiles/enocean_switch_nrf52832_xxAA_s132_6.1.0.dir/__/__/mesh/core/src/net_state.c.obj
                0x0002b040                net_state_iv_update_get
 .text.net_state_iv_index_set
                0x0002b04c       0x30 examples/enocean_switch/CMakeFiles/enocean_switch_nrf52832_xxAA_s132_6.1.0.dir/__/__/mesh/core/src/net_state.c.obj
                0x0002b04c                net_state_iv_index_set
 .text.send_end_events
                0x0002b07c       0x84 examples/enocean_switch/CMakeFiles/enocean_switch_nrf52832_xxAA_s132_6.1.0.dir/__/__/mesh/core/src/mesh_flash.c.obj
 .text.flash_op_action_prepare
                0x0002b100       0x78 examples/enocean_switch/CMakeFiles/enocean_switch_nrf52832_xxAA_s132_6.1.0.dir/__/__/mesh/core/src/mesh_flash.c.obj
 .text.flash_op_schedule
                0x0002b178       0x20 examples/enocean_switch/CMakeFiles/enocean_switch_nrf52832_xxAA_s132_6.1.0.dir/__/__/mesh/core/src/mesh_flash.c.obj
 .text.flash_op_start
                0x0002b198      0x13c examples/enocean_switch/CMakeFiles/enocean_switch_nrf52832_xxAA_s132_6.1.0.dir/__/__/mesh/core/src/mesh_flash.c.obj
 .text.mesh_flash_init
                0x0002b2d4       0x88 examples/enocean_switch/CMakeFiles/enocean_switch_nrf52832_xxAA_s132_6.1.0.dir/__/__/mesh/core/src/mesh_flash.c.obj
                0x0002b2d4                mesh_flash_init
 .text.mesh_flash_user_callback_set
                0x0002b35c       0x20 examples/enocean_switch/CMakeFiles/enocean_switch_nrf52832_xxAA_s132_6.1.0.dir/__/__/mesh/core/src/mesh_flash.c.obj
                0x0002b35c                mesh_flash_user_callback_set
 .text.mesh_flash_op_push
                0x0002b37c      0x10c examples/enocean_switch/CMakeFiles/enocean_switch_nrf52832_xxAA_s132_6.1.0.dir/__/__/mesh/core/src/mesh_flash.c.obj
                0x0002b37c                mesh_flash_op_push
 .text.mesh_flash_set_suspended
                0x0002b488       0x74 examples/enocean_switch/CMakeFiles/enocean_switch_nrf52832_xxAA_s132_6.1.0.dir/__/__/mesh/core/src/mesh_flash.c.obj
                0x0002b488                mesh_flash_set_suspended
 .text.nrf_mesh_address_type_get
                0x0002b4fc       0x10 examples/enocean_switch/CMakeFiles/enocean_switch_nrf52832_xxAA_s132_6.1.0.dir/__/__/mesh/core/src/nrf_mesh_utils.c.obj
                0x0002b4fc                nrf_mesh_address_type_get
 .text.sd_softdevice_is_enabled
                0x0002b50c        0x4 examples/enocean_switch/CMakeFiles/enocean_switch_nrf52832_xxAA_s132_6.1.0.dir/__/__/mesh/core/src/nrf_mesh.c.obj
 .text.nrf_mesh_listen
                0x0002b510      0x138 examples/enocean_switch/CMakeFiles/enocean_switch_nrf52832_xxAA_s132_6.1.0.dir/__/__/mesh/core/src/nrf_mesh.c.obj
 .text.scanner_packet_process_cb
                0x0002b648       0x8c examples/enocean_switch/CMakeFiles/enocean_switch_nrf52832_xxAA_s132_6.1.0.dir/__/__/mesh/core/src/nrf_mesh.c.obj
 .text.bearer_stopped_cb
                0x0002b6d4       0x30 examples/enocean_switch/CMakeFiles/enocean_switch_nrf52832_xxAA_s132_6.1.0.dir/__/__/mesh/core/src/nrf_mesh.c.obj
 .text.nrf_mesh_init
                0x0002b704       0xcc examples/enocean_switch/CMakeFiles/enocean_switch_nrf52832_xxAA_s132_6.1.0.dir/__/__/mesh/core/src/nrf_mesh.c.obj
                0x0002b704                nrf_mesh_init
 .text.nrf_mesh_enable
                0x0002b7d0       0xa8 examples/enocean_switch/CMakeFiles/enocean_switch_nrf52832_xxAA_s132_6.1.0.dir/__/__/mesh/core/src/nrf_mesh.c.obj
                0x0002b7d0                nrf_mesh_enable
 .text.nrf_mesh_disable
                0x0002b878       0x2c examples/enocean_switch/CMakeFiles/enocean_switch_nrf52832_xxAA_s132_6.1.0.dir/__/__/mesh/core/src/nrf_mesh.c.obj
                0x0002b878                nrf_mesh_disable
 .text.nrf_mesh_packet_send
                0x0002b8a4        0x4 examples/enocean_switch/CMakeFiles/enocean_switch_nrf52832_xxAA_s132_6.1.0.dir/__/__/mesh/core/src/nrf_mesh.c.obj
                0x0002b8a4                nrf_mesh_packet_send
 .text.nrf_mesh_evt_handler_add
                0x0002b8a8        0x4 examples/enocean_switch/CMakeFiles/enocean_switch_nrf52832_xxAA_s132_6.1.0.dir/__/__/mesh/core/src/nrf_mesh.c.obj
                0x0002b8a8                nrf_mesh_evt_handler_add
 .text.nrf_mesh_evt_handler_remove
                0x0002b8ac        0x4 examples/enocean_switch/CMakeFiles/enocean_switch_nrf52832_xxAA_s132_6.1.0.dir/__/__/mesh/core/src/nrf_mesh.c.obj
                0x0002b8ac                nrf_mesh_evt_handler_remove
 .text.nrf_mesh_on_sd_evt
                0x0002b8b0        0xa examples/enocean_switch/CMakeFiles/enocean_switch_nrf52832_xxAA_s132_6.1.0.dir/__/__/mesh/core/src/nrf_mesh.c.obj
                0x0002b8b0                nrf_mesh_on_sd_evt
 *fill*         0x0002b8ba        0x2 
 .text.nrf_mesh_rx_cb_set
                0x0002b8bc        0xc examples/enocean_switch/CMakeFiles/enocean_switch_nrf52832_xxAA_s132_6.1.0.dir/__/__/mesh/core/src/nrf_mesh.c.obj
                0x0002b8bc                nrf_mesh_rx_cb_set
 .text.nrf_mesh_subnet_added
                0x0002b8c8        0x4 examples/enocean_switch/CMakeFiles/enocean_switch_nrf52832_xxAA_s132_6.1.0.dir/__/__/mesh/core/src/nrf_mesh.c.obj
                0x0002b8c8                nrf_mesh_subnet_added
 .text.nrf_mesh_unique_token_get
                0x0002b8cc       0x18 examples/enocean_switch/CMakeFiles/enocean_switch_nrf52832_xxAA_s132_6.1.0.dir/__/__/mesh/core/src/nrf_mesh.c.obj
                0x0002b8cc                nrf_mesh_unique_token_get
 .text.queue_init
                0x0002b8e4       0x14 examples/enocean_switch/CMakeFiles/enocean_switch_nrf52832_xxAA_s132_6.1.0.dir/__/__/mesh/core/src/queue.c.obj
                0x0002b8e4                queue_init
 .text.queue_push
                0x0002b8f8       0x34 examples/enocean_switch/CMakeFiles/enocean_switch_nrf52832_xxAA_s132_6.1.0.dir/__/__/mesh/core/src/queue.c.obj
                0x0002b8f8                queue_push
 .text.queue_pop
                0x0002b92c       0x26 examples/enocean_switch/CMakeFiles/enocean_switch_nrf52832_xxAA_s132_6.1.0.dir/__/__/mesh/core/src/queue.c.obj
                0x0002b92c                queue_pop
 .text.queue_peek
                0x0002b952       0x10 examples/enocean_switch/CMakeFiles/enocean_switch_nrf52832_xxAA_s132_6.1.0.dir/__/__/mesh/core/src/queue.c.obj
                0x0002b952                queue_peek
 .text.sd_power_reset_reason_clr
                0x0002b962        0x4 examples/enocean_switch/CMakeFiles/enocean_switch_nrf52832_xxAA_s132_6.1.0.dir/__/__/mesh/core/src/hal.c.obj
 .text.sd_power_gpregret_set
                0x0002b966        0x4 examples/enocean_switch/CMakeFiles/enocean_switch_nrf52832_xxAA_s132_6.1.0.dir/__/__/mesh/core/src/hal.c.obj
 *fill*         0x0002b96a        0x2 
 .text.hal_device_reset
                0x0002b96c       0x38 examples/enocean_switch/CMakeFiles/enocean_switch_nrf52832_xxAA_s132_6.1.0.dir/__/__/mesh/core/src/hal.c.obj
                0x0002b96c                hal_device_reset
 .text.hal_lfclk_ppm_get
                0x0002b9a4       0x14 examples/enocean_switch/CMakeFiles/enocean_switch_nrf52832_xxAA_s132_6.1.0.dir/__/__/mesh/core/src/hal.c.obj
                0x0002b9a4                hal_lfclk_ppm_get
 .text.hal_irq_active_get
                0x0002b9b8       0x10 examples/enocean_switch/CMakeFiles/enocean_switch_nrf52832_xxAA_s132_6.1.0.dir/__/__/mesh/core/src/hal.c.obj
                0x0002b9b8                hal_irq_active_get
 .text.hal_irq_is_enabled
                0x0002b9c8       0x28 examples/enocean_switch/CMakeFiles/enocean_switch_nrf52832_xxAA_s132_6.1.0.dir/__/__/mesh/core/src/hal.c.obj
                0x0002b9c8                hal_irq_is_enabled
 .text.sd_ecb_block_encrypt
                0x0002b9f0        0x4 examples/enocean_switch/CMakeFiles/enocean_switch_nrf52832_xxAA_s132_6.1.0.dir/__/__/mesh/core/src/aes_cmac.c.obj
 .text.utils_xor.constprop.1
                0x0002b9f4       0x20 examples/enocean_switch/CMakeFiles/enocean_switch_nrf52832_xxAA_s132_6.1.0.dir/__/__/mesh/core/src/aes_cmac.c.obj
 .text.aes_cmac
                0x0002ba14      0x112 examples/enocean_switch/CMakeFiles/enocean_switch_nrf52832_xxAA_s132_6.1.0.dir/__/__/mesh/core/src/aes_cmac.c.obj
                0x0002ba14                aes_cmac
 *fill*         0x0002bb26        0x2 
 .text.add_evt  0x0002bb28       0x50 examples/enocean_switch/CMakeFiles/enocean_switch_nrf52832_xxAA_s132_6.1.0.dir/__/__/mesh/core/src/timer_scheduler.c.obj
 .text.remove_evt
                0x0002bb78       0x50 examples/enocean_switch/CMakeFiles/enocean_switch_nrf52832_xxAA_s132_6.1.0.dir/__/__/mesh/core/src/timer_scheduler.c.obj
 .text.timer_cb
                0x0002bbc8        0xc examples/enocean_switch/CMakeFiles/enocean_switch_nrf52832_xxAA_s132_6.1.0.dir/__/__/mesh/core/src/timer_scheduler.c.obj
 .text.setup_timeout.isra.0
                0x0002bbd4       0x1c examples/enocean_switch/CMakeFiles/enocean_switch_nrf52832_xxAA_s132_6.1.0.dir/__/__/mesh/core/src/timer_scheduler.c.obj
 .text.flag_event_cb
                0x0002bbf0       0x98 examples/enocean_switch/CMakeFiles/enocean_switch_nrf52832_xxAA_s132_6.1.0.dir/__/__/mesh/core/src/timer_scheduler.c.obj
 .text.timer_sch_init
                0x0002bc88       0x2c examples/enocean_switch/CMakeFiles/enocean_switch_nrf52832_xxAA_s132_6.1.0.dir/__/__/mesh/core/src/timer_scheduler.c.obj
                0x0002bc88                timer_sch_init
 .text.timer_sch_schedule
                0x0002bcb4       0x44 examples/enocean_switch/CMakeFiles/enocean_switch_nrf52832_xxAA_s132_6.1.0.dir/__/__/mesh/core/src/timer_scheduler.c.obj
                0x0002bcb4                timer_sch_schedule
 .text.timer_sch_abort
                0x0002bcf8       0x2e examples/enocean_switch/CMakeFiles/enocean_switch_nrf52832_xxAA_s132_6.1.0.dir/__/__/mesh/core/src/timer_scheduler.c.obj
                0x0002bcf8                timer_sch_abort
 .text.timer_sch_reschedule
                0x0002bd26       0x38 examples/enocean_switch/CMakeFiles/enocean_switch_nrf52832_xxAA_s132_6.1.0.dir/__/__/mesh/core/src/timer_scheduler.c.obj
                0x0002bd26                timer_sch_reschedule
 .text.timer_sch_is_scheduled
                0x0002bd5e       0x16 examples/enocean_switch/CMakeFiles/enocean_switch_nrf52832_xxAA_s132_6.1.0.dir/__/__/mesh/core/src/timer_scheduler.c.obj
                0x0002bd5e                timer_sch_is_scheduled
 .text.timer_init
                0x0002bd74       0x1a examples/enocean_switch/CMakeFiles/enocean_switch_nrf52832_xxAA_s132_6.1.0.dir/__/__/mesh/core/src/timer.c.obj
                0x0002bd74                timer_init
 *fill*         0x0002bd8e        0x2 
 .text.timer_now
                0x0002bd90       0x48 examples/enocean_switch/CMakeFiles/enocean_switch_nrf52832_xxAA_s132_6.1.0.dir/__/__/mesh/core/src/timer.c.obj
                0x0002bd90                timer_now
 .text.nrf_mesh_timer_tail_handle
                0x0002bdd8       0x34 examples/enocean_switch/CMakeFiles/enocean_switch_nrf52832_xxAA_s132_6.1.0.dir/__/__/mesh/core/src/timer.c.obj
                0x0002bdd8                nrf_mesh_timer_tail_handle
 .text.nrf_mesh_timer_ovfw_handle
                0x0002be0c       0x9c examples/enocean_switch/CMakeFiles/enocean_switch_nrf52832_xxAA_s132_6.1.0.dir/__/__/mesh/core/src/timer.c.obj
                0x0002be0c                nrf_mesh_timer_ovfw_handle
 .text.timer_start
                0x0002bea8       0xac examples/enocean_switch/CMakeFiles/enocean_switch_nrf52832_xxAA_s132_6.1.0.dir/__/__/mesh/core/src/timer.c.obj
                0x0002bea8                timer_start
 .text.timer_stop
                0x0002bf54       0x30 examples/enocean_switch/CMakeFiles/enocean_switch_nrf52832_xxAA_s132_6.1.0.dir/__/__/mesh/core/src/timer.c.obj
                0x0002bf54                timer_stop
 .text.sd_rand_application_bytes_available_get
                0x0002bf84        0x4 examples/enocean_switch/CMakeFiles/enocean_switch_nrf52832_xxAA_s132_6.1.0.dir/__/__/mesh/core/src/rand.c.obj
 .text.sd_rand_application_vector_get
                0x0002bf88        0x4 examples/enocean_switch/CMakeFiles/enocean_switch_nrf52832_xxAA_s132_6.1.0.dir/__/__/mesh/core/src/rand.c.obj
 .text.rand_prng_get
                0x0002bf8c       0x22 examples/enocean_switch/CMakeFiles/enocean_switch_nrf52832_xxAA_s132_6.1.0.dir/__/__/mesh/core/src/rand.c.obj
                0x0002bf8c                rand_prng_get
 .text.rand_hw_rng_get
                0x0002bfae       0x44 examples/enocean_switch/CMakeFiles/enocean_switch_nrf52832_xxAA_s132_6.1.0.dir/__/__/mesh/core/src/rand.c.obj
                0x0002bfae                rand_hw_rng_get
 *fill*         0x0002bff2        0x2 
 .text.rand_prng_seed
                0x0002bff4       0x34 examples/enocean_switch/CMakeFiles/enocean_switch_nrf52832_xxAA_s132_6.1.0.dir/__/__/mesh/core/src/rand.c.obj
                0x0002bff4                rand_prng_seed
 .text.mesh_opt_init
                0x0002c028        0x2 examples/enocean_switch/CMakeFiles/enocean_switch_nrf52832_xxAA_s132_6.1.0.dir/__/__/mesh/core/src/mesh_opt.c.obj
                0x0002c028                mesh_opt_init
 .text.sd_radio_session_open
                0x0002c02a        0x4 examples/enocean_switch/CMakeFiles/enocean_switch_nrf52832_xxAA_s132_6.1.0.dir/__/__/mesh/core/src/timeslot.c.obj
 .text.sd_radio_session_close
                0x0002c02e        0x4 examples/enocean_switch/CMakeFiles/enocean_switch_nrf52832_xxAA_s132_6.1.0.dir/__/__/mesh/core/src/timeslot.c.obj
 .text.sd_radio_request
                0x0002c032        0x4 examples/enocean_switch/CMakeFiles/enocean_switch_nrf52832_xxAA_s132_6.1.0.dir/__/__/mesh/core/src/timeslot.c.obj
 *fill*         0x0002c036        0x2 
 .text.end_timer_handler
                0x0002c038       0x24 examples/enocean_switch/CMakeFiles/enocean_switch_nrf52832_xxAA_s132_6.1.0.dir/__/__/mesh/core/src/timeslot.c.obj
 .text.get_end_time.isra.3
                0x0002c05c       0x20 examples/enocean_switch/CMakeFiles/enocean_switch_nrf52832_xxAA_s132_6.1.0.dir/__/__/mesh/core/src/timeslot.c.obj
 .text.on_ts_begin.constprop.9
                0x0002c07c       0x48 examples/enocean_switch/CMakeFiles/enocean_switch_nrf52832_xxAA_s132_6.1.0.dir/__/__/mesh/core/src/timeslot.c.obj
 .text.handle_extend_end.constprop.5
                0x0002c0c4       0x80 examples/enocean_switch/CMakeFiles/enocean_switch_nrf52832_xxAA_s132_6.1.0.dir/__/__/mesh/core/src/timeslot.c.obj
 .text.radio_signal_callback
                0x0002c144      0x12c examples/enocean_switch/CMakeFiles/enocean_switch_nrf52832_xxAA_s132_6.1.0.dir/__/__/mesh/core/src/timeslot.c.obj
 .text.timeslot_sd_event_handler
                0x0002c270       0x60 examples/enocean_switch/CMakeFiles/enocean_switch_nrf52832_xxAA_s132_6.1.0.dir/__/__/mesh/core/src/timeslot.c.obj
                0x0002c270                timeslot_sd_event_handler
 .text.timeslot_init
                0x0002c2d0       0x50 examples/enocean_switch/CMakeFiles/enocean_switch_nrf52832_xxAA_s132_6.1.0.dir/__/__/mesh/core/src/timeslot.c.obj
                0x0002c2d0                timeslot_init
 .text.timeslot_start
                0x0002c320       0x48 examples/enocean_switch/CMakeFiles/enocean_switch_nrf52832_xxAA_s132_6.1.0.dir/__/__/mesh/core/src/timeslot.c.obj
                0x0002c320                timeslot_start
 .text.timeslot_end_is_pending
                0x0002c368       0x28 examples/enocean_switch/CMakeFiles/enocean_switch_nrf52832_xxAA_s132_6.1.0.dir/__/__/mesh/core/src/timeslot.c.obj
                0x0002c368                timeslot_end_is_pending
 .text.timeslot_length_get
                0x0002c390        0xc examples/enocean_switch/CMakeFiles/enocean_switch_nrf52832_xxAA_s132_6.1.0.dir/__/__/mesh/core/src/timeslot.c.obj
                0x0002c390                timeslot_length_get
 .text.timeslot_remaining_time_get
                0x0002c39c       0x24 examples/enocean_switch/CMakeFiles/enocean_switch_nrf52832_xxAA_s132_6.1.0.dir/__/__/mesh/core/src/timeslot.c.obj
                0x0002c39c                timeslot_remaining_time_get
 .text.timeslot_is_in_cb
                0x0002c3c0        0xc examples/enocean_switch/CMakeFiles/enocean_switch_nrf52832_xxAA_s132_6.1.0.dir/__/__/mesh/core/src/timeslot.c.obj
                0x0002c3c0                timeslot_is_in_cb
 .text.timeslot_session_is_active
                0x0002c3cc       0x10 examples/enocean_switch/CMakeFiles/enocean_switch_nrf52832_xxAA_s132_6.1.0.dir/__/__/mesh/core/src/timeslot.c.obj
                0x0002c3cc                timeslot_session_is_active
 .text.timeslot_trigger
                0x0002c3dc       0x24 examples/enocean_switch/CMakeFiles/enocean_switch_nrf52832_xxAA_s132_6.1.0.dir/__/__/mesh/core/src/timeslot.c.obj
                0x0002c3dc                timeslot_trigger
 .text.timeslot_stop
                0x0002c400       0x1c examples/enocean_switch/CMakeFiles/enocean_switch_nrf52832_xxAA_s132_6.1.0.dir/__/__/mesh/core/src/timeslot.c.obj
                0x0002c400                timeslot_stop
 .text.timeslot_restart
                0x0002c41c       0x24 examples/enocean_switch/CMakeFiles/enocean_switch_nrf52832_xxAA_s132_6.1.0.dir/__/__/mesh/core/src/timeslot.c.obj
                0x0002c41c                timeslot_restart
 .text.timeslot_state_lock
                0x0002c440       0x28 examples/enocean_switch/CMakeFiles/enocean_switch_nrf52832_xxAA_s132_6.1.0.dir/__/__/mesh/core/src/timeslot.c.obj
                0x0002c440                timeslot_state_lock
 .text.timer_mut_unlock
                0x0002c468       0x10 examples/enocean_switch/CMakeFiles/enocean_switch_nrf52832_xxAA_s132_6.1.0.dir/__/__/mesh/core/src/timeslot_timer.c.obj
 .text.ts_timer_order_cb
                0x0002c478       0x64 examples/enocean_switch/CMakeFiles/enocean_switch_nrf52832_xxAA_s132_6.1.0.dir/__/__/mesh/core/src/timeslot_timer.c.obj
                0x0002c478                ts_timer_order_cb
 .text.ts_timer_now
                0x0002c4dc       0x40 examples/enocean_switch/CMakeFiles/enocean_switch_nrf52832_xxAA_s132_6.1.0.dir/__/__/mesh/core/src/timeslot_timer.c.obj
                0x0002c4dc                ts_timer_now
 .text.ts_timer_event_handler
                0x0002c51c       0x68 examples/enocean_switch/CMakeFiles/enocean_switch_nrf52832_xxAA_s132_6.1.0.dir/__/__/mesh/core/src/timeslot_timer.c.obj
                0x0002c51c                ts_timer_event_handler
 .text.ts_timer_to_device_time
                0x0002c584        0xc examples/enocean_switch/CMakeFiles/enocean_switch_nrf52832_xxAA_s132_6.1.0.dir/__/__/mesh/core/src/timeslot_timer.c.obj
                0x0002c584                ts_timer_to_device_time
 .text.ts_timer_on_ts_begin
                0x0002c590       0x6c examples/enocean_switch/CMakeFiles/enocean_switch_nrf52832_xxAA_s132_6.1.0.dir/__/__/mesh/core/src/timeslot_timer.c.obj
                0x0002c590                ts_timer_on_ts_begin
 .text.ts_timer_on_ts_end
                0x0002c5fc       0x48 examples/enocean_switch/CMakeFiles/enocean_switch_nrf52832_xxAA_s132_6.1.0.dir/__/__/mesh/core/src/timeslot_timer.c.obj
                0x0002c5fc                ts_timer_on_ts_end
 .text.trigger_event_handler
                0x0002c644       0x1c examples/enocean_switch/CMakeFiles/enocean_switch_nrf52832_xxAA_s132_6.1.0.dir/__/__/mesh/core/src/bearer_event.c.obj
 .text.bearer_event_init
                0x0002c660       0x58 examples/enocean_switch/CMakeFiles/enocean_switch_nrf52832_xxAA_s132_6.1.0.dir/__/__/mesh/core/src/bearer_event.c.obj
                0x0002c660                bearer_event_init
 .text.bearer_event_start
                0x0002c6b8       0x48 examples/enocean_switch/CMakeFiles/enocean_switch_nrf52832_xxAA_s132_6.1.0.dir/__/__/mesh/core/src/bearer_event.c.obj
                0x0002c6b8                bearer_event_start
 .text.bearer_event_critical_section_begin
                0x0002c700       0x80 examples/enocean_switch/CMakeFiles/enocean_switch_nrf52832_xxAA_s132_6.1.0.dir/__/__/mesh/core/src/bearer_event.c.obj
                0x0002c700                bearer_event_critical_section_begin
 .text.bearer_event_critical_section_end
                0x0002c780       0x60 examples/enocean_switch/CMakeFiles/enocean_switch_nrf52832_xxAA_s132_6.1.0.dir/__/__/mesh/core/src/bearer_event.c.obj
                0x0002c780                bearer_event_critical_section_end
 .text.bearer_event_flag_add
                0x0002c7e0       0x3c examples/enocean_switch/CMakeFiles/enocean_switch_nrf52832_xxAA_s132_6.1.0.dir/__/__/mesh/core/src/bearer_event.c.obj
                0x0002c7e0                bearer_event_flag_add
 .text.bearer_event_flag_set
                0x0002c81c       0x44 examples/enocean_switch/CMakeFiles/enocean_switch_nrf52832_xxAA_s132_6.1.0.dir/__/__/mesh/core/src/bearer_event.c.obj
                0x0002c81c                bearer_event_flag_set
 .text.bearer_event_sequential_add
                0x0002c860       0x2e examples/enocean_switch/CMakeFiles/enocean_switch_nrf52832_xxAA_s132_6.1.0.dir/__/__/mesh/core/src/bearer_event.c.obj
                0x0002c860                bearer_event_sequential_add
 *fill*         0x0002c88e        0x2 
 .text.bearer_event_sequential_post
                0x0002c890       0x44 examples/enocean_switch/CMakeFiles/enocean_switch_nrf52832_xxAA_s132_6.1.0.dir/__/__/mesh/core/src/bearer_event.c.obj
                0x0002c890                bearer_event_sequential_post
 .text.bearer_event_sequential_pending
                0x0002c8d4       0x10 examples/enocean_switch/CMakeFiles/enocean_switch_nrf52832_xxAA_s132_6.1.0.dir/__/__/mesh/core/src/bearer_event.c.obj
                0x0002c8d4                bearer_event_sequential_pending
 .text.bearer_event_handler
                0x0002c8e4       0xe4 examples/enocean_switch/CMakeFiles/enocean_switch_nrf52832_xxAA_s132_6.1.0.dir/__/__/mesh/core/src/bearer_event.c.obj
                0x0002c8e4                bearer_event_handler
 .text.QDEC_IRQHandler
                0x0002c9c8        0x4 examples/enocean_switch/CMakeFiles/enocean_switch_nrf52832_xxAA_s132_6.1.0.dir/__/__/mesh/core/src/bearer_event.c.obj
                0x0002c9c8                QDEC_IRQHandler
 .text.bearer_event_in_correct_irq_priority
                0x0002c9cc       0x74 examples/enocean_switch/CMakeFiles/enocean_switch_nrf52832_xxAA_s132_6.1.0.dir/__/__/mesh/core/src/bearer_event.c.obj
                0x0002c9cc                bearer_event_in_correct_irq_priority
 .text.sd_ecb_block_encrypt
                0x0002ca40        0x4 examples/enocean_switch/CMakeFiles/enocean_switch_nrf52832_xxAA_s132_6.1.0.dir/__/__/mesh/core/src/enc.c.obj
 .text.enc_aes_encrypt
                0x0002ca44       0x32 examples/enocean_switch/CMakeFiles/enocean_switch_nrf52832_xxAA_s132_6.1.0.dir/__/__/mesh/core/src/enc.c.obj
                0x0002ca44                enc_aes_encrypt
 .text.enc_aes_cmac
                0x0002ca76        0x4 examples/enocean_switch/CMakeFiles/enocean_switch_nrf52832_xxAA_s132_6.1.0.dir/__/__/mesh/core/src/enc.c.obj
                0x0002ca76                enc_aes_cmac
 .text.enc_aes_ccm_encrypt
                0x0002ca7a        0x4 examples/enocean_switch/CMakeFiles/enocean_switch_nrf52832_xxAA_s132_6.1.0.dir/__/__/mesh/core/src/enc.c.obj
                0x0002ca7a                enc_aes_ccm_encrypt
 .text.enc_aes_ccm_decrypt
                0x0002ca7e        0x4 examples/enocean_switch/CMakeFiles/enocean_switch_nrf52832_xxAA_s132_6.1.0.dir/__/__/mesh/core/src/enc.c.obj
                0x0002ca7e                enc_aes_ccm_decrypt
 .text.enc_nonce_generate
                0x0002ca82       0xbc examples/enocean_switch/CMakeFiles/enocean_switch_nrf52832_xxAA_s132_6.1.0.dir/__/__/mesh/core/src/enc.c.obj
                0x0002ca82                enc_nonce_generate
 .text.enc_s1   0x0002cb3e       0x2c examples/enocean_switch/CMakeFiles/enocean_switch_nrf52832_xxAA_s132_6.1.0.dir/__/__/mesh/core/src/enc.c.obj
                0x0002cb3e                enc_s1
 .text.enc_k1   0x0002cb6a       0x3c examples/enocean_switch/CMakeFiles/enocean_switch_nrf52832_xxAA_s132_6.1.0.dir/__/__/mesh/core/src/enc.c.obj
                0x0002cb6a                enc_k1
 *fill*         0x0002cba6        0x2 
 .text.enc_k2   0x0002cba8       0xc0 examples/enocean_switch/CMakeFiles/enocean_switch_nrf52832_xxAA_s132_6.1.0.dir/__/__/mesh/core/src/enc.c.obj
                0x0002cba8                enc_k2
 .text.enc_k3   0x0002cc68       0x5c examples/enocean_switch/CMakeFiles/enocean_switch_nrf52832_xxAA_s132_6.1.0.dir/__/__/mesh/core/src/enc.c.obj
                0x0002cc68                enc_k3
 .text.enc_k4   0x0002ccc4       0x54 examples/enocean_switch/CMakeFiles/enocean_switch_nrf52832_xxAA_s132_6.1.0.dir/__/__/mesh/core/src/enc.c.obj
                0x0002ccc4                enc_k4
 .text.allocate_packet
                0x0002cd18       0x70 examples/enocean_switch/CMakeFiles/enocean_switch_nrf52832_xxAA_s132_6.1.0.dir/__/__/mesh/core/src/network.c.obj
 .text.network_init
                0x0002cd88       0x24 examples/enocean_switch/CMakeFiles/enocean_switch_nrf52832_xxAA_s132_6.1.0.dir/__/__/mesh/core/src/network.c.obj
                0x0002cd88                network_init
 .text.network_enable
                0x0002cdac        0xe examples/enocean_switch/CMakeFiles/enocean_switch_nrf52832_xxAA_s132_6.1.0.dir/__/__/mesh/core/src/network.c.obj
                0x0002cdac                network_enable
 .text.network_packet_alloc
                0x0002cdba       0x30 examples/enocean_switch/CMakeFiles/enocean_switch_nrf52832_xxAA_s132_6.1.0.dir/__/__/mesh/core/src/network.c.obj
                0x0002cdba                network_packet_alloc
 .text.network_packet_send
                0x0002cdea       0x46 examples/enocean_switch/CMakeFiles/enocean_switch_nrf52832_xxAA_s132_6.1.0.dir/__/__/mesh/core/src/network.c.obj
                0x0002cdea                network_packet_send
 .text.network_packet_in
                0x0002ce30      0x174 examples/enocean_switch/CMakeFiles/enocean_switch_nrf52832_xxAA_s132_6.1.0.dir/__/__/mesh/core/src/network.c.obj
                0x0002ce30                network_packet_in
 .text.nonce_type_get
                0x0002cfa4       0x16 examples/enocean_switch/CMakeFiles/enocean_switch_nrf52832_xxAA_s132_6.1.0.dir/__/__/mesh/core/src/net_packet.c.obj
 .text.header_transfuscate
                0x0002cfba       0x54 examples/enocean_switch/CMakeFiles/enocean_switch_nrf52832_xxAA_s132_6.1.0.dir/__/__/mesh/core/src/net_packet.c.obj
 *fill*         0x0002d00e        0x2 
 .text.try_decrypt
                0x0002d010      0x198 examples/enocean_switch/CMakeFiles/enocean_switch_nrf52832_xxAA_s132_6.1.0.dir/__/__/mesh/core/src/net_packet.c.obj
 .text.net_packet_decrypt
                0x0002d1a8       0x86 examples/enocean_switch/CMakeFiles/enocean_switch_nrf52832_xxAA_s132_6.1.0.dir/__/__/mesh/core/src/net_packet.c.obj
                0x0002d1a8                net_packet_decrypt
 .text.net_packet_encrypt
                0x0002d22e       0x7e examples/enocean_switch/CMakeFiles/enocean_switch_nrf52832_xxAA_s132_6.1.0.dir/__/__/mesh/core/src/net_packet.c.obj
                0x0002d22e                net_packet_encrypt
 .text.net_packet_header_set
                0x0002d2ac       0xaa examples/enocean_switch/CMakeFiles/enocean_switch_nrf52832_xxAA_s132_6.1.0.dir/__/__/mesh/core/src/net_packet.c.obj
                0x0002d2ac                net_packet_header_set
 .text.net_packet_payload_len_get
                0x0002d356       0x10 examples/enocean_switch/CMakeFiles/enocean_switch_nrf52832_xxAA_s132_6.1.0.dir/__/__/mesh/core/src/net_packet.c.obj
                0x0002d356                net_packet_payload_len_get
 .text.net_packet_from_payload
                0x0002d366        0x4 examples/enocean_switch/CMakeFiles/enocean_switch_nrf52832_xxAA_s132_6.1.0.dir/__/__/mesh/core/src/net_packet.c.obj
                0x0002d366                net_packet_from_payload
 .text.net_packet_payload_get
                0x0002d36a        0x4 examples/enocean_switch/CMakeFiles/enocean_switch_nrf52832_xxAA_s132_6.1.0.dir/__/__/mesh/core/src/net_packet.c.obj
                0x0002d36a                net_packet_payload_get
 .text.net_packet_obfuscation_start_get
                0x0002d36e        0x4 examples/enocean_switch/CMakeFiles/enocean_switch_nrf52832_xxAA_s132_6.1.0.dir/__/__/mesh/core/src/net_packet.c.obj
                0x0002d36e                net_packet_obfuscation_start_get
 .text.stage_get_available
                0x0002d372       0x24 examples/enocean_switch/CMakeFiles/enocean_switch_nrf52832_xxAA_s132_6.1.0.dir/__/__/mesh/core/src/msqueue.c.obj
 .text.msq_get  0x0002d396       0x38 examples/enocean_switch/CMakeFiles/enocean_switch_nrf52832_xxAA_s132_6.1.0.dir/__/__/mesh/core/src/msqueue.c.obj
                0x0002d396                msq_get
 .text.msq_move
                0x0002d3ce       0x2e examples/enocean_switch/CMakeFiles/enocean_switch_nrf52832_xxAA_s132_6.1.0.dir/__/__/mesh/core/src/msqueue.c.obj
                0x0002d3ce                msq_move
 .text.msq_reset
                0x0002d3fc       0x20 examples/enocean_switch/CMakeFiles/enocean_switch_nrf52832_xxAA_s132_6.1.0.dir/__/__/mesh/core/src/msqueue.c.obj
                0x0002d3fc                msq_reset
 .text.msq_init
                0x0002d41c       0x4a examples/enocean_switch/CMakeFiles/enocean_switch_nrf52832_xxAA_s132_6.1.0.dir/__/__/mesh/core/src/msqueue.c.obj
                0x0002d41c                msq_init
 .text.msq_available
                0x0002d466       0x26 examples/enocean_switch/CMakeFiles/enocean_switch_nrf52832_xxAA_s132_6.1.0.dir/__/__/mesh/core/src/msqueue.c.obj
                0x0002d466                msq_available
 .text.nrf_mesh_keygen_aid
                0x0002d48c       0x12 examples/enocean_switch/CMakeFiles/enocean_switch_nrf52832_xxAA_s132_6.1.0.dir/__/__/mesh/core/src/nrf_mesh_keygen.c.obj
                0x0002d48c                nrf_mesh_keygen_aid
 .text.nrf_mesh_keygen_network_secmat
                0x0002d49e       0x20 examples/enocean_switch/CMakeFiles/enocean_switch_nrf52832_xxAA_s132_6.1.0.dir/__/__/mesh/core/src/nrf_mesh_keygen.c.obj
                0x0002d49e                nrf_mesh_keygen_network_secmat
 *fill*         0x0002d4be        0x2 
 .text.nrf_mesh_keygen_beacon_secmat
                0x0002d4c0       0x50 examples/enocean_switch/CMakeFiles/enocean_switch_nrf52832_xxAA_s132_6.1.0.dir/__/__/mesh/core/src/nrf_mesh_keygen.c.obj
                0x0002d4c0                nrf_mesh_keygen_beacon_secmat
 .text.nrf_mesh_keygen_identitykey
                0x0002d510       0x4c examples/enocean_switch/CMakeFiles/enocean_switch_nrf52832_xxAA_s132_6.1.0.dir/__/__/mesh/core/src/nrf_mesh_keygen.c.obj
                0x0002d510                nrf_mesh_keygen_identitykey
 .text.nrf_mesh_keygen_virtual_address
                0x0002d55c       0x50 examples/enocean_switch/CMakeFiles/enocean_switch_nrf52832_xxAA_s132_6.1.0.dir/__/__/mesh/core/src/nrf_mesh_keygen.c.obj
                0x0002d55c                nrf_mesh_keygen_virtual_address
 .text.erase_at
                0x0002d5ac       0x1c examples/enocean_switch/CMakeFiles/enocean_switch_nrf52832_xxAA_s132_6.1.0.dir/__/__/mesh/core/src/cache.c.obj
 .text.cache_init
                0x0002d5c8       0x1e examples/enocean_switch/CMakeFiles/enocean_switch_nrf52832_xxAA_s132_6.1.0.dir/__/__/mesh/core/src/cache.c.obj
                0x0002d5c8                cache_init
 .text.cache_has_elem
                0x0002d5e6       0x3e examples/enocean_switch/CMakeFiles/enocean_switch_nrf52832_xxAA_s132_6.1.0.dir/__/__/mesh/core/src/cache.c.obj
                0x0002d5e6                cache_has_elem
 .text.cache_put
                0x0002d624       0x2a examples/enocean_switch/CMakeFiles/enocean_switch_nrf52832_xxAA_s132_6.1.0.dir/__/__/mesh/core/src/cache.c.obj
                0x0002d624                cache_put
 .text.list_insert
                0x0002d64e       0x1c examples/enocean_switch/CMakeFiles/enocean_switch_nrf52832_xxAA_s132_6.1.0.dir/__/__/mesh/core/src/list.c.obj
 .text.list_add
                0x0002d66a       0x42 examples/enocean_switch/CMakeFiles/enocean_switch_nrf52832_xxAA_s132_6.1.0.dir/__/__/mesh/core/src/list.c.obj
                0x0002d66a                list_add
 .text.list_remove
                0x0002d6ac       0x3a examples/enocean_switch/CMakeFiles/enocean_switch_nrf52832_xxAA_s132_6.1.0.dir/__/__/mesh/core/src/list.c.obj
                0x0002d6ac                list_remove
 .text.list_compare_add
                0x0002d6e6       0x56 examples/enocean_switch/CMakeFiles/enocean_switch_nrf52832_xxAA_s132_6.1.0.dir/__/__/mesh/core/src/list.c.obj
                0x0002d6e6                list_compare_add
 .text.log_callback_rtt
                0x0002d73c       0x2c examples/enocean_switch/CMakeFiles/enocean_switch_nrf52832_xxAA_s132_6.1.0.dir/__/__/mesh/core/src/log.c.obj
                0x0002d73c                log_callback_rtt
 .text.log_init
                0x0002d768       0x1c examples/enocean_switch/CMakeFiles/enocean_switch_nrf52832_xxAA_s132_6.1.0.dir/__/__/mesh/core/src/log.c.obj
                0x0002d768                log_init
 .text.log_vprintf
                0x0002d784       0x18 examples/enocean_switch/CMakeFiles/enocean_switch_nrf52832_xxAA_s132_6.1.0.dir/__/__/mesh/core/src/log.c.obj
                0x0002d784                log_vprintf
 .text.log_printf
                0x0002d79c       0x18 examples/enocean_switch/CMakeFiles/enocean_switch_nrf52832_xxAA_s132_6.1.0.dir/__/__/mesh/core/src/log.c.obj
                0x0002d79c                log_printf
 .text.get_area_end
                0x0002d7b4        0xc examples/enocean_switch/CMakeFiles/enocean_switch_nrf52832_xxAA_s132_6.1.0.dir/__/__/mesh/core/src/flash_manager.c.obj
 .text.handle_matches_filter
                0x0002d7c0       0x26 examples/enocean_switch/CMakeFiles/enocean_switch_nrf52832_xxAA_s132_6.1.0.dir/__/__/mesh/core/src/flash_manager.c.obj
 .text.flash_area_is_blank
                0x0002d7e6       0x34 examples/enocean_switch/CMakeFiles/enocean_switch_nrf52832_xxAA_s132_6.1.0.dir/__/__/mesh/core/src/flash_manager.c.obj
 *fill*         0x0002d81a        0x2 
 .text.get_packet_buffer
                0x0002d81c       0x20 examples/enocean_switch/CMakeFiles/enocean_switch_nrf52832_xxAA_s132_6.1.0.dir/__/__/mesh/core/src/flash_manager.c.obj
 .text.flash    0x0002d83c       0x1c examples/enocean_switch/CMakeFiles/enocean_switch_nrf52832_xxAA_s132_6.1.0.dir/__/__/mesh/core/src/flash_manager.c.obj
 .text.free_packet_buffer
                0x0002d858       0x3c examples/enocean_switch/CMakeFiles/enocean_switch_nrf52832_xxAA_s132_6.1.0.dir/__/__/mesh/core/src/flash_manager.c.obj
 .text.iterate_callback_entry_copy
                0x0002d894       0x38 examples/enocean_switch/CMakeFiles/enocean_switch_nrf52832_xxAA_s132_6.1.0.dir/__/__/mesh/core/src/flash_manager.c.obj
 .text.reserve_action_buffer
                0x0002d8cc       0x24 examples/enocean_switch/CMakeFiles/enocean_switch_nrf52832_xxAA_s132_6.1.0.dir/__/__/mesh/core/src/flash_manager.c.obj
 .text.commit_action_buffer
                0x0002d8f0       0x18 examples/enocean_switch/CMakeFiles/enocean_switch_nrf52832_xxAA_s132_6.1.0.dir/__/__/mesh/core/src/flash_manager.c.obj
 .text.schedule_processing
                0x0002d908        0xc examples/enocean_switch/CMakeFiles/enocean_switch_nrf52832_xxAA_s132_6.1.0.dir/__/__/mesh/core/src/flash_manager.c.obj
 .text.get_next_entry
                0x0002d914       0x34 examples/enocean_switch/CMakeFiles/enocean_switch_nrf52832_xxAA_s132_6.1.0.dir/__/__/mesh/core/src/flash_manager.c.obj
 .text.get_last_entry.isra.1
                0x0002d948       0x30 examples/enocean_switch/CMakeFiles/enocean_switch_nrf52832_xxAA_s132_6.1.0.dir/__/__/mesh/core/src/flash_manager.c.obj
 .text.process_action_queue
                0x0002d978      0x3d4 examples/enocean_switch/CMakeFiles/enocean_switch_nrf52832_xxAA_s132_6.1.0.dir/__/__/mesh/core/src/flash_manager.c.obj
 .text.flash_op_ended_callback
                0x0002dd4c       0x24 examples/enocean_switch/CMakeFiles/enocean_switch_nrf52832_xxAA_s132_6.1.0.dir/__/__/mesh/core/src/flash_manager.c.obj
 .text.flash_manager_init
                0x0002dd70       0x68 examples/enocean_switch/CMakeFiles/enocean_switch_nrf52832_xxAA_s132_6.1.0.dir/__/__/mesh/core/src/flash_manager.c.obj
                0x0002dd70                flash_manager_init
 .text.flash_manager_remove
                0x0002ddd8       0x24 examples/enocean_switch/CMakeFiles/enocean_switch_nrf52832_xxAA_s132_6.1.0.dir/__/__/mesh/core/src/flash_manager.c.obj
                0x0002ddd8                flash_manager_remove
 .text.flash_manager_entries_read
                0x0002ddfc       0xec examples/enocean_switch/CMakeFiles/enocean_switch_nrf52832_xxAA_s132_6.1.0.dir/__/__/mesh/core/src/flash_manager.c.obj
                0x0002ddfc                flash_manager_entries_read
 .text.flash_manager_entry_read
                0x0002dee8       0x50 examples/enocean_switch/CMakeFiles/enocean_switch_nrf52832_xxAA_s132_6.1.0.dir/__/__/mesh/core/src/flash_manager.c.obj
                0x0002dee8                flash_manager_entry_read
 .text.flash_manager_entry_count_get
                0x0002df38       0x1e examples/enocean_switch/CMakeFiles/enocean_switch_nrf52832_xxAA_s132_6.1.0.dir/__/__/mesh/core/src/flash_manager.c.obj
                0x0002df38                flash_manager_entry_count_get
 .text.flash_manager_entry_alloc
                0x0002df56       0x5c examples/enocean_switch/CMakeFiles/enocean_switch_nrf52832_xxAA_s132_6.1.0.dir/__/__/mesh/core/src/flash_manager.c.obj
                0x0002df56                flash_manager_entry_alloc
 *fill*         0x0002dfb2        0x2 
 .text.flash_manager_entry_commit
                0x0002dfb4       0x2c examples/enocean_switch/CMakeFiles/enocean_switch_nrf52832_xxAA_s132_6.1.0.dir/__/__/mesh/core/src/flash_manager.c.obj
                0x0002dfb4                flash_manager_entry_commit
 .text.flash_manager_entry_invalidate
                0x0002dfe0       0x4e examples/enocean_switch/CMakeFiles/enocean_switch_nrf52832_xxAA_s132_6.1.0.dir/__/__/mesh/core/src/flash_manager.c.obj
                0x0002dfe0                flash_manager_entry_invalidate
 .text.flash_manager_add
                0x0002e02e      0x228 examples/enocean_switch/CMakeFiles/enocean_switch_nrf52832_xxAA_s132_6.1.0.dir/__/__/mesh/core/src/flash_manager.c.obj
                0x0002e02e                flash_manager_add
 *fill*         0x0002e256        0x2 
 .text.flash_manager_mem_listener_register
                0x0002e258       0x30 examples/enocean_switch/CMakeFiles/enocean_switch_nrf52832_xxAA_s132_6.1.0.dir/__/__/mesh/core/src/flash_manager.c.obj
                0x0002e258                flash_manager_mem_listener_register
 .text.flash_manager_is_stable
                0x0002e288       0x20 examples/enocean_switch/CMakeFiles/enocean_switch_nrf52832_xxAA_s132_6.1.0.dir/__/__/mesh/core/src/flash_manager.c.obj
                0x0002e288                flash_manager_is_stable
 .text.flash_manager_on_defrag_end
                0x0002e2a8       0x4c examples/enocean_switch/CMakeFiles/enocean_switch_nrf52832_xxAA_s132_6.1.0.dir/__/__/mesh/core/src/flash_manager.c.obj
                0x0002e2a8                flash_manager_on_defrag_end
 .text.flash_manager_recovery_page_get
                0x0002e2f4        0x4 examples/enocean_switch/CMakeFiles/enocean_switch_nrf52832_xxAA_s132_6.1.0.dir/__/__/mesh/core/src/flash_manager.c.obj
                0x0002e2f4                flash_manager_recovery_page_get
 .text.flash_manager_action_queue_empty_cb_set
                0x0002e2f8       0x1c examples/enocean_switch/CMakeFiles/enocean_switch_nrf52832_xxAA_s132_6.1.0.dir/__/__/mesh/core/src/flash_manager.c.obj
                0x0002e2f8                flash_manager_action_queue_empty_cb_set
 .text.utils_xor
                0x0002e314       0x14 examples/enocean_switch/CMakeFiles/enocean_switch_nrf52832_xxAA_s132_6.1.0.dir/__/__/mesh/core/src/ccm_soft.c.obj
 .text.sd_ecb_block_encrypt
                0x0002e328        0x4 examples/enocean_switch/CMakeFiles/enocean_switch_nrf52832_xxAA_s132_6.1.0.dir/__/__/mesh/core/src/ccm_soft.c.obj
 .text.ccm_soft_crypt
                0x0002e32c       0x4c examples/enocean_switch/CMakeFiles/enocean_switch_nrf52832_xxAA_s132_6.1.0.dir/__/__/mesh/core/src/ccm_soft.c.obj
 .text.ccm_soft_authenticate_blocks
                0x0002e378       0x6c examples/enocean_switch/CMakeFiles/enocean_switch_nrf52832_xxAA_s132_6.1.0.dir/__/__/mesh/core/src/ccm_soft.c.obj
 .text.ccm_soft_authenticate
                0x0002e3e4       0x94 examples/enocean_switch/CMakeFiles/enocean_switch_nrf52832_xxAA_s132_6.1.0.dir/__/__/mesh/core/src/ccm_soft.c.obj
 .text.ccm_soft_encrypt
                0x0002e478       0x54 examples/enocean_switch/CMakeFiles/enocean_switch_nrf52832_xxAA_s132_6.1.0.dir/__/__/mesh/core/src/ccm_soft.c.obj
                0x0002e478                ccm_soft_encrypt
 .text.ccm_soft_decrypt
                0x0002e4cc       0x9c examples/enocean_switch/CMakeFiles/enocean_switch_nrf52832_xxAA_s132_6.1.0.dir/__/__/mesh/core/src/ccm_soft.c.obj
                0x0002e4cc                ccm_soft_decrypt
 .text.replay_cache_add
                0x0002e568       0x58 examples/enocean_switch/CMakeFiles/enocean_switch_nrf52832_xxAA_s132_6.1.0.dir/__/__/mesh/core/src/replay_cache.c.obj
                0x0002e568                replay_cache_add
 .text.replay_cache_has_elem
                0x0002e5c0       0x40 examples/enocean_switch/CMakeFiles/enocean_switch_nrf52832_xxAA_s132_6.1.0.dir/__/__/mesh/core/src/replay_cache.c.obj
                0x0002e5c0                replay_cache_has_elem
 .text.replay_cache_clear
                0x0002e600       0x20 examples/enocean_switch/CMakeFiles/enocean_switch_nrf52832_xxAA_s132_6.1.0.dir/__/__/mesh/core/src/replay_cache.c.obj
                0x0002e600                replay_cache_clear
 .text.replay_cache_init
                0x0002e620        0x4 examples/enocean_switch/CMakeFiles/enocean_switch_nrf52832_xxAA_s132_6.1.0.dir/__/__/mesh/core/src/replay_cache.c.obj
                0x0002e620                replay_cache_init
 .text.beacon_create
                0x0002e624       0x46 examples/enocean_switch/CMakeFiles/enocean_switch_nrf52832_xxAA_s132_6.1.0.dir/__/__/mesh/core/src/beacon.c.obj
                0x0002e624                beacon_create
 *fill*         0x0002e66a        0x2 
 .text.beacon_packet_in
                0x0002e66c      0x130 examples/enocean_switch/CMakeFiles/enocean_switch_nrf52832_xxAA_s132_6.1.0.dir/__/__/mesh/core/src/beacon.c.obj
                0x0002e66c                beacon_packet_in
 .text.entry_get
                0x0002e79c       0x78 examples/enocean_switch/CMakeFiles/enocean_switch_nrf52832_xxAA_s132_6.1.0.dir/__/__/mesh/core/src/flash_manager_internal.c.obj
                0x0002e79c                entry_get
 .text.core_tx_complete_cb_set
                0x0002e814        0xc examples/enocean_switch/CMakeFiles/enocean_switch_nrf52832_xxAA_s132_6.1.0.dir/__/__/mesh/core/src/core_tx.c.obj
                0x0002e814                core_tx_complete_cb_set
 .text.core_tx_packet_alloc
                0x0002e820       0xa4 examples/enocean_switch/CMakeFiles/enocean_switch_nrf52832_xxAA_s132_6.1.0.dir/__/__/mesh/core/src/core_tx.c.obj
                0x0002e820                core_tx_packet_alloc
 .text.core_tx_packet_send
                0x0002e8c4       0x4c examples/enocean_switch/CMakeFiles/enocean_switch_nrf52832_xxAA_s132_6.1.0.dir/__/__/mesh/core/src/core_tx.c.obj
                0x0002e8c4                core_tx_packet_send
 .text.core_tx_packet_discard
                0x0002e910       0x40 examples/enocean_switch/CMakeFiles/enocean_switch_nrf52832_xxAA_s132_6.1.0.dir/__/__/mesh/core/src/core_tx.c.obj
                0x0002e910                core_tx_packet_discard
 .text.core_tx_complete
                0x0002e950       0x34 examples/enocean_switch/CMakeFiles/enocean_switch_nrf52832_xxAA_s132_6.1.0.dir/__/__/mesh/core/src/core_tx.c.obj
                0x0002e950                core_tx_complete
 .text.core_tx_bearer_add
                0x0002e984       0x70 examples/enocean_switch/CMakeFiles/enocean_switch_nrf52832_xxAA_s132_6.1.0.dir/__/__/mesh/core/src/core_tx.c.obj
                0x0002e984                core_tx_bearer_add
 .text.is_publication_running
                0x0002e9f4       0x14 examples/enocean_switch/CMakeFiles/enocean_switch_nrf52832_xxAA_s132_6.1.0.dir/__/__/mesh/core/src/heartbeat.c.obj
 .text.heartbeat_publication_count_decrement
                0x0002ea08       0x1c examples/enocean_switch/CMakeFiles/enocean_switch_nrf52832_xxAA_s132_6.1.0.dir/__/__/mesh/core/src/heartbeat.c.obj
 .text.hb_pub_getter
                0x0002ea24       0x2c examples/enocean_switch/CMakeFiles/enocean_switch_nrf52832_xxAA_s132_6.1.0.dir/__/__/mesh/core/src/heartbeat.c.obj
 .text.hb_pub_setter
                0x0002ea50       0x30 examples/enocean_switch/CMakeFiles/enocean_switch_nrf52832_xxAA_s132_6.1.0.dir/__/__/mesh/core/src/heartbeat.c.obj
 .text.heartbeat_subscription_timer_cb
                0x0002ea80       0x1c examples/enocean_switch/CMakeFiles/enocean_switch_nrf52832_xxAA_s132_6.1.0.dir/__/__/mesh/core/src/heartbeat.c.obj
 .text.heartbeat_on_feature_change_trigger
                0x0002ea9c       0x28 examples/enocean_switch/CMakeFiles/enocean_switch_nrf52832_xxAA_s132_6.1.0.dir/__/__/mesh/core/src/heartbeat.c.obj
 .text.heartbeat_relay_listener_cb
                0x0002eac4       0x3c examples/enocean_switch/CMakeFiles/enocean_switch_nrf52832_xxAA_s132_6.1.0.dir/__/__/mesh/core/src/heartbeat.c.obj
 .text.heartbeat_proxy_listener_cb
                0x0002eb00       0x2c examples/enocean_switch/CMakeFiles/enocean_switch_nrf52832_xxAA_s132_6.1.0.dir/__/__/mesh/core/src/heartbeat.c.obj
 .text.heartbeat_opcode_handle
                0x0002eb2c       0x88 examples/enocean_switch/CMakeFiles/enocean_switch_nrf52832_xxAA_s132_6.1.0.dir/__/__/mesh/core/src/heartbeat.c.obj
 .text.heartbeat_send
                0x0002ebb4       0x98 examples/enocean_switch/CMakeFiles/enocean_switch_nrf52832_xxAA_s132_6.1.0.dir/__/__/mesh/core/src/heartbeat.c.obj
 .text.heartbeat_core_evt_cb
                0x0002ec4c       0x6c examples/enocean_switch/CMakeFiles/enocean_switch_nrf52832_xxAA_s132_6.1.0.dir/__/__/mesh/core/src/heartbeat.c.obj
 .text.heartbeat_publication_timer_cb